Archive member included to satisfy reference by file (symbol)

c:/st/stm32cubeide_1.5.1/stm32cubeide/plugins/com.st.stm32cube.ide.mcu.externaltools.gnu-tools-for-stm32.7-2018-q2-update.win32_1.5.0.202011040924/tools/bin/../lib/gcc/arm-none-eabi/7.3.1/../../../../arm-none-eabi/lib/thumb/v7e-m/fpv4-sp/hard\libm.a(lib_a-s_round.o)
                              Core/Src/Tools/PID_Control.o (round)
c:/st/stm32cubeide_1.5.1/stm32cubeide/plugins/com.st.stm32cube.ide.mcu.externaltools.gnu-tools-for-stm32.7-2018-q2-update.win32_1.5.0.202011040924/tools/bin/../lib/gcc/arm-none-eabi/7.3.1/../../../../arm-none-eabi/lib/thumb/v7e-m/fpv4-sp/hard\libc_nano.a(lib_a-errno.o)
                              Core/Src/Add/syscalls.o (__errno)
c:/st/stm32cubeide_1.5.1/stm32cubeide/plugins/com.st.stm32cube.ide.mcu.externaltools.gnu-tools-for-stm32.7-2018-q2-update.win32_1.5.0.202011040924/tools/bin/../lib/gcc/arm-none-eabi/7.3.1/../../../../arm-none-eabi/lib/thumb/v7e-m/fpv4-sp/hard\libc_nano.a(lib_a-exit.o)
                              c:/st/stm32cubeide_1.5.1/stm32cubeide/plugins/com.st.stm32cube.ide.mcu.externaltools.gnu-tools-for-stm32.7-2018-q2-update.win32_1.5.0.202011040924/tools/bin/../lib/gcc/arm-none-eabi/7.3.1/../../../../arm-none-eabi/lib/thumb/v7e-m/fpv4-sp/hard/crt0.o (exit)
c:/st/stm32cubeide_1.5.1/stm32cubeide/plugins/com.st.stm32cube.ide.mcu.externaltools.gnu-tools-for-stm32.7-2018-q2-update.win32_1.5.0.202011040924/tools/bin/../lib/gcc/arm-none-eabi/7.3.1/../../../../arm-none-eabi/lib/thumb/v7e-m/fpv4-sp/hard\libc_nano.a(lib_a-impure.o)
                              c:/st/stm32cubeide_1.5.1/stm32cubeide/plugins/com.st.stm32cube.ide.mcu.externaltools.gnu-tools-for-stm32.7-2018-q2-update.win32_1.5.0.202011040924/tools/bin/../lib/gcc/arm-none-eabi/7.3.1/../../../../arm-none-eabi/lib/thumb/v7e-m/fpv4-sp/hard\libc_nano.a(lib_a-exit.o) (_global_impure_ptr)
c:/st/stm32cubeide_1.5.1/stm32cubeide/plugins/com.st.stm32cube.ide.mcu.externaltools.gnu-tools-for-stm32.7-2018-q2-update.win32_1.5.0.202011040924/tools/bin/../lib/gcc/arm-none-eabi/7.3.1/../../../../arm-none-eabi/lib/thumb/v7e-m/fpv4-sp/hard\libc_nano.a(lib_a-init.o)
                              c:/st/stm32cubeide_1.5.1/stm32cubeide/plugins/com.st.stm32cube.ide.mcu.externaltools.gnu-tools-for-stm32.7-2018-q2-update.win32_1.5.0.202011040924/tools/bin/../lib/gcc/arm-none-eabi/7.3.1/../../../../arm-none-eabi/lib/thumb/v7e-m/fpv4-sp/hard/crt0.o (__libc_init_array)
c:/st/stm32cubeide_1.5.1/stm32cubeide/plugins/com.st.stm32cube.ide.mcu.externaltools.gnu-tools-for-stm32.7-2018-q2-update.win32_1.5.0.202011040924/tools/bin/../lib/gcc/arm-none-eabi/7.3.1/../../../../arm-none-eabi/lib/thumb/v7e-m/fpv4-sp/hard\libc_nano.a(lib_a-memcpy-stub.o)
                              Core/Src/Hw/Flash.o (memcpy)
c:/st/stm32cubeide_1.5.1/stm32cubeide/plugins/com.st.stm32cube.ide.mcu.externaltools.gnu-tools-for-stm32.7-2018-q2-update.win32_1.5.0.202011040924/tools/bin/../lib/gcc/arm-none-eabi/7.3.1/../../../../arm-none-eabi/lib/thumb/v7e-m/fpv4-sp/hard\libc_nano.a(lib_a-memset.o)
                              c:/st/stm32cubeide_1.5.1/stm32cubeide/plugins/com.st.stm32cube.ide.mcu.externaltools.gnu-tools-for-stm32.7-2018-q2-update.win32_1.5.0.202011040924/tools/bin/../lib/gcc/arm-none-eabi/7.3.1/../../../../arm-none-eabi/lib/thumb/v7e-m/fpv4-sp/hard/crt0.o (memset)
c:/st/stm32cubeide_1.5.1/stm32cubeide/plugins/com.st.stm32cube.ide.mcu.externaltools.gnu-tools-for-stm32.7-2018-q2-update.win32_1.5.0.202011040924/tools/bin/../lib/gcc/arm-none-eabi/7.3.1/../../../../arm-none-eabi/lib/thumb/v7e-m/fpv4-sp/hard\libc_nano.a(lib_a-nano-vfprintf_float.o)
                              (_printf_float)
c:/st/stm32cubeide_1.5.1/stm32cubeide/plugins/com.st.stm32cube.ide.mcu.externaltools.gnu-tools-for-stm32.7-2018-q2-update.win32_1.5.0.202011040924/tools/bin/../lib/gcc/arm-none-eabi/7.3.1/../../../../arm-none-eabi/lib/thumb/v7e-m/fpv4-sp/hard\libc_nano.a(lib_a-nano-vfprintf_i.o)
                              c:/st/stm32cubeide_1.5.1/stm32cubeide/plugins/com.st.stm32cube.ide.mcu.externaltools.gnu-tools-for-stm32.7-2018-q2-update.win32_1.5.0.202011040924/tools/bin/../lib/gcc/arm-none-eabi/7.3.1/../../../../arm-none-eabi/lib/thumb/v7e-m/fpv4-sp/hard\libc_nano.a(lib_a-nano-vfprintf_float.o) (_printf_common)
c:/st/stm32cubeide_1.5.1/stm32cubeide/plugins/com.st.stm32cube.ide.mcu.externaltools.gnu-tools-for-stm32.7-2018-q2-update.win32_1.5.0.202011040924/tools/bin/../lib/gcc/arm-none-eabi/7.3.1/../../../../arm-none-eabi/lib/thumb/v7e-m/fpv4-sp/hard\libc_nano.a(lib_a-nano-vfscanf_float.o)
                              (_scanf_float)
c:/st/stm32cubeide_1.5.1/stm32cubeide/plugins/com.st.stm32cube.ide.mcu.externaltools.gnu-tools-for-stm32.7-2018-q2-update.win32_1.5.0.202011040924/tools/bin/../lib/gcc/arm-none-eabi/7.3.1/../../../../arm-none-eabi/lib/thumb/v7e-m/fpv4-sp/hard\libc_nano.a(lib_a-printf.o)
                              Core/Src/Map.o (printf)
[...]
Memory Configuration

Name             Origin             Length             Attributes
CCMRAM           0x0000000010000000 0x0000000000010000 xrw
RAM              0x0000000020000000 0x0000000000020000 xrw
FLASH_SECTOR0    0x0000000008000000 0x0000000000004000 xr
MAP_MEMORY       0x0000000008004000 0x0000000000004000 xr
FLASH            0x0000000008008000 0x0000000000038000 xr
RUN_LOG          0x0000000008040000 0x00000000000c0000 xr
*default*        0x0000000000000000 0xffffffffffffffff

Linker script and memory map

LOAD c:/st/stm32cubeide_1.5.1/stm32cubeide/plugins/com.st.stm32cube.ide.mcu.externaltools.gnu-tools-for-stm32.7-2018-q2-update.win32_1.5.0.202011040924/tools/bin/../lib/gcc/arm-none-eabi/7.3.1/thumb/v7e-m/fpv4-sp/hard/crti.o
LOAD c:/st/stm32cubeide_1.5.1/stm32cubeide/plugins/com.st.stm32cube.ide.mcu.externaltools.gnu-tools-for-stm32.7-2018-q2-update.win32_1.5.0.202011040924/tools/bin/../lib/gcc/arm-none-eabi/7.3.1/thumb/v7e-m/fpv4-sp/hard/crtbegin.o
LOAD c:/st/stm32cubeide_1.5.1/stm32cubeide/plugins/com.st.stm32cube.ide.mcu.externaltools.gnu-tools-for-stm32.7-2018-q2-update.win32_1.5.0.202011040924/tools/bin/../lib/gcc/arm-none-eabi/7.3.1/../../../../arm-none-eabi/lib/thumb/v7e-m/fpv4-sp/hard/crt0.o
LOAD Core/Src/Action.o
LOAD Core/Src/CommandQueue.o
LOAD Core/Src/Interrupt.o
LOAD Core/Src/Map.o
LOAD Core/Src/MicroMouse.o
LOAD Core/Src/Mode.o
LOAD Core/Src/Search.o
LOAD Core/Src/WallDetect.o
LOAD Core/Src/main.o
LOAD Core/Src/stm32f4xx_hal_msp.o
LOAD Core/Src/stm32f4xx_it.o
LOAD Core/Src/system_stm32f4xx.o
LOAD Core/Src/Add/syscalls.o
LOAD Core/Src/Add/sysmem.o
LOAD Core/Src/CPP/Motor.o
LOAD Core/Src/CPP/wrapper.o
LOAD Core/Src/Hw/ADC.o
LOAD Core/Src/Hw/Flash.o
LOAD Core/Src/Hw/ICM_20648.o
LOAD Core/Src/Hw/IEH2_4096.o
LOAD Core/Src/Hw/IR_Emitter.o
LOAD Core/Src/Hw/LED_Driver.o
LOAD Core/Src/Hw/Motor_Driver.o
LOAD Core/Src/Tools/Convert.o
LOAD Core/Src/Tools/Debug.o
LOAD Core/Src/Tools/PID_Control.o
LOAD Core/Src/Tools/UI.o
LOAD Core/Startup/startup_stm32f405rgtx.o
LOAD Drivers/STM32F4xx_HAL_Driver/Src/stm32f4xx_hal.o
LOAD Drivers/STM32F4xx_HAL_Driver/Src/stm32f4xx_hal_adc.o
LOAD Drivers/STM32F4xx_HAL_Driver/Src/stm32f4xx_hal_adc_ex.o
LOAD Drivers/STM32F4xx_HAL_Driver/Src/stm32f4xx_hal_cortex.o
LOAD Drivers/STM32F4xx_HAL_Driver/Src/stm32f4xx_hal_dma.o
LOAD Drivers/STM32F4xx_HAL_Driver/Src/stm32f4xx_hal_dma_ex.o
LOAD Drivers/STM32F4xx_HAL_Driver/Src/stm32f4xx_hal_exti.o
LOAD Drivers/STM32F4xx_HAL_Driver/Src/stm32f4xx_hal_flash.o
LOAD Drivers/STM32F4xx_HAL_Driver/Src/stm32f4xx_hal_flash_ex.o
LOAD Drivers/STM32F4xx_HAL_Driver/Src/stm32f4xx_hal_flash_ramfunc.o
LOAD Drivers/STM32F4xx_HAL_Driver/Src/stm32f4xx_hal_gpio.o
LOAD Drivers/STM32F4xx_HAL_Driver/Src/stm32f4xx_hal_pwr.o
LOAD Drivers/STM32F4xx_HAL_Driver/Src/stm32f4xx_hal_pwr_ex.o
LOAD Drivers/STM32F4xx_HAL_Driver/Src/stm32f4xx_hal_rcc.o
LOAD Drivers/STM32F4xx_HAL_Driver/Src/stm32f4xx_hal_rcc_ex.o
LOAD Drivers/STM32F4xx_HAL_Driver/Src/stm32f4xx_hal_spi.o
LOAD Drivers/STM32F4xx_HAL_Driver/Src/stm32f4xx_hal_tim.o
LOAD Drivers/STM32F4xx_HAL_Driver/Src/stm32f4xx_hal_tim_ex.o
LOAD Drivers/STM32F4xx_HAL_Driver/Src/stm32f4xx_hal_uart.o
START GROUP
LOAD c:/st/stm32cubeide_1.5.1/stm32cubeide/plugins/com.st.stm32cube.ide.mcu.externaltools.gnu-tools-for-stm32.7-2018-q2-update.win32_1.5.0.202011040924/tools/bin/../lib/gcc/arm-none-eabi/7.3.1/../../../../arm-none-eabi/lib/thumb/v7e-m/fpv4-sp/hard\libstdc++_nano.a
LOAD c:/st/stm32cubeide_1.5.1/stm32cubeide/plugins/com.st.stm32cube.ide.mcu.externaltools.gnu-tools-for-stm32.7-2018-q2-update.win32_1.5.0.202011040924/tools/bin/../lib/gcc/arm-none-eabi/7.3.1/../../../../arm-none-eabi/lib/thumb/v7e-m/fpv4-sp/hard\libsupc++_nano.a
END GROUP
LOAD c:/st/stm32cubeide_1.5.1/stm32cubeide/plugins/com.st.stm32cube.ide.mcu.externaltools.gnu-tools-for-stm32.7-2018-q2-update.win32_1.5.0.202011040924/tools/bin/../lib/gcc/arm-none-eabi/7.3.1/../../../../arm-none-eabi/lib/thumb/v7e-m/fpv4-sp/hard\libstdc++_nano.a
LOAD c:/st/stm32cubeide_1.5.1/stm32cubeide/plugins/com.st.stm32cube.ide.mcu.externaltools.gnu-tools-for-stm32.7-2018-q2-update.win32_1.5.0.202011040924/tools/bin/../lib/gcc/arm-none-eabi/7.3.1/../../../../arm-none-eabi/lib/thumb/v7e-m/fpv4-sp/hard\libm.a
LOAD c:/st/stm32cubeide_1.5.1/stm32cubeide/plugins/com.st.stm32cube.ide.mcu.externaltools.gnu-tools-for-stm32.7-2018-q2-update.win32_1.5.0.202011040924/tools/bin/../lib/gcc/arm-none-eabi/7.3.1/../../../../arm-none-eabi/lib/thumb/v7e-m/fpv4-sp/hard\libc_nano.a
START GROUP
LOAD c:/st/stm32cubeide_1.5.1/stm32cubeide/plugins/com.st.stm32cube.ide.mcu.externaltools.gnu-tools-for-stm32.7-2018-q2-update.win32_1.5.0.202011040924/tools/bin/../lib/gcc/arm-none-eabi/7.3.1/thumb/v7e-m/fpv4-sp/hard\libgcc.a
LOAD c:/st/stm32cubeide_1.5.1/stm32cubeide/plugins/com.st.stm32cube.ide.mcu.externaltools.gnu-tools-for-stm32.7-2018-q2-update.win32_1.5.0.202011040924/tools/bin/../lib/gcc/arm-none-eabi/7.3.1/../../../../arm-none-eabi/lib/thumb/v7e-m/fpv4-sp/hard\libc_nano.a
END GROUP
START GROUP
LOAD c:/st/stm32cubeide_1.5.1/stm32cubeide/plugins/com.st.stm32cube.ide.mcu.externaltools.gnu-tools-for-stm32.7-2018-q2-update.win32_1.5.0.202011040924/tools/bin/../lib/gcc/arm-none-eabi/7.3.1/thumb/v7e-m/fpv4-sp/hard\libgcc.a
LOAD c:/st/stm32cubeide_1.5.1/stm32cubeide/plugins/com.st.stm32cube.ide.mcu.externaltools.gnu-tools-for-stm32.7-2018-q2-update.win32_1.5.0.202011040924/tools/bin/../lib/gcc/arm-none-eabi/7.3.1/../../../../arm-none-eabi/lib/thumb/v7e-m/fpv4-sp/hard\libc_nano.a
LOAD c:/st/stm32cubeide_1.5.1/stm32cubeide/plugins/com.st.stm32cube.ide.mcu.externaltools.gnu-tools-for-stm32.7-2018-q2-update.win32_1.5.0.202011040924/tools/bin/../lib/gcc/arm-none-eabi/7.3.1/../../../../arm-none-eabi/lib/thumb/v7e-m/fpv4-sp/hard\libnosys.a
END GROUP
START GROUP
LOAD c:/st/stm32cubeide_1.5.1/stm32cubeide/plugins/com.st.stm32cube.ide.mcu.externaltools.gnu-tools-for-stm32.7-2018-q2-update.win32_1.5.0.202011040924/tools/bin/../lib/gcc/arm-none-eabi/7.3.1/thumb/v7e-m/fpv4-sp/hard\libgcc.a
LOAD c:/st/stm32cubeide_1.5.1/stm32cubeide/plugins/com.st.stm32cube.ide.mcu.externaltools.gnu-tools-for-stm32.7-2018-q2-update.win32_1.5.0.202011040924/tools/bin/../lib/gcc/arm-none-eabi/7.3.1/../../../../arm-none-eabi/lib/thumb/v7e-m/fpv4-sp/hard\libc_nano.a
LOAD c:/st/stm32cubeide_1.5.1/stm32cubeide/plugins/com.st.stm32cube.ide.mcu.externaltools.gnu-tools-for-stm32.7-2018-q2-update.win32_1.5.0.202011040924/tools/bin/../lib/gcc/arm-none-eabi/7.3.1/../../../../arm-none-eabi/lib/thumb/v7e-m/fpv4-sp/hard\libnosys.a
END GROUP
LOAD c:/st/stm32cubeide_1.5.1/stm32cubeide/plugins/com.st.stm32cube.ide.mcu.externaltools.gnu-tools-for-stm32.7-2018-q2-update.win32_1.5.0.202011040924/tools/bin/../lib/gcc/arm-none-eabi/7.3.1/thumb/v7e-m/fpv4-sp/hard/crtend.o
LOAD c:/st/stm32cubeide_1.5.1/stm32cubeide/plugins/com.st.stm32cube.ide.mcu.externaltools.gnu-tools-for-stm32.7-2018-q2-update.win32_1.5.0.202011040924/tools/bin/../lib/gcc/arm-none-eabi/7.3.1/thumb/v7e-m/fpv4-sp/hard/crtn.o
                0x0000000020020000                _estack = (ORIGIN (RAM) + LENGTH (RAM))
                0x0000000000000200                _Min_Heap_Size = 0x200
                0x0000000000000400                _Min_Stack_Size = 0x400

.isr_vector     0x0000000008000000      0x188
                0x0000000008000000                . = ALIGN (0x4)
 *(.isr_vector)
 .isr_vector    0x0000000008000000      0x188 Core/Startup/startup_stm32f405rgtx.o
                0x0000000008000000                g_pfnVectors
                0x0000000008000188                . = ALIGN (0x4)

.backup_flash   0x0000000008004000     0x4000
                0x0000000008004000                _backup_flash_start = .
                0x0000000008008000                . = (. + LENGTH (MAP_MEMORY))
 *fill*         0x0000000008004000     0x4000 

.backup_flash_run
                0x0000000008040000    0xc0000
                0x0000000008040000                _backup_flash_start_run = .
                0x0000000008100000                . = (. + LENGTH (RUN_LOG))
 *fill*         0x0000000008040000    0xc0000 

.text           0x0000000008008000    0x12870
                0x0000000008008000                . = ALIGN (0x4)
 *(.text)
 .text          0x0000000008008000       0x40 c:/st/stm32cubeide_1.5.1/stm32cubeide/plugins/com.st.stm32cube.ide.mcu.externaltools.gnu-tools-for-stm32.7-2018-q2-update.win32_1.5.0.202011040924/tools/bin/../lib/gcc/arm-none-eabi/7.3.1/thumb/v7e-m/fpv4-sp/hard/crtbegin.o
 .text          0x0000000008008040       0x10 c:/st/stm32cubeide_1.5.1/stm32cubeide/plugins/com.st.stm32cube.ide.mcu.externaltools.gnu-tools-for-stm32.7-2018-q2-update.win32_1.5.0.202011040924/tools/bin/../lib/gcc/arm-none-eabi/7.3.1/../../../../arm-none-eabi/lib/thumb/v7e-m/fpv4-sp/hard\libc_nano.a(lib_a-strlen.o)
                0x0000000008008040                strlen
 .text          0x0000000008008050       0xa0 c:/st/stm32cubeide_1.5.1/stm32cubeide/plugins/com.st.stm32cube.ide.mcu.externaltools.gnu-tools-for-stm32.7-2018-q2-update.win32_1.5.0.202011040924/tools/bin/../lib/gcc/arm-none-eabi/7.3.1/../../../../arm-none-eabi/lib/thumb/v7e-m/fpv4-sp/hard\libc_nano.a(lib_a-memchr.o)
                0x0000000008008050                memchr
 .text          0x00000000080080f0      0x378 c:/st/stm32cubeide_1.5.1/stm32cubeide/plugins/com.st.stm32cube.ide.mcu.externaltools.gnu-tools-for-stm32.7-2018-q2-update.win32_1.5.0.202011040924/tools/bin/../lib/gcc/arm-none-eabi/7.3.1/thumb/v7e-m/fpv4-sp/hard\libgcc.a(_arm_addsubdf3.o)
                0x00000000080080f0                __aeabi_drsub
                0x00000000080080f8                __aeabi_dsub
                0x00000000080080f8                __subdf3
                0x00000000080080fc                __aeabi_dadd
                0x00000000080080fc                __adddf3
                0x0000000008008374                __floatunsidf
                0x0000000008008374                __aeabi_ui2d
                0x0000000008008394                __floatsidf
                0x0000000008008394                __aeabi_i2d
                0x00000000080083b8                __aeabi_f2d
                0x00000000080083b8                __extendsfdf2
                0x00000000080083fc                __floatundidf
                0x00000000080083fc                __aeabi_ul2d
                0x000000000800840c                __floatdidf
                0x000000000800840c                __aeabi_l2d
 .text          0x0000000008008468      0x424 c:/st/stm32cubeide_1.5.1/stm32cubeide/plugins/com.st.stm32cube.ide.mcu.externaltools.gnu-tools-for-stm32.7-2018-q2-update.win32_1.5.0.202011040924/tools/bin/../lib/gcc/arm-none-eabi/7.3.1/thumb/v7e-m/fpv4-sp/hard\libgcc.a(_arm_muldivdf3.o)
                0x0000000008008468                __aeabi_dmul
                0x0000000008008468                __muldf3
                0x00000000080086bc                __divdf3
                0x00000000080086bc                __aeabi_ddiv
 .text          0x000000000800888c      0x110 c:/st/stm32cubeide_1.5.1/stm32cubeide/plugins/com.st.stm32cube.ide.mcu.externaltools.gnu-tools-for-stm32.7-2018-q2-update.win32_1.5.0.202011040924/tools/bin/../lib/gcc/arm-none-eabi/7.3.1/thumb/v7e-m/fpv4-sp/hard\libgcc.a(_arm_cmpdf2.o)
                0x000000000800888c                __gtdf2
                0x000000000800888c                __gedf2
                0x0000000008008894                __ltdf2
                0x0000000008008894                __ledf2
                0x000000000800889c                __nedf2
                0x000000000800889c                __eqdf2
                0x000000000800889c                __cmpdf2
                0x0000000008008918                __aeabi_cdrcmple
                0x0000000008008928                __aeabi_cdcmpeq
                0x0000000008008928                __aeabi_cdcmple
                0x0000000008008938                __aeabi_dcmpeq
                0x000000000800894c                __aeabi_dcmplt
                0x0000000008008960                __aeabi_dcmple
                0x0000000008008974                __aeabi_dcmpge
                0x0000000008008988                __aeabi_dcmpgt
 .text          0x000000000800899c       0x2c c:/st/stm32cubeide_1.5.1/stm32cubeide/plugins/com.st.stm32cube.ide.mcu.externaltools.gnu-tools-for-stm32.7-2018-q2-update.win32_1.5.0.202011040924/tools/bin/../lib/gcc/arm-none-eabi/7.3.1/thumb/v7e-m/fpv4-sp/hard\libgcc.a(_arm_unorddf2.o)
                0x000000000800899c                __unorddf2
                0x000000000800899c                __aeabi_dcmpun
 .text          0x00000000080089c8       0x50 c:/st/stm32cubeide_1.5.1/stm32cubeide/plugins/com.st.stm32cube.ide.mcu.externaltools.gnu-tools-for-stm32.7-2018-q2-update.win32_1.5.0.202011040924/tools/bin/../lib/gcc/arm-none-eabi/7.3.1/thumb/v7e-m/fpv4-sp/hard\libgcc.a(_arm_fixdfsi.o)
                0x00000000080089c8                __aeabi_d2iz
                0x00000000080089c8                __fixdfsi
 .text          0x0000000008008a18       0x40 c:/st/stm32cubeide_1.5.1/stm32cubeide/plugins/com.st.stm32cube.ide.mcu.externaltools.gnu-tools-for-stm32.7-2018-q2-update.win32_1.5.0.202011040924/tools/bin/../lib/gcc/arm-none-eabi/7.3.1/thumb/v7e-m/fpv4-sp/hard\libgcc.a(_arm_fixunsdfsi.o)
                0x0000000008008a18                __aeabi_d2uiz
                0x0000000008008a18                __fixunsdfsi
 .text          0x0000000008008a58       0xa0 c:/st/stm32cubeide_1.5.1/stm32cubeide/plugins/com.st.stm32cube.ide.mcu.externaltools.gnu-tools-for-stm32.7-2018-q2-update.win32_1.5.0.202011040924/tools/bin/../lib/gcc/arm-none-eabi/7.3.1/thumb/v7e-m/fpv4-sp/hard\libgcc.a(_arm_truncdfsf2.o)
                0x0000000008008a58                __truncdfsf2
                0x0000000008008a58                __aeabi_d2f
 .text          0x0000000008008af8       0x30 c:/st/stm32cubeide_1.5.1/stm32cubeide/plugins/com.st.stm32cube.ide.mcu.externaltools.gnu-tools-for-stm32.7-2018-q2-update.win32_1.5.0.202011040924/tools/bin/../lib/gcc/arm-none-eabi/7.3.1/thumb/v7e-m/fpv4-sp/hard\libgcc.a(_aeabi_uldivmod.o)
                0x0000000008008af8                __aeabi_uldivmod
 .text          0x0000000008008b28      0x2cc c:/st/stm32cubeide_1.5.1/stm32cubeide/plugins/com.st.stm32cube.ide.mcu.externaltools.gnu-tools-for-stm32.7-2018-q2-update.win32_1.5.0.202011040924/tools/bin/../lib/gcc/arm-none-eabi/7.3.1/thumb/v7e-m/fpv4-sp/hard\libgcc.a(_udivmoddi4.o)
                0x0000000008008b28                __udivmoddi4
 .text          0x0000000008008df4        0x4 c:/st/stm32cubeide_1.5.1/stm32cubeide/plugins/com.st.stm32cube.ide.mcu.externaltools.gnu-tools-for-stm32.7-2018-q2-update.win32_1.5.0.202011040924/tools/bin/../lib/gcc/arm-none-eabi/7.3.1/thumb/v7e-m/fpv4-sp/hard\libgcc.a(_dvmd_tls.o)
                0x0000000008008df4                __aeabi_idiv0
                0x0000000008008df4                __aeabi_ldiv0
 *(.text*)
 .text.InitPosition
                0x0000000008008df8       0x38 Core/Src/Action.o
                0x0000000008008df8                InitPosition
 .text.GetWallCtrlDirection
                0x0000000008008e30      0x278 Core/Src/Action.o
                0x0000000008008e30                GetWallCtrlDirection
 .text.ChangeCardinal
                0x00000000080090a8       0x50 Core/Src/Action.o
                0x00000000080090a8                ChangeCardinal
 .text.WallSafe
                0x00000000080090f8       0x18 Core/Src/Action.o
                0x00000000080090f8                WallSafe
 .text.WallWarn
                0x0000000008009110       0x18 Core/Src/Action.o
                0x0000000008009110                WallWarn
 .text.ControlWall
                0x0000000008009128      0x230 Core/Src/Action.o
                0x0000000008009128                ControlWall
 .text.WaitStopAndReset
                0x0000000008009358       0x84 Core/Src/Action.o
                0x0000000008009358                WaitStopAndReset
 *fill*         0x00000000080093dc        0x4 
 .text.Rotate   0x00000000080093e0      0x3d4 Core/Src/Action.o
                0x00000000080093e0                Rotate
 .text.getFrontWall
                0x00000000080097b4       0xb4 Core/Src/Action.o
                0x00000000080097b4                getFrontWall
 .text.SlalomRight
                0x0000000008009868      0x3d8 Core/Src/Action.o
                0x0000000008009868                SlalomRight
 .text.SlalomLeft
                0x0000000008009c40      0x3b8 Core/Src/Action.o
                0x0000000008009c40                SlalomLeft
 .text.Accel    0x0000000008009ff8      0x18c Core/Src/Action.o
                0x0000000008009ff8                Accel
 *fill*         0x000000000800a184        0x4 
 .text.Decel    0x000000000800a188      0x1b4 Core/Src/Action.o
                0x000000000800a188                Decel
 *fill*         0x000000000800a33c        0x4 
 .text.Calib    0x000000000800a340       0xc8 Core/Src/Action.o
                0x000000000800a340                Calib
 .text.Compensate
                0x000000000800a408       0x1c Core/Src/Action.o
                0x000000000800a408                Compensate
 .text.AjustCenter
                0x000000000800a424      0x238 Core/Src/Action.o
                0x000000000800a424                AjustCenter
 *fill*         0x000000000800a65c        0x4 
 .text.GoStraight
                0x000000000800a660      0x208 Core/Src/Action.o
                0x000000000800a660                GoStraight
 .text.TurnRight
                0x000000000800a868       0x84 Core/Src/Action.o
                0x000000000800a868                TurnRight
 .text.TurnLeft
                0x000000000800a8ec       0x88 Core/Src/Action.o
                0x000000000800a8ec                TurnLeft
 .text.GoBack   0x000000000800a974       0x64 Core/Src/Action.o
                0x000000000800a974                GoBack
 .text.SelectAction
                0x000000000800a9d8       0x88 Core/Src/Action.o
                0x000000000800a9d8                SelectAction
 .text.initQueue
                0x000000000800aa60       0x26 Core/Src/CommandQueue.o
                0x000000000800aa60                initQueue
 .text.setQueue
                0x000000000800aa86       0x90 Core/Src/CommandQueue.o
                0x000000000800aa86                setQueue
 .text.getQueue
                0x000000000800ab16       0x7e Core/Src/CommandQueue.o
                0x000000000800ab16                getQueue
 .text.ResetCommand
                0x000000000800ab94       0x3a Core/Src/CommandQueue.o
                0x000000000800ab94                ResetCommand
 *fill*         0x000000000800abce        0x2 
 .text.Explore_IT
                0x000000000800abd0      0x4f4 Core/Src/Interrupt.o
                0x000000000800abd0                Explore_IT
 *fill*         0x000000000800b0c4        0x4 
 .text.WritingFree_IT
                0x000000000800b0c8      0x29c Core/Src/Interrupt.o
                0x000000000800b0c8                WritingFree_IT
 *fill*         0x000000000800b364        0x4 
 .text.HAL_TIM_PeriodElapsedCallback
                0x000000000800b368      0x3f8 Core/Src/Interrupt.o
                0x000000000800b368                HAL_TIM_PeriodElapsedCallback
 .text.flash_store_init
                0x000000000800b760       0xc0 Core/Src/Map.o
                0x000000000800b760                flash_store_init
 .text.wall_init
                0x000000000800b820      0x12c Core/Src/Map.o
                0x000000000800b820                wall_init
 .text.wall_set
                0x000000000800b94c      0x24c Core/Src/Map.o
                0x000000000800b94c                wall_set
 .text.init_map
                0x000000000800bb98       0x98 Core/Src/Map.o
                0x000000000800bb98                init_map
 .text.make_map
                0x000000000800bc30      0x1f0 Core/Src/Map.o
                0x000000000800bc30                make_map
 .text.wall_ram_print
                0x000000000800be20       0xb4 Core/Src/Map.o
                0x000000000800be20                wall_ram_print
 .text.flash_copy_to_ram
                0x000000000800bed4      0x108 Core/Src/Map.o
                0x000000000800bed4                flash_copy_to_ram
 .text.InitExplore
                0x000000000800bfdc      0x184 Core/Src/Mode.o
                0x000000000800bfdc                InitExplore
 .text.InitFastest
                0x000000000800c160      0x138 Core/Src/Mode.o
                0x000000000800c160                InitFastest
 .text.Debug    0x000000000800c298      0x118 Core/Src/Mode.o
                0x000000000800c298                Debug
 .text.ParameterSetting
                0x000000000800c3b0       0x10 Core/Src/Mode.o
                0x000000000800c3b0                ParameterSetting
 .text.GainTestDWall
                0x000000000800c3c0       0xd4 Core/Src/Mode.o
                0x000000000800c3c0                GainTestDWall
 .text.GainTestAVelo
                0x000000000800c494       0x80 Core/Src/Mode.o
                0x000000000800c494                GainTestAVelo
 .text.WritingFree
                0x000000000800c514      0x120 Core/Src/Mode.o
                0x000000000800c514                WritingFree
 .text.FastestRun
                0x000000000800c634      0x244 Core/Src/Mode.o
                0x000000000800c634                FastestRun
 .text.Explore  0x000000000800c878      0x2a4 Core/Src/Mode.o
                0x000000000800c878                Explore
 *fill*         0x000000000800cb1c        0x4 
 .text.CommandAccel
                0x000000000800cb20       0xb8 Core/Src/Mode.o
                0x000000000800cb20                CommandAccel
 .text.CommandDecel
                0x000000000800cbd8       0xc0 Core/Src/Mode.o
                0x000000000800cbd8                CommandDecel
 .text.CQ_test  0x000000000800cc98       0xbc Core/Src/Mode.o
                0x000000000800cc98                CQ_test
 .text.KyushinJudge
                0x000000000800cd54      0x8b4 Core/Src/Search.o
                0x000000000800cd54                KyushinJudge
 .text.is_unknown
                0x000000000800d608       0x80 Core/Src/Search.o
                0x000000000800d608                is_unknown
 .text.get_priority
                0x000000000800d688       0x6c Core/Src/Search.o
                0x000000000800d688                get_priority
 .text.get_nextdir
                0x000000000800d6f4      0x304 Core/Src/Search.o
                0x000000000800d6f4                get_nextdir
 .text.fast_run
                0x000000000800d9f8      0x178 Core/Src/Search.o
                0x000000000800d9f8                fast_run
 .text.__io_putchar
                0x000000000800db70       0x24 Core/Src/main.o
                0x000000000800db70                __io_putchar
 .text.__io_getchar
                0x000000000800db94       0x30 Core/Src/main.o
                0x000000000800db94                __io_getchar
 .text.main     0x000000000800dbc4      0x170 Core/Src/main.o
                0x000000000800dbc4                main
 .text.SystemClock_Config
                0x000000000800dd34       0xd4 Core/Src/main.o
                0x000000000800dd34                SystemClock_Config
 .text.MX_ADC1_Init
                0x000000000800de08       0xdc Core/Src/main.o
 .text.MX_ADC2_Init
                0x000000000800dee4       0xc0 Core/Src/main.o
 .text.MX_SPI3_Init
                0x000000000800dfa4       0x6c Core/Src/main.o
 .text.MX_TIM1_Init
                0x000000000800e010       0xa0 Core/Src/main.o
 .text.MX_TIM2_Init
                0x000000000800e0b0       0xec Core/Src/main.o
 .text.MX_TIM3_Init
                0x000000000800e19c       0xa8 Core/Src/main.o
 .text.MX_TIM4_Init
                0x000000000800e244       0xa8 Core/Src/main.o
 .text.MX_TIM5_Init
                0x000000000800e2ec       0xec Core/Src/main.o
 .text.MX_TIM8_Init
                0x000000000800e3d8      0x150 Core/Src/main.o
 .text.MX_USART1_UART_Init
                0x000000000800e528       0x54 Core/Src/main.o
 .text.MX_DMA_Init
                0x000000000800e57c       0x50 Core/Src/main.o
 .text.MX_GPIO_Init
                0x000000000800e5cc      0x18c Core/Src/main.o
 .text.Error_Handler
                0x000000000800e758        0x8 Core/Src/main.o
                0x000000000800e758                Error_Handler
 .text.HAL_MspInit
                0x000000000800e760       0x50 Core/Src/stm32f4xx_hal_msp.o
                0x000000000800e760                HAL_MspInit
 .text.HAL_ADC_MspInit
                0x000000000800e7b0      0x1f0 Core/Src/stm32f4xx_hal_msp.o
                0x000000000800e7b0                HAL_ADC_MspInit
 .text.HAL_SPI_MspInit
                0x000000000800e9a0       0x90 Core/Src/stm32f4xx_hal_msp.o
                0x000000000800e9a0                HAL_SPI_MspInit
 .text.HAL_TIM_Base_MspInit
                0x000000000800ea30       0xe0 Core/Src/stm32f4xx_hal_msp.o
                0x000000000800ea30                HAL_TIM_Base_MspInit
 .text.HAL_TIM_Encoder_MspInit
                0x000000000800eb10       0xfc Core/Src/stm32f4xx_hal_msp.o
                0x000000000800eb10                HAL_TIM_Encoder_MspInit
 .text.HAL_TIM_MspPostInit
                0x000000000800ec0c      0x148 Core/Src/stm32f4xx_hal_msp.o
                0x000000000800ec0c                HAL_TIM_MspPostInit
 .text.HAL_UART_MspInit
                0x000000000800ed54       0x90 Core/Src/stm32f4xx_hal_msp.o
                0x000000000800ed54                HAL_UART_MspInit
 .text.NMI_Handler
                0x000000000800ede4        0x6 Core/Src/stm32f4xx_it.o
                0x000000000800ede4                NMI_Handler
 .text.HardFault_Handler
                0x000000000800edea        0x6 Core/Src/stm32f4xx_it.o
                0x000000000800edea                HardFault_Handler
 .text.MemManage_Handler
                0x000000000800edf0        0x6 Core/Src/stm32f4xx_it.o
                0x000000000800edf0                MemManage_Handler
 .text.BusFault_Handler
                0x000000000800edf6        0x6 Core/Src/stm32f4xx_it.o
                0x000000000800edf6                BusFault_Handler
 .text.UsageFault_Handler
                0x000000000800edfc        0x6 Core/Src/stm32f4xx_it.o
                0x000000000800edfc                UsageFault_Handler
 .text.SVC_Handler
                0x000000000800ee02        0xe Core/Src/stm32f4xx_it.o
                0x000000000800ee02                SVC_Handler
 .text.DebugMon_Handler
                0x000000000800ee10        0xe Core/Src/stm32f4xx_it.o
                0x000000000800ee10                DebugMon_Handler
 .text.PendSV_Handler
                0x000000000800ee1e        0xe Core/Src/stm32f4xx_it.o
                0x000000000800ee1e                PendSV_Handler
 .text.SysTick_Handler
                0x000000000800ee2c        0xc Core/Src/stm32f4xx_it.o
                0x000000000800ee2c                SysTick_Handler
 .text.TIM1_UP_TIM10_IRQHandler
                0x000000000800ee38       0x14 Core/Src/stm32f4xx_it.o
                0x000000000800ee38                TIM1_UP_TIM10_IRQHandler
 .text.EXTI15_10_IRQHandler
                0x000000000800ee4c       0x10 Core/Src/stm32f4xx_it.o
                0x000000000800ee4c                EXTI15_10_IRQHandler
 .text.TIM8_UP_TIM13_IRQHandler
                0x000000000800ee5c       0x14 Core/Src/stm32f4xx_it.o
                0x000000000800ee5c                TIM8_UP_TIM13_IRQHandler
 .text.DMA2_Stream0_IRQHandler
                0x000000000800ee70       0x14 Core/Src/stm32f4xx_it.o
                0x000000000800ee70                DMA2_Stream0_IRQHandler
 .text.DMA2_Stream2_IRQHandler
                0x000000000800ee84       0x14 Core/Src/stm32f4xx_it.o
                0x000000000800ee84                DMA2_Stream2_IRQHandler
 .text.SystemInit
                0x000000000800ee98       0x2c Core/Src/system_stm32f4xx.o
                0x000000000800ee98                SystemInit
 .text._read    0x000000000800eec4       0x3a Core/Src/Add/syscalls.o
                0x000000000800eec4                _read
 .text._write   0x000000000800eefe       0x38 Core/Src/Add/syscalls.o
                0x000000000800eefe                _write
 .text._close   0x000000000800ef36       0x18 Core/Src/Add/syscalls.o
                0x000000000800ef36                _close
 .text._fstat   0x000000000800ef4e       0x20 Core/Src/Add/syscalls.o
                0x000000000800ef4e                _fstat
 .text._isatty  0x000000000800ef6e       0x16 Core/Src/Add/syscalls.o
                0x000000000800ef6e                _isatty
 .text._lseek   0x000000000800ef84       0x1a Core/Src/Add/syscalls.o
                0x000000000800ef84                _lseek
 *fill*         0x000000000800ef9e        0x2 
 .text._sbrk    0x000000000800efa0       0x6c Core/Src/Add/sysmem.o
                0x000000000800efa0                _sbrk
 .text.ADCStart
                0x000000000800f00c       0x40 Core/Src/Hw/ADC.o
                0x000000000800f00c                ADCStart
 .text.ADCStop  0x000000000800f04c       0x58 Core/Src/Hw/ADC.o
                0x000000000800f04c                ADCStop
 .text.FLASH_Unlock
                0x000000000800f0a4       0x28 Core/Src/Hw/Flash.o
 .text.FLASH_Lock
                0x000000000800f0cc       0x20 Core/Src/Hw/Flash.o
 .text.FLASH_WaitBusy
                0x000000000800f0ec       0x20 Core/Src/Hw/Flash.o
                0x000000000800f0ec                FLASH_WaitBusy
 .text.FLASH_Write_Word
                0x000000000800f10c       0x50 Core/Src/Hw/Flash.o
                0x000000000800f10c                FLASH_Write_Word
 .text.FLASH_Read_Word
                0x000000000800f15c       0x54 Core/Src/Hw/Flash.o
                0x000000000800f15c                FLASH_Read_Word
 .text.FLASH_Write_Word_F
                0x000000000800f1b0       0x54 Core/Src/Hw/Flash.o
                0x000000000800f1b0                FLASH_Write_Word_F
 .text.FLASH_Read_Word_F
                0x000000000800f204       0x54 Core/Src/Hw/Flash.o
                0x000000000800f204                FLASH_Read_Word_F
 .text.Flash_clear_sector1
                0x000000000800f258       0x52 Core/Src/Hw/Flash.o
                0x000000000800f258                Flash_clear_sector1
 .text.Flash_clear_sector9
                0x000000000800f2aa       0x52 Core/Src/Hw/Flash.o
                0x000000000800f2aa                Flash_clear_sector9
 .text.read_byte
                0x000000000800f2fc       0x58 Core/Src/Hw/ICM_20648.o
                0x000000000800f2fc                read_byte
 .text.ReadIMU  0x000000000800f354       0xc4 Core/Src/Hw/ICM_20648.o
                0x000000000800f354                ReadIMU
 .text.write_byte
                0x000000000800f418       0x58 Core/Src/Hw/ICM_20648.o
                0x000000000800f418                write_byte
 .text.IMU_init
                0x000000000800f470       0x54 Core/Src/Hw/ICM_20648.o
                0x000000000800f470                IMU_init
 .text.IMU_Calib
                0x000000000800f4c4      0x104 Core/Src/Hw/ICM_20648.o
                0x000000000800f4c4                IMU_Calib
 .text.EncoderStart
                0x000000000800f5c8       0x20 Core/Src/Hw/IEH2_4096.o
                0x000000000800f5c8                EncoderStart
 .text.EmitterON
                0x000000000800f5e8       0x1c Core/Src/Hw/IR_Emitter.o
                0x000000000800f5e8                EmitterON
 .text.EmitterOFF
                0x000000000800f604       0x1c Core/Src/Hw/IR_Emitter.o
                0x000000000800f604                EmitterOFF
 .text.ChangeLED
                0x000000000800f620      0x17c Core/Src/Hw/LED_Driver.o
                0x000000000800f620                ChangeLED
 .text.Motor_PWM_Start
                0x000000000800f79c       0x34 Core/Src/Hw/Motor_Driver.o
                0x000000000800f79c                Motor_PWM_Start
 .text.Motor_PWM_Stop
                0x000000000800f7d0       0x34 Core/Src/Hw/Motor_Driver.o
                0x000000000800f7d0                Motor_PWM_Stop
 *fill*         0x000000000800f804        0x4 
 .text.Motor_Switch
                0x000000000800f808       0xc4 Core/Src/Hw/Motor_Driver.o
                0x000000000800f808                Motor_Switch
 .text.InitPulse
                0x000000000800f8cc       0x1c Core/Src/Tools/Convert.o
                0x000000000800f8cc                InitPulse
 .text.GetWallDataAverage
                0x000000000800f8e8       0xd4 Core/Src/Tools/Convert.o
                0x000000000800f8e8                GetWallDataAverage
 .text.ADCToBatteryVoltage
                0x000000000800f9bc       0x54 Core/Src/Tools/Convert.o
                0x000000000800f9bc                ADCToBatteryVoltage
 .text.IntegerPower
                0x000000000800fa10       0x3a Core/Src/Tools/Convert.o
                0x000000000800fa10                IntegerPower
 .text.GetBatteryLevel
                0x000000000800fa4a       0xa4 Core/Src/Tools/Convert.o
                0x000000000800fa4a                GetBatteryLevel
 *fill*         0x000000000800faee        0x2 
 .text.Buffering
                0x000000000800faf0       0x28 Core/Src/Tools/Debug.o
                0x000000000800faf0                Buffering
 .text.Copy_Gain
                0x000000000800fb18       0xc0 Core/Src/Tools/Debug.o
                0x000000000800fb18                Copy_Gain
 .text.Load_Gain
                0x000000000800fbd8      0x178 Core/Src/Tools/Debug.o
                0x000000000800fbd8                Load_Gain
 .text.Change_Gain
                0x000000000800fd50      0x3a8 Core/Src/Tools/Debug.o
                0x000000000800fd50                Change_Gain
 .text.PIDSetGain
                0x00000000080100f8       0x58 Core/Src/Tools/PID_Control.o
                0x00000000080100f8                PIDSetGain
 .text.PIDChangeFlag
                0x0000000008010150       0x2c Core/Src/Tools/PID_Control.o
                0x0000000008010150                PIDChangeFlag
 .text.PIDReset
                0x000000000801017c       0x7c Core/Src/Tools/PID_Control.o
                0x000000000801017c                PIDReset
 .text.PIDControl
                0x00000000080101f8      0x260 Core/Src/Tools/PID_Control.o
                0x00000000080101f8                PIDControl
 .text.HAL_GPIO_EXTI_Callback
                0x0000000008010458       0x3c Core/Src/Tools/UI.o
                0x0000000008010458                HAL_GPIO_EXTI_Callback
 .text.Signal   0x0000000008010494       0x40 Core/Src/Tools/UI.o
                0x0000000008010494                Signal
 .text.BatteryCheck
                0x00000000080104d4       0x6c Core/Src/Tools/UI.o
                0x00000000080104d4                BatteryCheck
 .text.PhotoSwitch
                0x0000000008010540       0x44 Core/Src/Tools/UI.o
                0x0000000008010540                PhotoSwitch
 .text.ModeSelect
                0x0000000008010584      0x11c Core/Src/Tools/UI.o
                0x0000000008010584                ModeSelect
 .text.Reset_Handler
                0x00000000080106a0       0x50 Core/Startup/startup_stm32f405rgtx.o
                0x00000000080106a0                Reset_Handler
 .text.Default_Handler
                0x00000000080106f0        0x2 Core/Startup/startup_stm32f405rgtx.o
                0x00000000080106f0                RTC_Alarm_IRQHandler
                0x00000000080106f0                HASH_RNG_IRQHandler
                0x00000000080106f0                EXTI2_IRQHandler
                0x00000000080106f0                TIM8_CC_IRQHandler
                0x00000000080106f0                TIM1_CC_IRQHandler
                0x00000000080106f0                DMA2_Stream5_IRQHandler
                0x00000000080106f0                DMA1_Stream5_IRQHandler
                0x00000000080106f0                PVD_IRQHandler
                0x00000000080106f0                SDIO_IRQHandler
                0x00000000080106f0                TAMP_STAMP_IRQHandler
                0x00000000080106f0                CAN2_RX1_IRQHandler
                0x00000000080106f0                EXTI3_IRQHandler
                0x00000000080106f0                TIM8_TRG_COM_TIM14_IRQHandler
                0x00000000080106f0                I2C3_ER_IRQHandler
                0x00000000080106f0                EXTI0_IRQHandler
                0x00000000080106f0                I2C2_EV_IRQHandler
                0x00000000080106f0                DMA1_Stream2_IRQHandler
                0x00000000080106f0                CAN1_RX0_IRQHandler
                0x00000000080106f0                FPU_IRQHandler
                0x00000000080106f0                OTG_HS_WKUP_IRQHandler
                0x00000000080106f0                CAN2_SCE_IRQHandler
                0x00000000080106f0                SPI1_IRQHandler
                0x00000000080106f0                TIM6_DAC_IRQHandler
                0x00000000080106f0                TIM1_BRK_TIM9_IRQHandler
                0x00000000080106f0                CAN2_RX0_IRQHandler
                0x00000000080106f0                DMA2_Stream3_IRQHandler
                0x00000000080106f0                USART6_IRQHandler
                0x00000000080106f0                USART3_IRQHandler
                0x00000000080106f0                CAN1_RX1_IRQHandler
                0x00000000080106f0                UART5_IRQHandler
                0x00000000080106f0                TIM4_IRQHandler
                0x00000000080106f0                I2C1_EV_IRQHandler
                0x00000000080106f0                DMA1_Stream6_IRQHandler
                0x00000000080106f0                DMA1_Stream1_IRQHandler
                0x00000000080106f0                UART4_IRQHandler
                0x00000000080106f0                TIM3_IRQHandler
                0x00000000080106f0                RCC_IRQHandler
                0x00000000080106f0                TIM8_BRK_TIM12_IRQHandler
                0x00000000080106f0                Default_Handler
                0x00000000080106f0                ADC_IRQHandler
                0x00000000080106f0                DMA1_Stream7_IRQHandler
                0x00000000080106f0                TIM7_IRQHandler
                0x00000000080106f0                CAN2_TX_IRQHandler
                0x00000000080106f0                TIM5_IRQHandler
                0x00000000080106f0                DMA2_Stream7_IRQHandler
                0x00000000080106f0                I2C3_EV_IRQHandler
                0x00000000080106f0                EXTI9_5_IRQHandler
                0x00000000080106f0                RTC_WKUP_IRQHandler
                0x00000000080106f0                SPI2_IRQHandler
                0x00000000080106f0                OTG_HS_EP1_IN_IRQHandler
                0x00000000080106f0                DMA1_Stream0_IRQHandler
                0x00000000080106f0                CAN1_TX_IRQHandler
                0x00000000080106f0                EXTI4_IRQHandler
                0x00000000080106f0                FSMC_IRQHandler
                0x00000000080106f0                OTG_HS_EP1_OUT_IRQHandler
                0x00000000080106f0                WWDG_IRQHandler
                0x00000000080106f0                TIM2_IRQHandler
                0x00000000080106f0                OTG_FS_WKUP_IRQHandler
                0x00000000080106f0                TIM1_TRG_COM_TIM11_IRQHandler
                0x00000000080106f0                OTG_HS_IRQHandler
                0x00000000080106f0                EXTI1_IRQHandler
                0x00000000080106f0                USART2_IRQHandler
                0x00000000080106f0                I2C2_ER_IRQHandler
                0x00000000080106f0                DMA2_Stream1_IRQHandler
                0x00000000080106f0                CAN1_SCE_IRQHandler
                0x00000000080106f0                FLASH_IRQHandler
                0x00000000080106f0                DMA2_Stream4_IRQHandler
                0x00000000080106f0                USART1_IRQHandler
                0x00000000080106f0                OTG_FS_IRQHandler
                0x00000000080106f0                SPI3_IRQHandler
                0x00000000080106f0                DMA1_Stream4_IRQHandler
                0x00000000080106f0                I2C1_ER_IRQHandler
                0x00000000080106f0                DMA2_Stream6_IRQHandler
                0x00000000080106f0                DMA1_Stream3_IRQHandler
 *fill*         0x00000000080106f2        0x2 
 .text.HAL_Init
                0x00000000080106f4       0x44 Drivers/STM32F4xx_HAL_Driver/Src/stm32f4xx_hal.o
                0x00000000080106f4                HAL_Init
 .text.HAL_InitTick
                0x0000000008010738       0x60 Drivers/STM32F4xx_HAL_Driver/Src/stm32f4xx_hal.o
                0x0000000008010738                HAL_InitTick
 .text.HAL_IncTick
                0x0000000008010798       0x28 Drivers/STM32F4xx_HAL_Driver/Src/stm32f4xx_hal.o
                0x0000000008010798                HAL_IncTick
 .text.HAL_GetTick
                0x00000000080107c0       0x18 Drivers/STM32F4xx_HAL_Driver/Src/stm32f4xx_hal.o
                0x00000000080107c0                HAL_GetTick
 .text.HAL_Delay
                0x00000000080107d8       0x44 Drivers/STM32F4xx_HAL_Driver/Src/stm32f4xx_hal.o
                0x00000000080107d8                HAL_Delay
 .text.HAL_ADC_Init
                0x000000000801081c       0x86 Drivers/STM32F4xx_HAL_Driver/Src/stm32f4xx_hal_adc.o
                0x000000000801081c                HAL_ADC_Init
 *fill*         0x00000000080108a2        0x2 
 .text.HAL_ADC_Start_DMA
                0x00000000080108a4      0x1e4 Drivers/STM32F4xx_HAL_Driver/Src/stm32f4xx_hal_adc.o
                0x00000000080108a4                HAL_ADC_Start_DMA
 .text.HAL_ADC_Stop_DMA
                0x0000000008010a88       0x94 Drivers/STM32F4xx_HAL_Driver/Src/stm32f4xx_hal_adc.o
                0x0000000008010a88                HAL_ADC_Stop_DMA
 .text.HAL_ADC_ConvCpltCallback
                0x0000000008010b1c       0x14 Drivers/STM32F4xx_HAL_Driver/Src/stm32f4xx_hal_adc.o
                0x0000000008010b1c                HAL_ADC_ConvCpltCallback
 .text.HAL_ADC_ConvHalfCpltCallback
                0x0000000008010b30       0x14 Drivers/STM32F4xx_HAL_Driver/Src/stm32f4xx_hal_adc.o
                0x0000000008010b30                HAL_ADC_ConvHalfCpltCallback
 .text.HAL_ADC_ErrorCallback
                0x0000000008010b44       0x14 Drivers/STM32F4xx_HAL_Driver/Src/stm32f4xx_hal_adc.o
                0x0000000008010b44                HAL_ADC_ErrorCallback
 .text.HAL_ADC_ConfigChannel
                0x0000000008010b58      0x244 Drivers/STM32F4xx_HAL_Driver/Src/stm32f4xx_hal_adc.o
                0x0000000008010b58                HAL_ADC_ConfigChannel
 .text.ADC_Init
                0x0000000008010d9c      0x1f8 Drivers/STM32F4xx_HAL_Driver/Src/stm32f4xx_hal_adc.o
 .text.ADC_DMAConvCplt
                0x0000000008010f94       0xba Drivers/STM32F4xx_HAL_Driver/Src/stm32f4xx_hal_adc.o
 .text.ADC_DMAHalfConvCplt
                0x000000000801104e       0x1c Drivers/STM32F4xx_HAL_Driver/Src/stm32f4xx_hal_adc.o
 .text.ADC_DMAError
                0x000000000801106a       0x2e Drivers/STM32F4xx_HAL_Driver/Src/stm32f4xx_hal_adc.o
 .text.__NVIC_SetPriorityGrouping
                0x0000000008011098       0x48 Drivers/STM32F4xx_HAL_Driver/Src/stm32f4xx_hal_cortex.o
 .text.__NVIC_GetPriorityGrouping
                0x00000000080110e0       0x1c Drivers/STM32F4xx_HAL_Driver/Src/stm32f4xx_hal_cortex.o
 .text.__NVIC_EnableIRQ
                0x00000000080110fc       0x3c Drivers/STM32F4xx_HAL_Driver/Src/stm32f4xx_hal_cortex.o
 .text.__NVIC_SetPriority
                0x0000000008011138       0x54 Drivers/STM32F4xx_HAL_Driver/Src/stm32f4xx_hal_cortex.o
 .text.NVIC_EncodePriority
                0x000000000801118c       0x66 Drivers/STM32F4xx_HAL_Driver/Src/stm32f4xx_hal_cortex.o
 *fill*         0x00000000080111f2        0x2 
 .text.SysTick_Config
                0x00000000080111f4       0x44 Drivers/STM32F4xx_HAL_Driver/Src/stm32f4xx_hal_cortex.o
 .text.HAL_NVIC_SetPriorityGrouping
                0x0000000008011238       0x16 Drivers/STM32F4xx_HAL_Driver/Src/stm32f4xx_hal_cortex.o
                0x0000000008011238                HAL_NVIC_SetPriorityGrouping
 .text.HAL_NVIC_SetPriority
                0x000000000801124e       0x38 Drivers/STM32F4xx_HAL_Driver/Src/stm32f4xx_hal_cortex.o
                0x000000000801124e                HAL_NVIC_SetPriority
 .text.HAL_NVIC_EnableIRQ
                0x0000000008011286       0x1c Drivers/STM32F4xx_HAL_Driver/Src/stm32f4xx_hal_cortex.o
                0x0000000008011286                HAL_NVIC_EnableIRQ
 .text.HAL_SYSTICK_Config
                0x00000000080112a2       0x18 Drivers/STM32F4xx_HAL_Driver/Src/stm32f4xx_hal_cortex.o
                0x00000000080112a2                HAL_SYSTICK_Config
 *fill*         0x00000000080112ba        0x2 
 .text.HAL_DMA_Init
                0x00000000080112bc      0x15c Drivers/STM32F4xx_HAL_Driver/Src/stm32f4xx_hal_dma.o
                0x00000000080112bc                HAL_DMA_Init
 .text.HAL_DMA_Start_IT
                0x0000000008011418       0xb0 Drivers/STM32F4xx_HAL_Driver/Src/stm32f4xx_hal_dma.o
                0x0000000008011418                HAL_DMA_Start_IT
 .text.HAL_DMA_Abort
                0x00000000080114c8       0xe0 Drivers/STM32F4xx_HAL_Driver/Src/stm32f4xx_hal_dma.o
                0x00000000080114c8                HAL_DMA_Abort
 .text.HAL_DMA_IRQHandler
                0x00000000080115a8      0x314 Drivers/STM32F4xx_HAL_Driver/Src/stm32f4xx_hal_dma.o
                0x00000000080115a8                HAL_DMA_IRQHandler
 .text.DMA_SetConfig
                0x00000000080118bc       0x5c Drivers/STM32F4xx_HAL_Driver/Src/stm32f4xx_hal_dma.o
 .text.DMA_CalcBaseAndBitshift
                0x0000000008011918       0x6c Drivers/STM32F4xx_HAL_Driver/Src/stm32f4xx_hal_dma.o
 .text.DMA_CheckFifoParam
                0x0000000008011984       0xf4 Drivers/STM32F4xx_HAL_Driver/Src/stm32f4xx_hal_dma.o
 .text.HAL_FLASH_Unlock
                0x0000000008011a78       0x44 Drivers/STM32F4xx_HAL_Driver/Src/stm32f4xx_hal_flash.o
                0x0000000008011a78                HAL_FLASH_Unlock
 .text.HAL_FLASH_Lock
                0x0000000008011abc       0x20 Drivers/STM32F4xx_HAL_Driver/Src/stm32f4xx_hal_flash.o
                0x0000000008011abc                HAL_FLASH_Lock
 .text.FLASH_WaitForLastOperation
                0x0000000008011adc       0x80 Drivers/STM32F4xx_HAL_Driver/Src/stm32f4xx_hal_flash.o
                0x0000000008011adc                FLASH_WaitForLastOperation
 .text.FLASH_SetErrorCode
                0x0000000008011b5c       0xac Drivers/STM32F4xx_HAL_Driver/Src/stm32f4xx_hal_flash.o
 .text.HAL_FLASHEx_Erase
                0x0000000008011c08       0xe0 Drivers/STM32F4xx_HAL_Driver/Src/stm32f4xx_hal_flash_ex.o
                0x0000000008011c08                HAL_FLASHEx_Erase
 .text.FLASH_MassErase
                0x0000000008011ce8       0x48 Drivers/STM32F4xx_HAL_Driver/Src/stm32f4xx_hal_flash_ex.o
 .text.FLASH_Erase_Sector
                0x0000000008011d30       0x90 Drivers/STM32F4xx_HAL_Driver/Src/stm32f4xx_hal_flash_ex.o
                0x0000000008011d30                FLASH_Erase_Sector
 .text.FLASH_FlushCaches
                0x0000000008011dc0       0x8c Drivers/STM32F4xx_HAL_Driver/Src/stm32f4xx_hal_flash_ex.o
                0x0000000008011dc0                FLASH_FlushCaches
 .text.HAL_GPIO_Init
                0x0000000008011e4c      0x334 Drivers/STM32F4xx_HAL_Driver/Src/stm32f4xx_hal_gpio.o
                0x0000000008011e4c                HAL_GPIO_Init
 .text.HAL_GPIO_WritePin
                0x0000000008012180       0x32 Drivers/STM32F4xx_HAL_Driver/Src/stm32f4xx_hal_gpio.o
                0x0000000008012180                HAL_GPIO_WritePin
 *fill*         0x00000000080121b2        0x2 
 .text.HAL_GPIO_EXTI_IRQHandler
                0x00000000080121b4       0x30 Drivers/STM32F4xx_HAL_Driver/Src/stm32f4xx_hal_gpio.o
                0x00000000080121b4                HAL_GPIO_EXTI_IRQHandler
 .text.HAL_RCC_OscConfig
                0x00000000080121e4      0x4e0 Drivers/STM32F4xx_HAL_Driver/Src/stm32f4xx_hal_rcc.o
                0x00000000080121e4                HAL_RCC_OscConfig
 .text.HAL_RCC_ClockConfig
                0x00000000080126c4      0x1cc Drivers/STM32F4xx_HAL_Driver/Src/stm32f4xx_hal_rcc.o
                0x00000000080126c4                HAL_RCC_ClockConfig
 .text.HAL_RCC_GetSysClockFreq
                0x0000000008012890      0x1b0 Drivers/STM32F4xx_HAL_Driver/Src/stm32f4xx_hal_rcc.o
                0x0000000008012890                HAL_RCC_GetSysClockFreq
 .text.HAL_RCC_GetHCLKFreq
                0x0000000008012a40       0x18 Drivers/STM32F4xx_HAL_Driver/Src/stm32f4xx_hal_rcc.o
                0x0000000008012a40                HAL_RCC_GetHCLKFreq
 .text.HAL_RCC_GetPCLK1Freq
                0x0000000008012a58       0x28 Drivers/STM32F4xx_HAL_Driver/Src/stm32f4xx_hal_rcc.o
                0x0000000008012a58                HAL_RCC_GetPCLK1Freq
 .text.HAL_RCC_GetPCLK2Freq
                0x0000000008012a80       0x28 Drivers/STM32F4xx_HAL_Driver/Src/stm32f4xx_hal_rcc.o
                0x0000000008012a80                HAL_RCC_GetPCLK2Freq
 .text.HAL_SPI_Init
                0x0000000008012aa8       0xc8 Drivers/STM32F4xx_HAL_Driver/Src/stm32f4xx_hal_spi.o
                0x0000000008012aa8                HAL_SPI_Init
 .text.HAL_SPI_Transmit
                0x0000000008012b70      0x268 Drivers/STM32F4xx_HAL_Driver/Src/stm32f4xx_hal_spi.o
                0x0000000008012b70                HAL_SPI_Transmit
 .text.HAL_SPI_Receive
                0x0000000008012dd8      0x212 Drivers/STM32F4xx_HAL_Driver/Src/stm32f4xx_hal_spi.o
                0x0000000008012dd8                HAL_SPI_Receive
 .text.HAL_SPI_TransmitReceive
                0x0000000008012fea      0x344 Drivers/STM32F4xx_HAL_Driver/Src/stm32f4xx_hal_spi.o
                0x0000000008012fea                HAL_SPI_TransmitReceive
 .text.SPI_WaitFlagStateUntilTimeout
                0x000000000801332e       0xd4 Drivers/STM32F4xx_HAL_Driver/Src/stm32f4xx_hal_spi.o
 .text.SPI_EndRxTransaction
                0x0000000008013402       0xca Drivers/STM32F4xx_HAL_Driver/Src/stm32f4xx_hal_spi.o
 .text.SPI_EndRxTxTransaction
                0x00000000080134cc       0x84 Drivers/STM32F4xx_HAL_Driver/Src/stm32f4xx_hal_spi.o
 .text.HAL_TIM_Base_Init
                0x0000000008013550       0x56 Drivers/STM32F4xx_HAL_Driver/Src/stm32f4xx_hal_tim.o
                0x0000000008013550                HAL_TIM_Base_Init
 .text.HAL_TIM_Base_Start_IT
                0x00000000080135a6       0x48 Drivers/STM32F4xx_HAL_Driver/Src/stm32f4xx_hal_tim.o
                0x00000000080135a6                HAL_TIM_Base_Start_IT
 .text.HAL_TIM_Base_Stop_IT
                0x00000000080135ee       0x56 Drivers/STM32F4xx_HAL_Driver/Src/stm32f4xx_hal_tim.o
                0x00000000080135ee                HAL_TIM_Base_Stop_IT
 .text.HAL_TIM_OC_Init
                0x0000000008013644       0x56 Drivers/STM32F4xx_HAL_Driver/Src/stm32f4xx_hal_tim.o
                0x0000000008013644                HAL_TIM_OC_Init
 .text.HAL_TIM_OC_MspInit
                0x000000000801369a       0x14 Drivers/STM32F4xx_HAL_Driver/Src/stm32f4xx_hal_tim.o
                0x000000000801369a                HAL_TIM_OC_MspInit
 *fill*         0x00000000080136ae        0x2 
 .text.HAL_TIM_OC_Start_IT
                0x00000000080136b0      0x108 Drivers/STM32F4xx_HAL_Driver/Src/stm32f4xx_hal_tim.o
                0x00000000080136b0                HAL_TIM_OC_Start_IT
 .text.HAL_TIM_OC_Stop_IT
                0x00000000080137b8      0x134 Drivers/STM32F4xx_HAL_Driver/Src/stm32f4xx_hal_tim.o
                0x00000000080137b8                HAL_TIM_OC_Stop_IT
 .text.HAL_TIM_PWM_Init
                0x00000000080138ec       0x56 Drivers/STM32F4xx_HAL_Driver/Src/stm32f4xx_hal_tim.o
                0x00000000080138ec                HAL_TIM_PWM_Init
 .text.HAL_TIM_PWM_MspInit
                0x0000000008013942       0x14 Drivers/STM32F4xx_HAL_Driver/Src/stm32f4xx_hal_tim.o
                0x0000000008013942                HAL_TIM_PWM_MspInit
 *fill*         0x0000000008013956        0x2 
 .text.HAL_TIM_PWM_Start
                0x0000000008013958       0x7c Drivers/STM32F4xx_HAL_Driver/Src/stm32f4xx_hal_tim.o
                0x0000000008013958                HAL_TIM_PWM_Start
 .text.HAL_TIM_PWM_Stop
                0x00000000080139d4       0xb0 Drivers/STM32F4xx_HAL_Driver/Src/stm32f4xx_hal_tim.o
                0x00000000080139d4                HAL_TIM_PWM_Stop
 .text.HAL_TIM_Encoder_Init
                0x0000000008013a84      0x124 Drivers/STM32F4xx_HAL_Driver/Src/stm32f4xx_hal_tim.o
                0x0000000008013a84                HAL_TIM_Encoder_Init
 .text.HAL_TIM_Encoder_Start
                0x0000000008013ba8       0x6e Drivers/STM32F4xx_HAL_Driver/Src/stm32f4xx_hal_tim.o
                0x0000000008013ba8                HAL_TIM_Encoder_Start
 .text.HAL_TIM_Encoder_Stop
                0x0000000008013c16       0x8e Drivers/STM32F4xx_HAL_Driver/Src/stm32f4xx_hal_tim.o
                0x0000000008013c16                HAL_TIM_Encoder_Stop
 .text.HAL_TIM_IRQHandler
                0x0000000008013ca4      0x210 Drivers/STM32F4xx_HAL_Driver/Src/stm32f4xx_hal_tim.o
                0x0000000008013ca4                HAL_TIM_IRQHandler
 .text.HAL_TIM_OC_ConfigChannel
                0x0000000008013eb4       0xc0 Drivers/STM32F4xx_HAL_Driver/Src/stm32f4xx_hal_tim.o
                0x0000000008013eb4                HAL_TIM_OC_ConfigChannel
 .text.HAL_TIM_PWM_ConfigChannel
                0x0000000008013f74      0x18c Drivers/STM32F4xx_HAL_Driver/Src/stm32f4xx_hal_tim.o
                0x0000000008013f74                HAL_TIM_PWM_ConfigChannel
 .text.HAL_TIM_ConfigClockSource
                0x0000000008014100      0x16e Drivers/STM32F4xx_HAL_Driver/Src/stm32f4xx_hal_tim.o
                0x0000000008014100                HAL_TIM_ConfigClockSource
 .text.HAL_TIM_OC_DelayElapsedCallback
                0x000000000801426e       0x14 Drivers/STM32F4xx_HAL_Driver/Src/stm32f4xx_hal_tim.o
                0x000000000801426e                HAL_TIM_OC_DelayElapsedCallback
 .text.HAL_TIM_IC_CaptureCallback
                0x0000000008014282       0x14 Drivers/STM32F4xx_HAL_Driver/Src/stm32f4xx_hal_tim.o
                0x0000000008014282                HAL_TIM_IC_CaptureCallback
 .text.HAL_TIM_PWM_PulseFinishedCallback
                0x0000000008014296       0x14 Drivers/STM32F4xx_HAL_Driver/Src/stm32f4xx_hal_tim.o
                0x0000000008014296                HAL_TIM_PWM_PulseFinishedCallback
 .text.HAL_TIM_TriggerCallback
                0x00000000080142aa       0x14 Drivers/STM32F4xx_HAL_Driver/Src/stm32f4xx_hal_tim.o
                0x00000000080142aa                HAL_TIM_TriggerCallback
 *fill*         0x00000000080142be        0x2 
 .text.TIM_Base_SetConfig
                0x00000000080142c0      0x140 Drivers/STM32F4xx_HAL_Driver/Src/stm32f4xx_hal_tim.o
                0x00000000080142c0                TIM_Base_SetConfig
 .text.TIM_OC1_SetConfig
                0x0000000008014400       0xe0 Drivers/STM32F4xx_HAL_Driver/Src/stm32f4xx_hal_tim.o
 .text.TIM_OC2_SetConfig
                0x00000000080144e0       0xec Drivers/STM32F4xx_HAL_Driver/Src/stm32f4xx_hal_tim.o
                0x00000000080144e0                TIM_OC2_SetConfig
 .text.TIM_OC3_SetConfig
                0x00000000080145cc       0xe8 Drivers/STM32F4xx_HAL_Driver/Src/stm32f4xx_hal_tim.o
 .text.TIM_OC4_SetConfig
                0x00000000080146b4       0xac Drivers/STM32F4xx_HAL_Driver/Src/stm32f4xx_hal_tim.o
 .text.TIM_TI1_ConfigInputStage
                0x0000000008014760       0x5e Drivers/STM32F4xx_HAL_Driver/Src/stm32f4xx_hal_tim.o
 .text.TIM_TI2_ConfigInputStage
                0x00000000080147be       0x60 Drivers/STM32F4xx_HAL_Driver/Src/stm32f4xx_hal_tim.o
 .text.TIM_ITRx_SetConfig
                0x000000000801481e       0x36 Drivers/STM32F4xx_HAL_Driver/Src/stm32f4xx_hal_tim.o
 .text.TIM_ETR_SetConfig
                0x0000000008014854       0x40 Drivers/STM32F4xx_HAL_Driver/Src/stm32f4xx_hal_tim.o
                0x0000000008014854                TIM_ETR_SetConfig
 .text.TIM_CCxChannelCmd
                0x0000000008014894       0x4a Drivers/STM32F4xx_HAL_Driver/Src/stm32f4xx_hal_tim.o
                0x0000000008014894                TIM_CCxChannelCmd
 .text.HAL_TIMEx_OCN_Start_IT
                0x00000000080148de       0xaa Drivers/STM32F4xx_HAL_Driver/Src/stm32f4xx_hal_tim_ex.o
                0x00000000080148de                HAL_TIMEx_OCN_Start_IT
 .text.HAL_TIMEx_OCN_Stop_IT
                0x0000000008014988       0xec Drivers/STM32F4xx_HAL_Driver/Src/stm32f4xx_hal_tim_ex.o
                0x0000000008014988                HAL_TIMEx_OCN_Stop_IT
 .text.HAL_TIMEx_MasterConfigSynchronization
                0x0000000008014a74       0xf8 Drivers/STM32F4xx_HAL_Driver/Src/stm32f4xx_hal_tim_ex.o
                0x0000000008014a74                HAL_TIMEx_MasterConfigSynchronization
 .text.HAL_TIMEx_ConfigBreakDeadTime
                0x0000000008014b6c       0xa4 Drivers/STM32F4xx_HAL_Driver/Src/stm32f4xx_hal_tim_ex.o
                0x0000000008014b6c                HAL_TIMEx_ConfigBreakDeadTime
 .text.HAL_TIMEx_CommutCallback
                0x0000000008014c10       0x14 Drivers/STM32F4xx_HAL_Driver/Src/stm32f4xx_hal_tim_ex.o
                0x0000000008014c10                HAL_TIMEx_CommutCallback
 .text.HAL_TIMEx_BreakCallback
                0x0000000008014c24       0x14 Drivers/STM32F4xx_HAL_Driver/Src/stm32f4xx_hal_tim_ex.o
                0x0000000008014c24                HAL_TIMEx_BreakCallback
 .text.TIM_CCxNChannelCmd
                0x0000000008014c38       0x4a Drivers/STM32F4xx_HAL_Driver/Src/stm32f4xx_hal_tim_ex.o
 .text.HAL_UART_Init
                0x0000000008014c82       0x9a Drivers/STM32F4xx_HAL_Driver/Src/stm32f4xx_hal_uart.o
                0x0000000008014c82                HAL_UART_Init
 .text.HAL_UART_Transmit
                0x0000000008014d1c      0x132 Drivers/STM32F4xx_HAL_Driver/Src/stm32f4xx_hal_uart.o
                0x0000000008014d1c                HAL_UART_Transmit
 .text.HAL_UART_Receive
                0x0000000008014e4e      0x14c Drivers/STM32F4xx_HAL_Driver/Src/stm32f4xx_hal_uart.o
                0x0000000008014e4e                HAL_UART_Receive
 .text.UART_WaitOnFlagUntilTimeout
                0x0000000008014f9a       0x94 Drivers/STM32F4xx_HAL_Driver/Src/stm32f4xx_hal_uart.o
 *fill*         0x000000000801502e        0x2 
 .text.UART_SetConfig
                0x0000000008015030      0x6f8 Drivers/STM32F4xx_HAL_Driver/Src/stm32f4xx_hal_uart.o
 .text.round    0x0000000008015728       0x94 c:/st/stm32cubeide_1.5.1/stm32cubeide/plugins/com.st.stm32cube.ide.mcu.externaltools.gnu-tools-for-stm32.7-2018-q2-update.win32_1.5.0.202011040924/tools/bin/../lib/gcc/arm-none-eabi/7.3.1/../../../../arm-none-eabi/lib/thumb/v7e-m/fpv4-sp/hard\libm.a(lib_a-s_round.o)
                0x0000000008015728                round
 .text.__errno  0x00000000080157bc        0xc c:/st/stm32cubeide_1.5.1/stm32cubeide/plugins/com.st.stm32cube.ide.mcu.externaltools.gnu-tools-for-stm32.7-2018-q2-update.win32_1.5.0.202011040924/tools/bin/../lib/gcc/arm-none-eabi/7.3.1/../../../../arm-none-eabi/lib/thumb/v7e-m/fpv4-sp/hard\libc_nano.a(lib_a-errno.o)
                0x00000000080157bc                __errno
 .text.__libc_init_array
                0x00000000080157c8       0x48 c:/st/stm32cubeide_1.5.1/stm32cubeide/plugins/com.st.stm32cube.ide.mcu.externaltools.gnu-tools-for-stm32.7-2018-q2-update.win32_1.5.0.202011040924/tools/bin/../lib/gcc/arm-none-eabi/7.3.1/../../../../arm-none-eabi/lib/thumb/v7e-m/fpv4-sp/hard\libc_nano.a(lib_a-init.o)
                0x00000000080157c8                __libc_init_array
 .text.memcpy   0x0000000008015810       0x16 c:/st/stm32cubeide_1.5.1/stm32cubeide/plugins/com.st.stm32cube.ide.mcu.externaltools.gnu-tools-for-stm32.7-2018-q2-update.win32_1.5.0.202011040924/tools/bin/../lib/gcc/arm-none-eabi/7.3.1/../../../../arm-none-eabi/lib/thumb/v7e-m/fpv4-sp/hard\libc_nano.a(lib_a-memcpy-stub.o)
                0x0000000008015810                memcpy
 .text.memset   0x0000000008015826       0x10 c:/st/stm32cubeide_1.5.1/stm32cubeide/plugins/com.st.stm32cube.ide.mcu.externaltools.gnu-tools-for-stm32.7-2018-q2-update.win32_1.5.0.202011040924/tools/bin/../lib/gcc/arm-none-eabi/7.3.1/../../../../arm-none-eabi/lib/thumb/v7e-m/fpv4-sp/hard\libc_nano.a(lib_a-memset.o)
                0x0000000008015826                memset
 .text.__cvt    0x0000000008015836       0xc2 c:/st/stm32cubeide_1.5.1/stm32cubeide/plugins/com.st.stm32cube.ide.mcu.externaltools.gnu-tools-for-stm32.7-2018-q2-update.win32_1.5.0.202011040924/tools/bin/../lib/gcc/arm-none-eabi/7.3.1/../../../../arm-none-eabi/lib/thumb/v7e-m/fpv4-sp/hard\libc_nano.a(lib_a-nano-vfprintf_float.o)
                0x0000000008015836                __cvt
 .text.__exponent
                0x00000000080158f8       0x66 c:/st/stm32cubeide_1.5.1/stm32cubeide/plugins/com.st.stm32cube.ide.mcu.externaltools.gnu-tools-for-stm32.7-2018-q2-update.win32_1.5.0.202011040924/tools/bin/../lib/gcc/arm-none-eabi/7.3.1/../../../../arm-none-eabi/lib/thumb/v7e-m/fpv4-sp/hard\libc_nano.a(lib_a-nano-vfprintf_float.o)
                0x00000000080158f8                __exponent
 *fill*         0x000000000801595e        0x2 
 .text._printf_float
                0x0000000008015960      0x480 c:/st/stm32cubeide_1.5.1/stm32cubeide/plugins/com.st.stm32cube.ide.mcu.externaltools.gnu-tools-for-stm32.7-2018-q2-update.win32_1.5.0.202011040924/tools/bin/../lib/gcc/arm-none-eabi/7.3.1/../../../../arm-none-eabi/lib/thumb/v7e-m/fpv4-sp/hard\libc_nano.a(lib_a-nano-vfprintf_float.o)
                0x0000000008015960                _printf_float
 .text._printf_common
                0x0000000008015de0       0xea c:/st/stm32cubeide_1.5.1/stm32cubeide/plugins/com.st.stm32cube.ide.mcu.externaltools.gnu-tools-for-stm32.7-2018-q2-update.win32_1.5.0.202011040924/tools/bin/../lib/gcc/arm-none-eabi/7.3.1/../../../../arm-none-eabi/lib/thumb/v7e-m/fpv4-sp/hard\libc_nano.a(lib_a-nano-vfprintf_i.o)
                0x0000000008015de0                _printf_common
 *fill*         0x0000000008015eca        0x2 
 .text._printf_i
                0x0000000008015ecc      0x224 c:/st/stm32cubeide_1.5.1/stm32cubeide/plugins/com.st.stm32cube.ide.mcu.externaltools.gnu-tools-for-stm32.7-2018-q2-update.win32_1.5.0.202011040924/tools/bin/../lib/gcc/arm-none-eabi/7.3.1/../../../../arm-none-eabi/lib/thumb/v7e-m/fpv4-sp/hard\libc_nano.a(lib_a-nano-vfprintf_i.o)
                0x0000000008015ecc                _printf_i
 .text._scanf_float
                0x00000000080160f0      0x3c4 c:/st/stm32cubeide_1.5.1/stm32cubeide/plugins/com.st.stm32cube.ide.mcu.externaltools.gnu-tools-for-stm32.7-2018-q2-update.win32_1.5.0.202011040924/tools/bin/../lib/gcc/arm-none-eabi/7.3.1/../../../../arm-none-eabi/lib/thumb/v7e-m/fpv4-sp/hard\libc_nano.a(lib_a-nano-vfscanf_float.o)
                0x00000000080160f0                _scanf_float
 .text.printf   0x00000000080164b4       0x30 c:/st/stm32cubeide_1.5.1/stm32cubeide/plugins/com.st.stm32cube.ide.mcu.externaltools.gnu-tools-for-stm32.7-2018-q2-update.win32_1.5.0.202011040924/tools/bin/../lib/gcc/arm-none-eabi/7.3.1/../../../../arm-none-eabi/lib/thumb/v7e-m/fpv4-sp/hard\libc_nano.a(lib_a-printf.o)
                0x00000000080164b4                iprintf
                0x00000000080164b4                printf
 .text._puts_r  0x00000000080164e4       0xb8 c:/st/stm32cubeide_1.5.1/stm32cubeide/plugins/com.st.stm32cube.ide.mcu.externaltools.gnu-tools-for-stm32.7-2018-q2-update.win32_1.5.0.202011040924/tools/bin/../lib/gcc/arm-none-eabi/7.3.1/../../../../arm-none-eabi/lib/thumb/v7e-m/fpv4-sp/hard\libc_nano.a(lib_a-puts.o)
                0x00000000080164e4                _puts_r
 .text.puts     0x000000000801659c       0x10 c:/st/stm32cubeide_1.5.1/stm32cubeide/plugins/com.st.stm32cube.ide.mcu.externaltools.gnu-tools-for-stm32.7-2018-q2-update.win32_1.5.0.202011040924/tools/bin/../lib/gcc/arm-none-eabi/7.3.1/../../../../arm-none-eabi/lib/thumb/v7e-m/fpv4-sp/hard\libc_nano.a(lib_a-puts.o)
                0x000000000801659c                puts
 .text.scanf    0x00000000080165ac       0x30 c:/st/stm32cubeide_1.5.1/stm32cubeide/plugins/com.st.stm32cube.ide.mcu.externaltools.gnu-tools-for-stm32.7-2018-q2-update.win32_1.5.0.202011040924/tools/bin/../lib/gcc/arm-none-eabi/7.3.1/../../../../arm-none-eabi/lib/thumb/v7e-m/fpv4-sp/hard\libc_nano.a(lib_a-scanf.o)
                0x00000000080165ac                scanf
                0x00000000080165ac                iscanf
 .text.setbuf   0x00000000080165dc       0x10 c:/st/stm32cubeide_1.5.1/stm32cubeide/plugins/com.st.stm32cube.ide.mcu.externaltools.gnu-tools-for-stm32.7-2018-q2-update.win32_1.5.0.202011040924/tools/bin/../lib/gcc/arm-none-eabi/7.3.1/../../../../arm-none-eabi/lib/thumb/v7e-m/fpv4-sp/hard\libc_nano.a(lib_a-setbuf.o)
                0x00000000080165dc                setbuf
 .text.setvbuf  0x00000000080165ec      0x15c c:/st/stm32cubeide_1.5.1/stm32cubeide/plugins/com.st.stm32cube.ide.mcu.externaltools.gnu-tools-for-stm32.7-2018-q2-update.win32_1.5.0.202011040924/tools/bin/../lib/gcc/arm-none-eabi/7.3.1/../../../../arm-none-eabi/lib/thumb/v7e-m/fpv4-sp/hard\libc_nano.a(lib_a-setvbuf.o)
                0x00000000080165ec                setvbuf
 .text.nanf     0x0000000008016748        0xc c:/st/stm32cubeide_1.5.1/stm32cubeide/plugins/com.st.stm32cube.ide.mcu.externaltools.gnu-tools-for-stm32.7-2018-q2-update.win32_1.5.0.202011040924/tools/bin/../lib/gcc/arm-none-eabi/7.3.1/../../../../arm-none-eabi/lib/thumb/v7e-m/fpv4-sp/hard\libc_nano.a(lib_a-sf_nan.o)
                0x0000000008016748                nanf
 .text.sprintf  0x0000000008016754       0x40 c:/st/stm32cubeide_1.5.1/stm32cubeide/plugins/com.st.stm32cube.ide.mcu.externaltools.gnu-tools-for-stm32.7-2018-q2-update.win32_1.5.0.202011040924/tools/bin/../lib/gcc/arm-none-eabi/7.3.1/../../../../arm-none-eabi/lib/thumb/v7e-m/fpv4-sp/hard\libc_nano.a(lib_a-sprintf.o)
                0x0000000008016754                siprintf
                0x0000000008016754                sprintf
 .text.unlikely.sulp
                0x0000000008016794       0x38 c:/st/stm32cubeide_1.5.1/stm32cubeide/plugins/com.st.stm32cube.ide.mcu.externaltools.gnu-tools-for-stm32.7-2018-q2-update.win32_1.5.0.202011040924/tools/bin/../lib/gcc/arm-none-eabi/7.3.1/../../../../arm-none-eabi/lib/thumb/v7e-m/fpv4-sp/hard\libc_nano.a(lib_a-strtod.o)
 *fill*         0x00000000080167cc        0x4 
 .text._strtod_l
                0x00000000080167d0      0xbe8 c:/st/stm32cubeide_1.5.1/stm32cubeide/plugins/com.st.stm32cube.ide.mcu.externaltools.gnu-tools-for-stm32.7-2018-q2-update.win32_1.5.0.202011040924/tools/bin/../lib/gcc/arm-none-eabi/7.3.1/../../../../arm-none-eabi/lib/thumb/v7e-m/fpv4-sp/hard\libc_nano.a(lib_a-strtod.o)
                0x00000000080167d0                _strtod_l
 .text._strtod_r
                0x00000000080173b8       0x20 c:/st/stm32cubeide_1.5.1/stm32cubeide/plugins/com.st.stm32cube.ide.mcu.externaltools.gnu-tools-for-stm32.7-2018-q2-update.win32_1.5.0.202011040924/tools/bin/../lib/gcc/arm-none-eabi/7.3.1/../../../../arm-none-eabi/lib/thumb/v7e-m/fpv4-sp/hard\libc_nano.a(lib_a-strtod.o)
                0x00000000080173b8                _strtod_r
 .text._strtol_l.isra.0
                0x00000000080173d8       0xf6 c:/st/stm32cubeide_1.5.1/stm32cubeide/plugins/com.st.stm32cube.ide.mcu.externaltools.gnu-tools-for-stm32.7-2018-q2-update.win32_1.5.0.202011040924/tools/bin/../lib/gcc/arm-none-eabi/7.3.1/../../../../arm-none-eabi/lib/thumb/v7e-m/fpv4-sp/hard\libc_nano.a(lib_a-strtol.o)
 *fill*         0x00000000080174ce        0x2 
 .text._strtol_r
                0x00000000080174d0       0x24 c:/st/stm32cubeide_1.5.1/stm32cubeide/plugins/com.st.stm32cube.ide.mcu.externaltools.gnu-tools-for-stm32.7-2018-q2-update.win32_1.5.0.202011040924/tools/bin/../lib/gcc/arm-none-eabi/7.3.1/../../../../arm-none-eabi/lib/thumb/v7e-m/fpv4-sp/hard\libc_nano.a(lib_a-strtol.o)
                0x00000000080174d0                _strtol_r
 .text.__swbuf_r
                0x00000000080174f4       0xa4 c:/st/stm32cubeide_1.5.1/stm32cubeide/plugins/com.st.stm32cube.ide.mcu.externaltools.gnu-tools-for-stm32.7-2018-q2-update.win32_1.5.0.202011040924/tools/bin/../lib/gcc/arm-none-eabi/7.3.1/../../../../arm-none-eabi/lib/thumb/v7e-m/fpv4-sp/hard\libc_nano.a(lib_a-wbuf.o)
                0x00000000080174f4                __swbuf_r
 .text.__swsetup_r
                0x0000000008017598       0xdc c:/st/stm32cubeide_1.5.1/stm32cubeide/plugins/com.st.stm32cube.ide.mcu.externaltools.gnu-tools-for-stm32.7-2018-q2-update.win32_1.5.0.202011040924/tools/bin/../lib/gcc/arm-none-eabi/7.3.1/../../../../arm-none-eabi/lib/thumb/v7e-m/fpv4-sp/hard\libc_nano.a(lib_a-wsetup.o)
                0x0000000008017598                __swsetup_r
 .text.quorem   0x0000000008017674      0x118 c:/st/stm32cubeide_1.5.1/stm32cubeide/plugins/com.st.stm32cube.ide.mcu.externaltools.gnu-tools-for-stm32.7-2018-q2-update.win32_1.5.0.202011040924/tools/bin/../lib/gcc/arm-none-eabi/7.3.1/../../../../arm-none-eabi/lib/thumb/v7e-m/fpv4-sp/hard\libc_nano.a(lib_a-dtoa.o)
 *fill*         0x000000000801778c        0x4 
 .text._dtoa_r  0x0000000008017790      0xb70 c:/st/stm32cubeide_1.5.1/stm32cubeide/plugins/com.st.stm32cube.ide.mcu.externaltools.gnu-tools-for-stm32.7-2018-q2-update.win32_1.5.0.202011040924/tools/bin/../lib/gcc/arm-none-eabi/7.3.1/../../../../arm-none-eabi/lib/thumb/v7e-m/fpv4-sp/hard\libc_nano.a(lib_a-dtoa.o)
                0x0000000008017790                _dtoa_r
 .text.__sflush_r
                0x0000000008018300      0x10c c:/st/stm32cubeide_1.5.1/stm32cubeide/plugins/com.st.stm32cube.ide.mcu.externaltools.gnu-tools-for-stm32.7-2018-q2-update.win32_1.5.0.202011040924/tools/bin/../lib/gcc/arm-none-eabi/7.3.1/../../../../arm-none-eabi/lib/thumb/v7e-m/fpv4-sp/hard\libc_nano.a(lib_a-fflush.o)
                0x0000000008018300                __sflush_r
 .text._fflush_r
                0x000000000801840c       0x54 c:/st/stm32cubeide_1.5.1/stm32cubeide/plugins/com.st.stm32cube.ide.mcu.externaltools.gnu-tools-for-stm32.7-2018-q2-update.win32_1.5.0.202011040924/tools/bin/../lib/gcc/arm-none-eabi/7.3.1/../../../../arm-none-eabi/lib/thumb/v7e-m/fpv4-sp/hard\libc_nano.a(lib_a-fflush.o)
                0x000000000801840c                _fflush_r
 .text.fflush   0x0000000008018460       0x24 c:/st/stm32cubeide_1.5.1/stm32cubeide/plugins/com.st.stm32cube.ide.mcu.externaltools.gnu-tools-for-stm32.7-2018-q2-update.win32_1.5.0.202011040924/tools/bin/../lib/gcc/arm-none-eabi/7.3.1/../../../../arm-none-eabi/lib/thumb/v7e-m/fpv4-sp/hard\libc_nano.a(lib_a-fflush.o)
                0x0000000008018460                fflush
 .text.std      0x0000000008018484       0x48 c:/st/stm32cubeide_1.5.1/stm32cubeide/plugins/com.st.stm32cube.ide.mcu.externaltools.gnu-tools-for-stm32.7-2018-q2-update.win32_1.5.0.202011040924/tools/bin/../lib/gcc/arm-none-eabi/7.3.1/../../../../arm-none-eabi/lib/thumb/v7e-m/fpv4-sp/hard\libc_nano.a(lib_a-findfp.o)
 .text._cleanup_r
                0x00000000080184cc        0xc c:/st/stm32cubeide_1.5.1/stm32cubeide/plugins/com.st.stm32cube.ide.mcu.externaltools.gnu-tools-for-stm32.7-2018-q2-update.win32_1.5.0.202011040924/tools/bin/../lib/gcc/arm-none-eabi/7.3.1/../../../../arm-none-eabi/lib/thumb/v7e-m/fpv4-sp/hard\libc_nano.a(lib_a-findfp.o)
                0x00000000080184cc                _cleanup_r
 .text.__sfmoreglue
                0x00000000080184d8       0x2c c:/st/stm32cubeide_1.5.1/stm32cubeide/plugins/com.st.stm32cube.ide.mcu.externaltools.gnu-tools-for-stm32.7-2018-q2-update.win32_1.5.0.202011040924/tools/bin/../lib/gcc/arm-none-eabi/7.3.1/../../../../arm-none-eabi/lib/thumb/v7e-m/fpv4-sp/hard\libc_nano.a(lib_a-findfp.o)
                0x00000000080184d8                __sfmoreglue
 .text.__sinit  0x0000000008018504       0x60 c:/st/stm32cubeide_1.5.1/stm32cubeide/plugins/com.st.stm32cube.ide.mcu.externaltools.gnu-tools-for-stm32.7-2018-q2-update.win32_1.5.0.202011040924/tools/bin/../lib/gcc/arm-none-eabi/7.3.1/../../../../arm-none-eabi/lib/thumb/v7e-m/fpv4-sp/hard\libc_nano.a(lib_a-findfp.o)
                0x0000000008018504                __sinit
 .text.__sfp    0x0000000008018564       0x78 c:/st/stm32cubeide_1.5.1/stm32cubeide/plugins/com.st.stm32cube.ide.mcu.externaltools.gnu-tools-for-stm32.7-2018-q2-update.win32_1.5.0.202011040924/tools/bin/../lib/gcc/arm-none-eabi/7.3.1/../../../../arm-none-eabi/lib/thumb/v7e-m/fpv4-sp/hard\libc_nano.a(lib_a-findfp.o)
                0x0000000008018564                __sfp
 .text._fwalk   0x00000000080185dc       0x38 c:/st/stm32cubeide_1.5.1/stm32cubeide/plugins/com.st.stm32cube.ide.mcu.externaltools.gnu-tools-for-stm32.7-2018-q2-update.win32_1.5.0.202011040924/tools/bin/../lib/gcc/arm-none-eabi/7.3.1/../../../../arm-none-eabi/lib/thumb/v7e-m/fpv4-sp/hard\libc_nano.a(lib_a-fwalk.o)
                0x00000000080185dc                _fwalk
 .text._fwalk_reent
                0x0000000008018614       0x3c c:/st/stm32cubeide_1.5.1/stm32cubeide/plugins/com.st.stm32cube.ide.mcu.externaltools.gnu-tools-for-stm32.7-2018-q2-update.win32_1.5.0.202011040924/tools/bin/../lib/gcc/arm-none-eabi/7.3.1/../../../../arm-none-eabi/lib/thumb/v7e-m/fpv4-sp/hard\libc_nano.a(lib_a-fwalk.o)
                0x0000000008018614                _fwalk_reent
 .text.rshift   0x0000000008018650       0x74 c:/st/stm32cubeide_1.5.1/stm32cubeide/plugins/com.st.stm32cube.ide.mcu.externaltools.gnu-tools-for-stm32.7-2018-q2-update.win32_1.5.0.202011040924/tools/bin/../lib/gcc/arm-none-eabi/7.3.1/../../../../arm-none-eabi/lib/thumb/v7e-m/fpv4-sp/hard\libc_nano.a(lib_a-gdtoa-gethex.o)
 .text.__hexdig_fun
                0x00000000080186c4       0x2a c:/st/stm32cubeide_1.5.1/stm32cubeide/plugins/com.st.stm32cube.ide.mcu.externaltools.gnu-tools-for-stm32.7-2018-q2-update.win32_1.5.0.202011040924/tools/bin/../lib/gcc/arm-none-eabi/7.3.1/../../../../arm-none-eabi/lib/thumb/v7e-m/fpv4-sp/hard\libc_nano.a(lib_a-gdtoa-gethex.o)
                0x00000000080186c4                __hexdig_fun
 .text.__gethex
                0x00000000080186ee      0x442 c:/st/stm32cubeide_1.5.1/stm32cubeide/plugins/com.st.stm32cube.ide.mcu.externaltools.gnu-tools-for-stm32.7-2018-q2-update.win32_1.5.0.202011040924/tools/bin/../lib/gcc/arm-none-eabi/7.3.1/../../../../arm-none-eabi/lib/thumb/v7e-m/fpv4-sp/hard\libc_nano.a(lib_a-gdtoa-gethex.o)
                0x00000000080186ee                __gethex
 .text.L_shift  0x0000000008018b30       0x24 c:/st/stm32cubeide_1.5.1/stm32cubeide/plugins/com.st.stm32cube.ide.mcu.externaltools.gnu-tools-for-stm32.7-2018-q2-update.win32_1.5.0.202011040924/tools/bin/../lib/gcc/arm-none-eabi/7.3.1/../../../../arm-none-eabi/lib/thumb/v7e-m/fpv4-sp/hard\libc_nano.a(lib_a-gdtoa-hexnan.o)
 .text.__match  0x0000000008018b54       0x28 c:/st/stm32cubeide_1.5.1/stm32cubeide/plugins/com.st.stm32cube.ide.mcu.externaltools.gnu-tools-for-stm32.7-2018-q2-update.win32_1.5.0.202011040924/tools/bin/../lib/gcc/arm-none-eabi/7.3.1/../../../../arm-none-eabi/lib/thumb/v7e-m/fpv4-sp/hard\libc_nano.a(lib_a-gdtoa-hexnan.o)
                0x0000000008018b54                __match
 .text.__hexnan
                0x0000000008018b7c      0x120 c:/st/stm32cubeide_1.5.1/stm32cubeide/plugins/com.st.stm32cube.ide.mcu.externaltools.gnu-tools-for-stm32.7-2018-q2-update.win32_1.5.0.202011040924/tools/bin/../lib/gcc/arm-none-eabi/7.3.1/../../../../arm-none-eabi/lib/thumb/v7e-m/fpv4-sp/hard\libc_nano.a(lib_a-gdtoa-hexnan.o)
                0x0000000008018b7c                __hexnan
 .text.__locale_ctype_ptr_l
                0x0000000008018c9c        0x6 c:/st/stm32cubeide_1.5.1/stm32cubeide/plugins/com.st.stm32cube.ide.mcu.externaltools.gnu-tools-for-stm32.7-2018-q2-update.win32_1.5.0.202011040924/tools/bin/../lib/gcc/arm-none-eabi/7.3.1/../../../../arm-none-eabi/lib/thumb/v7e-m/fpv4-sp/hard\libc_nano.a(lib_a-locale.o)
                0x0000000008018c9c                __locale_ctype_ptr_l
 *fill*         0x0000000008018ca2        0x2 
 .text.__locale_ctype_ptr
                0x0000000008018ca4       0x1c c:/st/stm32cubeide_1.5.1/stm32cubeide/plugins/com.st.stm32cube.ide.mcu.externaltools.gnu-tools-for-stm32.7-2018-q2-update.win32_1.5.0.202011040924/tools/bin/../lib/gcc/arm-none-eabi/7.3.1/../../../../arm-none-eabi/lib/thumb/v7e-m/fpv4-sp/hard\libc_nano.a(lib_a-locale.o)
                0x0000000008018ca4                __locale_ctype_ptr
 .text.__localeconv_l
                0x0000000008018cc0        0x4 c:/st/stm32cubeide_1.5.1/stm32cubeide/plugins/com.st.stm32cube.ide.mcu.externaltools.gnu-tools-for-stm32.7-2018-q2-update.win32_1.5.0.202011040924/tools/bin/../lib/gcc/arm-none-eabi/7.3.1/../../../../arm-none-eabi/lib/thumb/v7e-m/fpv4-sp/hard\libc_nano.a(lib_a-localeconv.o)
                0x0000000008018cc0                __localeconv_l
 .text._localeconv_r
                0x0000000008018cc4       0x1c c:/st/stm32cubeide_1.5.1/stm32cubeide/plugins/com.st.stm32cube.ide.mcu.externaltools.gnu-tools-for-stm32.7-2018-q2-update.win32_1.5.0.202011040924/tools/bin/../lib/gcc/arm-none-eabi/7.3.1/../../../../arm-none-eabi/lib/thumb/v7e-m/fpv4-sp/hard\libc_nano.a(lib_a-localeconv.o)
                0x0000000008018cc4                _localeconv_r
 .text.__swhatbuf_r
                0x0000000008018ce0       0x48 c:/st/stm32cubeide_1.5.1/stm32cubeide/plugins/com.st.stm32cube.ide.mcu.externaltools.gnu-tools-for-stm32.7-2018-q2-update.win32_1.5.0.202011040924/tools/bin/../lib/gcc/arm-none-eabi/7.3.1/../../../../arm-none-eabi/lib/thumb/v7e-m/fpv4-sp/hard\libc_nano.a(lib_a-makebuf.o)
                0x0000000008018ce0                __swhatbuf_r
 .text.__smakebuf_r
                0x0000000008018d28       0x80 c:/st/stm32cubeide_1.5.1/stm32cubeide/plugins/com.st.stm32cube.ide.mcu.externaltools.gnu-tools-for-stm32.7-2018-q2-update.win32_1.5.0.202011040924/tools/bin/../lib/gcc/arm-none-eabi/7.3.1/../../../../arm-none-eabi/lib/thumb/v7e-m/fpv4-sp/hard\libc_nano.a(lib_a-makebuf.o)
                0x0000000008018d28                __smakebuf_r
 .text.malloc   0x0000000008018da8       0x10 c:/st/stm32cubeide_1.5.1/stm32cubeide/plugins/com.st.stm32cube.ide.mcu.externaltools.gnu-tools-for-stm32.7-2018-q2-update.win32_1.5.0.202011040924/tools/bin/../lib/gcc/arm-none-eabi/7.3.1/../../../../arm-none-eabi/lib/thumb/v7e-m/fpv4-sp/hard\libc_nano.a(lib_a-malloc.o)
                0x0000000008018da8                malloc
 .text.__ascii_mbtowc
                0x0000000008018db8       0x24 c:/st/stm32cubeide_1.5.1/stm32cubeide/plugins/com.st.stm32cube.ide.mcu.externaltools.gnu-tools-for-stm32.7-2018-q2-update.win32_1.5.0.202011040924/tools/bin/../lib/gcc/arm-none-eabi/7.3.1/../../../../arm-none-eabi/lib/thumb/v7e-m/fpv4-sp/hard\libc_nano.a(lib_a-mbtowc_r.o)
                0x0000000008018db8                __ascii_mbtowc
 .text._Balloc  0x0000000008018ddc       0x68 c:/st/stm32cubeide_1.5.1/stm32cubeide/plugins/com.st.stm32cube.ide.mcu.externaltools.gnu-tools-for-stm32.7-2018-q2-update.win32_1.5.0.202011040924/tools/bin/../lib/gcc/arm-none-eabi/7.3.1/../../../../arm-none-eabi/lib/thumb/v7e-m/fpv4-sp/hard\libc_nano.a(lib_a-mprec.o)
                0x0000000008018ddc                _Balloc
 .text._Bfree   0x0000000008018e44       0x2e c:/st/stm32cubeide_1.5.1/stm32cubeide/plugins/com.st.stm32cube.ide.mcu.externaltools.gnu-tools-for-stm32.7-2018-q2-update.win32_1.5.0.202011040924/tools/bin/../lib/gcc/arm-none-eabi/7.3.1/../../../../arm-none-eabi/lib/thumb/v7e-m/fpv4-sp/hard\libc_nano.a(lib_a-mprec.o)
                0x0000000008018e44                _Bfree
 .text.__multadd
                0x0000000008018e72       0x76 c:/st/stm32cubeide_1.5.1/stm32cubeide/plugins/com.st.stm32cube.ide.mcu.externaltools.gnu-tools-for-stm32.7-2018-q2-update.win32_1.5.0.202011040924/tools/bin/../lib/gcc/arm-none-eabi/7.3.1/../../../../arm-none-eabi/lib/thumb/v7e-m/fpv4-sp/hard\libc_nano.a(lib_a-mprec.o)
                0x0000000008018e72                __multadd
 .text.__s2b    0x0000000008018ee8       0x7c c:/st/stm32cubeide_1.5.1/stm32cubeide/plugins/com.st.stm32cube.ide.mcu.externaltools.gnu-tools-for-stm32.7-2018-q2-update.win32_1.5.0.202011040924/tools/bin/../lib/gcc/arm-none-eabi/7.3.1/../../../../arm-none-eabi/lib/thumb/v7e-m/fpv4-sp/hard\libc_nano.a(lib_a-mprec.o)
                0x0000000008018ee8                __s2b
 .text.__hi0bits
                0x0000000008018f64       0x3e c:/st/stm32cubeide_1.5.1/stm32cubeide/plugins/com.st.stm32cube.ide.mcu.externaltools.gnu-tools-for-stm32.7-2018-q2-update.win32_1.5.0.202011040924/tools/bin/../lib/gcc/arm-none-eabi/7.3.1/../../../../arm-none-eabi/lib/thumb/v7e-m/fpv4-sp/hard\libc_nano.a(lib_a-mprec.o)
                0x0000000008018f64                __hi0bits
 .text.__lo0bits
                0x0000000008018fa2       0x5e c:/st/stm32cubeide_1.5.1/stm32cubeide/plugins/com.st.stm32cube.ide.mcu.externaltools.gnu-tools-for-stm32.7-2018-q2-update.win32_1.5.0.202011040924/tools/bin/../lib/gcc/arm-none-eabi/7.3.1/../../../../arm-none-eabi/lib/thumb/v7e-m/fpv4-sp/hard\libc_nano.a(lib_a-mprec.o)
                0x0000000008018fa2                __lo0bits
 .text.__i2b    0x0000000008019000       0x12 c:/st/stm32cubeide_1.5.1/stm32cubeide/plugins/com.st.stm32cube.ide.mcu.externaltools.gnu-tools-for-stm32.7-2018-q2-update.win32_1.5.0.202011040924/tools/bin/../lib/gcc/arm-none-eabi/7.3.1/../../../../arm-none-eabi/lib/thumb/v7e-m/fpv4-sp/hard\libc_nano.a(lib_a-mprec.o)
                0x0000000008019000                __i2b
 .text.__multiply
                0x0000000008019012      0x12c c:/st/stm32cubeide_1.5.1/stm32cubeide/plugins/com.st.stm32cube.ide.mcu.externaltools.gnu-tools-for-stm32.7-2018-q2-update.win32_1.5.0.202011040924/tools/bin/../lib/gcc/arm-none-eabi/7.3.1/../../../../arm-none-eabi/lib/thumb/v7e-m/fpv4-sp/hard\libc_nano.a(lib_a-mprec.o)
                0x0000000008019012                __multiply
 *fill*         0x000000000801913e        0x2 
 .text.__pow5mult
                0x0000000008019140       0x9c c:/st/stm32cubeide_1.5.1/stm32cubeide/plugins/com.st.stm32cube.ide.mcu.externaltools.gnu-tools-for-stm32.7-2018-q2-update.win32_1.5.0.202011040924/tools/bin/../lib/gcc/arm-none-eabi/7.3.1/../../../../arm-none-eabi/lib/thumb/v7e-m/fpv4-sp/hard\libc_nano.a(lib_a-mprec.o)
                0x0000000008019140                __pow5mult
 .text.__lshift
                0x00000000080191dc       0xa8 c:/st/stm32cubeide_1.5.1/stm32cubeide/plugins/com.st.stm32cube.ide.mcu.externaltools.gnu-tools-for-stm32.7-2018-q2-update.win32_1.5.0.202011040924/tools/bin/../lib/gcc/arm-none-eabi/7.3.1/../../../../arm-none-eabi/lib/thumb/v7e-m/fpv4-sp/hard\libc_nano.a(lib_a-mprec.o)
                0x00000000080191dc                __lshift
 .text.__mcmp   0x0000000008019284       0x34 c:/st/stm32cubeide_1.5.1/stm32cubeide/plugins/com.st.stm32cube.ide.mcu.externaltools.gnu-tools-for-stm32.7-2018-q2-update.win32_1.5.0.202011040924/tools/bin/../lib/gcc/arm-none-eabi/7.3.1/../../../../arm-none-eabi/lib/thumb/v7e-m/fpv4-sp/hard\libc_nano.a(lib_a-mprec.o)
                0x0000000008019284                __mcmp
 .text.__mdiff  0x00000000080192b8       0xba c:/st/stm32cubeide_1.5.1/stm32cubeide/plugins/com.st.stm32cube.ide.mcu.externaltools.gnu-tools-for-stm32.7-2018-q2-update.win32_1.5.0.202011040924/tools/bin/../lib/gcc/arm-none-eabi/7.3.1/../../../../arm-none-eabi/lib/thumb/v7e-m/fpv4-sp/hard\libc_nano.a(lib_a-mprec.o)
                0x00000000080192b8                __mdiff
 *fill*         0x0000000008019372        0x2 
 .text.__ulp    0x0000000008019374       0x50 c:/st/stm32cubeide_1.5.1/stm32cubeide/plugins/com.st.stm32cube.ide.mcu.externaltools.gnu-tools-for-stm32.7-2018-q2-update.win32_1.5.0.202011040924/tools/bin/../lib/gcc/arm-none-eabi/7.3.1/../../../../arm-none-eabi/lib/thumb/v7e-m/fpv4-sp/hard\libc_nano.a(lib_a-mprec.o)
                0x0000000008019374                __ulp
 .text.__b2d    0x00000000080193c4       0x9c c:/st/stm32cubeide_1.5.1/stm32cubeide/plugins/com.st.stm32cube.ide.mcu.externaltools.gnu-tools-for-stm32.7-2018-q2-update.win32_1.5.0.202011040924/tools/bin/../lib/gcc/arm-none-eabi/7.3.1/../../../../arm-none-eabi/lib/thumb/v7e-m/fpv4-sp/hard\libc_nano.a(lib_a-mprec.o)
                0x00000000080193c4                __b2d
 .text.__d2b    0x0000000008019460       0x9e c:/st/stm32cubeide_1.5.1/stm32cubeide/plugins/com.st.stm32cube.ide.mcu.externaltools.gnu-tools-for-stm32.7-2018-q2-update.win32_1.5.0.202011040924/tools/bin/../lib/gcc/arm-none-eabi/7.3.1/../../../../arm-none-eabi/lib/thumb/v7e-m/fpv4-sp/hard\libc_nano.a(lib_a-mprec.o)
                0x0000000008019460                __d2b
 .text.__ratio  0x00000000080194fe       0x66 c:/st/stm32cubeide_1.5.1/stm32cubeide/plugins/com.st.stm32cube.ide.mcu.externaltools.gnu-tools-for-stm32.7-2018-q2-update.win32_1.5.0.202011040924/tools/bin/../lib/gcc/arm-none-eabi/7.3.1/../../../../arm-none-eabi/lib/thumb/v7e-m/fpv4-sp/hard\libc_nano.a(lib_a-mprec.o)
                0x00000000080194fe                __ratio
 .text.__copybits
                0x0000000008019564       0x34 c:/st/stm32cubeide_1.5.1/stm32cubeide/plugins/com.st.stm32cube.ide.mcu.externaltools.gnu-tools-for-stm32.7-2018-q2-update.win32_1.5.0.202011040924/tools/bin/../lib/gcc/arm-none-eabi/7.3.1/../../../../arm-none-eabi/lib/thumb/v7e-m/fpv4-sp/hard\libc_nano.a(lib_a-mprec.o)
                0x0000000008019564                __copybits
 .text.__any_on
                0x0000000008019598       0x42 c:/st/stm32cubeide_1.5.1/stm32cubeide/plugins/com.st.stm32cube.ide.mcu.externaltools.gnu-tools-for-stm32.7-2018-q2-update.win32_1.5.0.202011040924/tools/bin/../lib/gcc/arm-none-eabi/7.3.1/../../../../arm-none-eabi/lib/thumb/v7e-m/fpv4-sp/hard\libc_nano.a(lib_a-mprec.o)
                0x0000000008019598                __any_on
 .text._calloc_r
                0x00000000080195da       0x1c c:/st/stm32cubeide_1.5.1/stm32cubeide/plugins/com.st.stm32cube.ide.mcu.externaltools.gnu-tools-for-stm32.7-2018-q2-update.win32_1.5.0.202011040924/tools/bin/../lib/gcc/arm-none-eabi/7.3.1/../../../../arm-none-eabi/lib/thumb/v7e-m/fpv4-sp/hard\libc_nano.a(lib_a-nano-callocr.o)
                0x00000000080195da                _calloc_r
 *fill*         0x00000000080195f6        0x2 
 .text._free_r  0x00000000080195f8       0x9c c:/st/stm32cubeide_1.5.1/stm32cubeide/plugins/com.st.stm32cube.ide.mcu.externaltools.gnu-tools-for-stm32.7-2018-q2-update.win32_1.5.0.202011040924/tools/bin/../lib/gcc/arm-none-eabi/7.3.1/../../../../arm-none-eabi/lib/thumb/v7e-m/fpv4-sp/hard\libc_nano.a(lib_a-nano-freer.o)
                0x00000000080195f8                _free_r
 .text._malloc_r
                0x0000000008019694       0xb4 c:/st/stm32cubeide_1.5.1/stm32cubeide/plugins/com.st.stm32cube.ide.mcu.externaltools.gnu-tools-for-stm32.7-2018-q2-update.win32_1.5.0.202011040924/tools/bin/../lib/gcc/arm-none-eabi/7.3.1/../../../../arm-none-eabi/lib/thumb/v7e-m/fpv4-sp/hard\libc_nano.a(lib_a-nano-mallocr.o)
                0x0000000008019694                _malloc_r
 .text.__ssputs_r
                0x0000000008019748       0xb4 c:/st/stm32cubeide_1.5.1/stm32cubeide/plugins/com.st.stm32cube.ide.mcu.externaltools.gnu-tools-for-stm32.7-2018-q2-update.win32_1.5.0.202011040924/tools/bin/../lib/gcc/arm-none-eabi/7.3.1/../../../../arm-none-eabi/lib/thumb/v7e-m/fpv4-sp/hard\libc_nano.a(lib_a-nano-svfprintf.o)
                0x0000000008019748                __ssputs_r
 .text._svfprintf_r
                0x00000000080197fc      0x1f0 c:/st/stm32cubeide_1.5.1/stm32cubeide/plugins/com.st.stm32cube.ide.mcu.externaltools.gnu-tools-for-stm32.7-2018-q2-update.win32_1.5.0.202011040924/tools/bin/../lib/gcc/arm-none-eabi/7.3.1/../../../../arm-none-eabi/lib/thumb/v7e-m/fpv4-sp/hard\libc_nano.a(lib_a-nano-svfprintf.o)
                0x00000000080197fc                _svfiprintf_r
                0x00000000080197fc                _svfprintf_r
 .text.__sfputc_r
                0x00000000080199ec       0x2e c:/st/stm32cubeide_1.5.1/stm32cubeide/plugins/com.st.stm32cube.ide.mcu.externaltools.gnu-tools-for-stm32.7-2018-q2-update.win32_1.5.0.202011040924/tools/bin/../lib/gcc/arm-none-eabi/7.3.1/../../../../arm-none-eabi/lib/thumb/v7e-m/fpv4-sp/hard\libc_nano.a(lib_a-nano-vfprintf.o)
 .text.__sfputs_r
                0x0000000008019a1a       0x24 c:/st/stm32cubeide_1.5.1/stm32cubeide/plugins/com.st.stm32cube.ide.mcu.externaltools.gnu-tools-for-stm32.7-2018-q2-update.win32_1.5.0.202011040924/tools/bin/../lib/gcc/arm-none-eabi/7.3.1/../../../../arm-none-eabi/lib/thumb/v7e-m/fpv4-sp/hard\libc_nano.a(lib_a-nano-vfprintf.o)
                0x0000000008019a1a                __sfputs_r
 *fill*         0x0000000008019a3e        0x2 
 .text._vfprintf_r
                0x0000000008019a40      0x22c c:/st/stm32cubeide_1.5.1/stm32cubeide/plugins/com.st.stm32cube.ide.mcu.externaltools.gnu-tools-for-stm32.7-2018-q2-update.win32_1.5.0.202011040924/tools/bin/../lib/gcc/arm-none-eabi/7.3.1/../../../../arm-none-eabi/lib/thumb/v7e-m/fpv4-sp/hard\libc_nano.a(lib_a-nano-vfprintf.o)
                0x0000000008019a40                _vfprintf_r
                0x0000000008019a40                _vfiprintf_r
 .text.__svfscanf_r
                0x0000000008019c6c      0x2a0 c:/st/stm32cubeide_1.5.1/stm32cubeide/plugins/com.st.stm32cube.ide.mcu.externaltools.gnu-tools-for-stm32.7-2018-q2-update.win32_1.5.0.202011040924/tools/bin/../lib/gcc/arm-none-eabi/7.3.1/../../../../arm-none-eabi/lib/thumb/v7e-m/fpv4-sp/hard\libc_nano.a(lib_a-nano-vfscanf.o)
                0x0000000008019c6c                __svfscanf_r
                0x0000000008019c6c                __svfiscanf_r
 .text._vfscanf_r
                0x0000000008019f0c       0x50 c:/st/stm32cubeide_1.5.1/stm32cubeide/plugins/com.st.stm32cube.ide.mcu.externaltools.gnu-tools-for-stm32.7-2018-q2-update.win32_1.5.0.202011040924/tools/bin/../lib/gcc/arm-none-eabi/7.3.1/../../../../arm-none-eabi/lib/thumb/v7e-m/fpv4-sp/hard\libc_nano.a(lib_a-nano-vfscanf.o)
                0x0000000008019f0c                _vfscanf_r
                0x0000000008019f0c                _vfiscanf_r
 .text._scanf_chars
                0x0000000008019f5c       0xc6 c:/st/stm32cubeide_1.5.1/stm32cubeide/plugins/com.st.stm32cube.ide.mcu.externaltools.gnu-tools-for-stm32.7-2018-q2-update.win32_1.5.0.202011040924/tools/bin/../lib/gcc/arm-none-eabi/7.3.1/../../../../arm-none-eabi/lib/thumb/v7e-m/fpv4-sp/hard\libc_nano.a(lib_a-nano-vfscanf_i.o)
                0x0000000008019f5c                _scanf_chars
 *fill*         0x000000000801a022        0x2 
 .text._scanf_i
                0x000000000801a024      0x1e8 c:/st/stm32cubeide_1.5.1/stm32cubeide/plugins/com.st.stm32cube.ide.mcu.externaltools.gnu-tools-for-stm32.7-2018-q2-update.win32_1.5.0.202011040924/tools/bin/../lib/gcc/arm-none-eabi/7.3.1/../../../../arm-none-eabi/lib/thumb/v7e-m/fpv4-sp/hard\libc_nano.a(lib_a-nano-vfscanf_i.o)
                0x000000000801a024                _scanf_i
 .text.lflush   0x000000000801a20c       0x12 c:/st/stm32cubeide_1.5.1/stm32cubeide/plugins/com.st.stm32cube.ide.mcu.externaltools.gnu-tools-for-stm32.7-2018-q2-update.win32_1.5.0.202011040924/tools/bin/../lib/gcc/arm-none-eabi/7.3.1/../../../../arm-none-eabi/lib/thumb/v7e-m/fpv4-sp/hard\libc_nano.a(lib_a-refill.o)
 *fill*         0x000000000801a21e        0x2 
 .text.__srefill_r
                0x000000000801a220      0x118 c:/st/stm32cubeide_1.5.1/stm32cubeide/plugins/com.st.stm32cube.ide.mcu.externaltools.gnu-tools-for-stm32.7-2018-q2-update.win32_1.5.0.202011040924/tools/bin/../lib/gcc/arm-none-eabi/7.3.1/../../../../arm-none-eabi/lib/thumb/v7e-m/fpv4-sp/hard\libc_nano.a(lib_a-refill.o)
                0x000000000801a220                __srefill_r
 .text._sbrk_r  0x000000000801a338       0x20 c:/st/stm32cubeide_1.5.1/stm32cubeide/plugins/com.st.stm32cube.ide.mcu.externaltools.gnu-tools-for-stm32.7-2018-q2-update.win32_1.5.0.202011040924/tools/bin/../lib/gcc/arm-none-eabi/7.3.1/../../../../arm-none-eabi/lib/thumb/v7e-m/fpv4-sp/hard\libc_nano.a(lib_a-sbrkr.o)
                0x000000000801a338                _sbrk_r
 .text.__sccl   0x000000000801a358       0x64 c:/st/stm32cubeide_1.5.1/stm32cubeide/plugins/com.st.stm32cube.ide.mcu.externaltools.gnu-tools-for-stm32.7-2018-q2-update.win32_1.5.0.202011040924/tools/bin/../lib/gcc/arm-none-eabi/7.3.1/../../../../arm-none-eabi/lib/thumb/v7e-m/fpv4-sp/hard\libc_nano.a(lib_a-sccl.o)
                0x000000000801a358                __sccl
 .text.__sread  0x000000000801a3bc       0x22 c:/st/stm32cubeide_1.5.1/stm32cubeide/plugins/com.st.stm32cube.ide.mcu.externaltools.gnu-tools-for-stm32.7-2018-q2-update.win32_1.5.0.202011040924/tools/bin/../lib/gcc/arm-none-eabi/7.3.1/../../../../arm-none-eabi/lib/thumb/v7e-m/fpv4-sp/hard\libc_nano.a(lib_a-stdio.o)
                0x000000000801a3bc                __sread
 .text.__swrite
                0x000000000801a3de       0x38 c:/st/stm32cubeide_1.5.1/stm32cubeide/plugins/com.st.stm32cube.ide.mcu.externaltools.gnu-tools-for-stm32.7-2018-q2-update.win32_1.5.0.202011040924/tools/bin/../lib/gcc/arm-none-eabi/7.3.1/../../../../arm-none-eabi/lib/thumb/v7e-m/fpv4-sp/hard\libc_nano.a(lib_a-stdio.o)
                0x000000000801a3de                __swrite