Archive member included to satisfy reference by file (symbol)

c:/st2/stm32cubeide_1.5.1/stm32cubeide/plugins/com.st.stm32cube.ide.mcu.externaltools.gnu-tools-for-stm32.7-2018-q2-update.win32_1.5.0.202011040924/tools/bin/../lib/gcc/arm-none-eabi/7.3.1/../../../../arm-none-eabi/lib/thumb/v7e-m/fpv4-sp/hard\libm.a(lib_a-s_round.o)
                              Core/Src/Control.o (round)
c:/st2/stm32cubeide_1.5.1/stm32cubeide/plugins/com.st.stm32cube.ide.mcu.externaltools.gnu-tools-for-stm32.7-2018-q2-update.win32_1.5.0.202011040924/tools/bin/../lib/gcc/arm-none-eabi/7.3.1/../../../../arm-none-eabi/lib/thumb/v7e-m/fpv4-sp/hard\libc_nano.a(lib_a-errno.o)
                              Core/Src/syscalls.o (__errno)
c:/st2/stm32cubeide_1.5.1/stm32cubeide/plugins/com.st.stm32cube.ide.mcu.externaltools.gnu-tools-for-stm32.7-2018-q2-update.win32_1.5.0.202011040924/tools/bin/../lib/gcc/arm-none-eabi/7.3.1/../../../../arm-none-eabi/lib/thumb/v7e-m/fpv4-sp/hard\libc_nano.a(lib_a-exit.o)
                              c:/st2/stm32cubeide_1.5.1/stm32cubeide/plugins/com.st.stm32cube.ide.mcu.externaltools.gnu-tools-for-stm32.7-2018-q2-update.win32_1.5.0.202011040924/tools/bin/../lib/gcc/arm-none-eabi/7.3.1/../../../../arm-none-eabi/lib/thumb/v7e-m/fpv4-sp/hard/crt0.o (exit)
c:/st2/stm32cubeide_1.5.1/stm32cubeide/plugins/com.st.stm32cube.ide.mcu.externaltools.gnu-tools-for-stm32.7-2018-q2-update.win32_1.5.0.202011040924/tools/bin/../lib/gcc/arm-none-eabi/7.3.1/../../../../arm-none-eabi/lib/thumb/v7e-m/fpv4-sp/hard\libc_nano.a(lib_a-impure.o)
                              c:/st2/stm32cubeide_1.5.1/stm32cubeide/plugins/com.st.stm32cube.ide.mcu.externaltools.gnu-tools-for-stm32.7-2018-q2-update.win32_1.5.0.202011040924/tools/bin/../lib/gcc/arm-none-eabi/7.3.1/../../../../arm-none-eabi/lib/thumb/v7e-m/fpv4-sp/hard\libc_nano.a(lib_a-exit.o) (_global_impure_ptr)
c:/st2/stm32cubeide_1.5.1/stm32cubeide/plugins/com.st.stm32cube.ide.mcu.externaltools.gnu-tools-for-stm32.7-2018-q2-update.win32_1.5.0.202011040924/tools/bin/../lib/gcc/arm-none-eabi/7.3.1/../../../../arm-none-eabi/lib/thumb/v7e-m/fpv4-sp/hard\libc_nano.a(lib_a-init.o)
                              c:/st2/stm32cubeide_1.5.1/stm32cubeide/plugins/com.st.stm32cube.ide.mcu.externaltools.gnu-tools-for-stm32.7-2018-q2-update.win32_1.5.0.202011040924/tools/bin/../lib/gcc/arm-none-eabi/7.3.1/../../../../arm-none-eabi/lib/thumb/v7e-m/fpv4-sp/hard/crt0.o (__libc_init_array)
c:/st2/stm32cubeide_1.5.1/stm32cubeide/plugins/com.st.stm32cube.ide.mcu.externaltools.gnu-tools-for-stm32.7-2018-q2-update.win32_1.5.0.202011040924/tools/bin/../lib/gcc/arm-none-eabi/7.3.1/../../../../arm-none-eabi/lib/thumb/v7e-m/fpv4-sp/hard\libc_nano.a(lib_a-memcpy-stub.o)
                              Core/Src/Flash_F405.o (memcpy)
c:/st2/stm32cubeide_1.5.1/stm32cubeide/plugins/com.st.stm32cube.ide.mcu.externaltools.gnu-tools-for-stm32.7-2018-q2-update.win32_1.5.0.202011040924/tools/bin/../lib/gcc/arm-none-eabi/7.3.1/../../../../arm-none-eabi/lib/thumb/v7e-m/fpv4-sp/hard\libc_nano.a(lib_a-memset.o)
                              c:/st2/stm32cubeide_1.5.1/stm32cubeide/plugins/com.st.stm32cube.ide.mcu.externaltools.gnu-tools-for-stm32.7-2018-q2-update.win32_1.5.0.202011040924/tools/bin/../lib/gcc/arm-none-eabi/7.3.1/../../../../arm-none-eabi/lib/thumb/v7e-m/fpv4-sp/hard/crt0.o (memset)
c:/st2/stm32cubeide_1.5.1/stm32cubeide/plugins/com.st.stm32cube.ide.mcu.externaltools.gnu-tools-for-stm32.7-2018-q2-update.win32_1.5.0.202011040924/tools/bin/../lib/gcc/arm-none-eabi/7.3.1/../../../../arm-none-eabi/lib/thumb/v7e-m/fpv4-sp/hard\libc_nano.a(lib_a-nano-vfprintf_float.o)
                              (_printf_float)
c:/st2/stm32cubeide_1.5.1/stm32cubeide/plugins/com.st.stm32cube.ide.mcu.externaltools.gnu-tools-for-stm32.7-2018-q2-update.win32_1.5.0.202011040924/tools/bin/../lib/gcc/arm-none-eabi/7.3.1/../../../../arm-none-eabi/lib/thumb/v7e-m/fpv4-sp/hard\libc_nano.a(lib_a-nano-vfprintf_i.o)
                              c:/st2/stm32cubeide_1.5.1/stm32cubeide/plugins/com.st.stm32cube.ide.mcu.externaltools.gnu-tools-for-stm32.7-2018-q2-update.win32_1.5.0.202011040924/tools/bin/../lib/gcc/arm-none-eabi/7.3.1/../../../../arm-none-eabi/lib/thumb/v7e-m/fpv4-sp/hard\libc_nano.a(lib_a-nano-vfprintf_float.o) (_printf_common)
c:/st2/stm32cubeide_1.5.1/stm32cubeide/plugins/com.st.stm32cube.ide.mcu.externaltools.gnu-tools-for-stm32.7-2018-q2-update.win32_1.5.0.202011040924/tools/bin/../lib/gcc/arm-none-eabi/7.3.1/../../../../arm-none-eabi/lib/thumb/v7e-m/fpv4-sp/hard\libc_nano.a(lib_a-printf.o)
                              Core/Src/main.o (printf)
c:/st2/stm32cubeide_1.5.1/stm32cubeide/plugins/com.st.stm32cube.ide.mcu.externaltools.gnu-tools-for-stm32.7-2018-q2-update.win32_1.5.0.202011040924/tools/bin/../lib/gcc/arm-none-eabi/7.3.1/../../../../arm-none-eabi/lib/thumb/v7e-m/fpv4-sp/hard\libc_nano.a(lib_a-puts.o)
                              Core/Src/main.o (puts)
[...]
Memory Configuration

Name             Origin             Length             Attributes
CCMRAM           0x0000000010000000 0x0000000000010000 xrw
RAM              0x0000000020000000 0x0000000000020000 xrw
FLASH_SECTOR0    0x0000000008000000 0x0000000000004000 xr
FLASH_SECTOR1    0x0000000008004000 0x0000000000004000 xr
FLASH            0x0000000008008000 0x0000000000078000 xr
RUN_LOG          0x0000000008080000 0x0000000000080000 xr
*default*        0x0000000000000000 0xffffffffffffffff

Linker script and memory map

LOAD c:/st2/stm32cubeide_1.5.1/stm32cubeide/plugins/com.st.stm32cube.ide.mcu.externaltools.gnu-tools-for-stm32.7-2018-q2-update.win32_1.5.0.202011040924/tools/bin/../lib/gcc/arm-none-eabi/7.3.1/thumb/v7e-m/fpv4-sp/hard/crti.o
LOAD c:/st2/stm32cubeide_1.5.1/stm32cubeide/plugins/com.st.stm32cube.ide.mcu.externaltools.gnu-tools-for-stm32.7-2018-q2-update.win32_1.5.0.202011040924/tools/bin/../lib/gcc/arm-none-eabi/7.3.1/thumb/v7e-m/fpv4-sp/hard/crtbegin.o
LOAD c:/st2/stm32cubeide_1.5.1/stm32cubeide/plugins/com.st.stm32cube.ide.mcu.externaltools.gnu-tools-for-stm32.7-2018-q2-update.win32_1.5.0.202011040924/tools/bin/../lib/gcc/arm-none-eabi/7.3.1/../../../../arm-none-eabi/lib/thumb/v7e-m/fpv4-sp/hard/crt0.o
LOAD Core/Src/Control.o
LOAD Core/Src/Flash_F405.o
LOAD Core/Src/ICM_20648.o
LOAD Core/Src/main.o
LOAD Core/Src/stm32f4xx_hal_msp.o
LOAD Core/Src/stm32f4xx_it.o
LOAD Core/Src/syscalls.o
LOAD Core/Src/sysmem.o
LOAD Core/Src/system_stm32f4xx.o
LOAD Core/Startup/startup_stm32f405rgtx.o
LOAD Drivers/STM32F4xx_HAL_Driver/Src/stm32f4xx_hal.o
LOAD Drivers/STM32F4xx_HAL_Driver/Src/stm32f4xx_hal_adc.o
LOAD Drivers/STM32F4xx_HAL_Driver/Src/stm32f4xx_hal_adc_ex.o
LOAD Drivers/STM32F4xx_HAL_Driver/Src/stm32f4xx_hal_cortex.o
LOAD Drivers/STM32F4xx_HAL_Driver/Src/stm32f4xx_hal_dma.o
LOAD Drivers/STM32F4xx_HAL_Driver/Src/stm32f4xx_hal_dma_ex.o
LOAD Drivers/STM32F4xx_HAL_Driver/Src/stm32f4xx_hal_exti.o
LOAD Drivers/STM32F4xx_HAL_Driver/Src/stm32f4xx_hal_flash.o
LOAD Drivers/STM32F4xx_HAL_Driver/Src/stm32f4xx_hal_flash_ex.o
LOAD Drivers/STM32F4xx_HAL_Driver/Src/stm32f4xx_hal_flash_ramfunc.o
LOAD Drivers/STM32F4xx_HAL_Driver/Src/stm32f4xx_hal_gpio.o
LOAD Drivers/STM32F4xx_HAL_Driver/Src/stm32f4xx_hal_pwr.o
LOAD Drivers/STM32F4xx_HAL_Driver/Src/stm32f4xx_hal_pwr_ex.o
LOAD Drivers/STM32F4xx_HAL_Driver/Src/stm32f4xx_hal_rcc.o
LOAD Drivers/STM32F4xx_HAL_Driver/Src/stm32f4xx_hal_rcc_ex.o
LOAD Drivers/STM32F4xx_HAL_Driver/Src/stm32f4xx_hal_spi.o
LOAD Drivers/STM32F4xx_HAL_Driver/Src/stm32f4xx_hal_tim.o
LOAD Drivers/STM32F4xx_HAL_Driver/Src/stm32f4xx_hal_tim_ex.o
LOAD Drivers/STM32F4xx_HAL_Driver/Src/stm32f4xx_hal_uart.o
START GROUP
LOAD c:/st2/stm32cubeide_1.5.1/stm32cubeide/plugins/com.st.stm32cube.ide.mcu.externaltools.gnu-tools-for-stm32.7-2018-q2-update.win32_1.5.0.202011040924/tools/bin/../lib/gcc/arm-none-eabi/7.3.1/../../../../arm-none-eabi/lib/thumb/v7e-m/fpv4-sp/hard\libstdc++_nano.a
LOAD c:/st2/stm32cubeide_1.5.1/stm32cubeide/plugins/com.st.stm32cube.ide.mcu.externaltools.gnu-tools-for-stm32.7-2018-q2-update.win32_1.5.0.202011040924/tools/bin/../lib/gcc/arm-none-eabi/7.3.1/../../../../arm-none-eabi/lib/thumb/v7e-m/fpv4-sp/hard\libsupc++_nano.a
END GROUP
LOAD c:/st2/stm32cubeide_1.5.1/stm32cubeide/plugins/com.st.stm32cube.ide.mcu.externaltools.gnu-tools-for-stm32.7-2018-q2-update.win32_1.5.0.202011040924/tools/bin/../lib/gcc/arm-none-eabi/7.3.1/../../../../arm-none-eabi/lib/thumb/v7e-m/fpv4-sp/hard\libstdc++_nano.a
LOAD c:/st2/stm32cubeide_1.5.1/stm32cubeide/plugins/com.st.stm32cube.ide.mcu.externaltools.gnu-tools-for-stm32.7-2018-q2-update.win32_1.5.0.202011040924/tools/bin/../lib/gcc/arm-none-eabi/7.3.1/../../../../arm-none-eabi/lib/thumb/v7e-m/fpv4-sp/hard\libm.a
LOAD c:/st2/stm32cubeide_1.5.1/stm32cubeide/plugins/com.st.stm32cube.ide.mcu.externaltools.gnu-tools-for-stm32.7-2018-q2-update.win32_1.5.0.202011040924/tools/bin/../lib/gcc/arm-none-eabi/7.3.1/../../../../arm-none-eabi/lib/thumb/v7e-m/fpv4-sp/hard\libc_nano.a
START GROUP
LOAD c:/st2/stm32cubeide_1.5.1/stm32cubeide/plugins/com.st.stm32cube.ide.mcu.externaltools.gnu-tools-for-stm32.7-2018-q2-update.win32_1.5.0.202011040924/tools/bin/../lib/gcc/arm-none-eabi/7.3.1/thumb/v7e-m/fpv4-sp/hard\libgcc.a
LOAD c:/st2/stm32cubeide_1.5.1/stm32cubeide/plugins/com.st.stm32cube.ide.mcu.externaltools.gnu-tools-for-stm32.7-2018-q2-update.win32_1.5.0.202011040924/tools/bin/../lib/gcc/arm-none-eabi/7.3.1/../../../../arm-none-eabi/lib/thumb/v7e-m/fpv4-sp/hard\libc_nano.a
END GROUP
START GROUP
LOAD c:/st2/stm32cubeide_1.5.1/stm32cubeide/plugins/com.st.stm32cube.ide.mcu.externaltools.gnu-tools-for-stm32.7-2018-q2-update.win32_1.5.0.202011040924/tools/bin/../lib/gcc/arm-none-eabi/7.3.1/thumb/v7e-m/fpv4-sp/hard\libgcc.a
LOAD c:/st2/stm32cubeide_1.5.1/stm32cubeide/plugins/com.st.stm32cube.ide.mcu.externaltools.gnu-tools-for-stm32.7-2018-q2-update.win32_1.5.0.202011040924/tools/bin/../lib/gcc/arm-none-eabi/7.3.1/../../../../arm-none-eabi/lib/thumb/v7e-m/fpv4-sp/hard\libc_nano.a
LOAD c:/st2/stm32cubeide_1.5.1/stm32cubeide/plugins/com.st.stm32cube.ide.mcu.externaltools.gnu-tools-for-stm32.7-2018-q2-update.win32_1.5.0.202011040924/tools/bin/../lib/gcc/arm-none-eabi/7.3.1/../../../../arm-none-eabi/lib/thumb/v7e-m/fpv4-sp/hard\libnosys.a
END GROUP
START GROUP
LOAD c:/st2/stm32cubeide_1.5.1/stm32cubeide/plugins/com.st.stm32cube.ide.mcu.externaltools.gnu-tools-for-stm32.7-2018-q2-update.win32_1.5.0.202011040924/tools/bin/../lib/gcc/arm-none-eabi/7.3.1/thumb/v7e-m/fpv4-sp/hard\libgcc.a
LOAD c:/st2/stm32cubeide_1.5.1/stm32cubeide/plugins/com.st.stm32cube.ide.mcu.externaltools.gnu-tools-for-stm32.7-2018-q2-update.win32_1.5.0.202011040924/tools/bin/../lib/gcc/arm-none-eabi/7.3.1/../../../../arm-none-eabi/lib/thumb/v7e-m/fpv4-sp/hard\libc_nano.a
LOAD c:/st2/stm32cubeide_1.5.1/stm32cubeide/plugins/com.st.stm32cube.ide.mcu.externaltools.gnu-tools-for-stm32.7-2018-q2-update.win32_1.5.0.202011040924/tools/bin/../lib/gcc/arm-none-eabi/7.3.1/../../../../arm-none-eabi/lib/thumb/v7e-m/fpv4-sp/hard\libnosys.a
END GROUP
LOAD c:/st2/stm32cubeide_1.5.1/stm32cubeide/plugins/com.st.stm32cube.ide.mcu.externaltools.gnu-tools-for-stm32.7-2018-q2-update.win32_1.5.0.202011040924/tools/bin/../lib/gcc/arm-none-eabi/7.3.1/thumb/v7e-m/fpv4-sp/hard/crtend.o
LOAD c:/st2/stm32cubeide_1.5.1/stm32cubeide/plugins/com.st.stm32cube.ide.mcu.externaltools.gnu-tools-for-stm32.7-2018-q2-update.win32_1.5.0.202011040924/tools/bin/../lib/gcc/arm-none-eabi/7.3.1/thumb/v7e-m/fpv4-sp/hard/crtn.o
                0x0000000020020000                _estack = (ORIGIN (RAM) + LENGTH (RAM))
                0x0000000000000200                _Min_Heap_Size = 0x200
                0x0000000000000400                _Min_Stack_Size = 0x400

.isr_vector     0x0000000008000000      0x188
                0x0000000008000000                . = ALIGN (0x4)
 *(.isr_vector)
 .isr_vector    0x0000000008000000      0x188 Core/Startup/startup_stm32f405rgtx.o
                0x0000000008000000                g_pfnVectors
                0x0000000008000188                . = ALIGN (0x4)

.backup_flash   0x0000000008004000     0x4000
                0x0000000008004000                _backup_flash_start = .
                0x0000000008008000                . = (. + LENGTH (FLASH_SECTOR1))
 *fill*         0x0000000008004000     0x4000 

.backup_flash_run
                0x0000000008080000    0x80000
                0x0000000008080000                _backup_flash_start_run = .
                0x0000000008100000                . = (. + LENGTH (RUN_LOG))
 *fill*         0x0000000008080000    0x80000 

.text           0x0000000008008000    0x10420
                0x0000000008008000                . = ALIGN (0x4)
 *(.text)
 .text          0x0000000008008000       0x40 c:/st2/stm32cubeide_1.5.1/stm32cubeide/plugins/com.st.stm32cube.ide.mcu.externaltools.gnu-tools-for-stm32.7-2018-q2-update.win32_1.5.0.202011040924/tools/bin/../lib/gcc/arm-none-eabi/7.3.1/thumb/v7e-m/fpv4-sp/hard/crtbegin.o
 .text          0x0000000008008040       0x10 c:/st2/stm32cubeide_1.5.1/stm32cubeide/plugins/com.st.stm32cube.ide.mcu.externaltools.gnu-tools-for-stm32.7-2018-q2-update.win32_1.5.0.202011040924/tools/bin/../lib/gcc/arm-none-eabi/7.3.1/../../../../arm-none-eabi/lib/thumb/v7e-m/fpv4-sp/hard\libc_nano.a(lib_a-strlen.o)
                0x0000000008008040                strlen
 .text          0x0000000008008050       0xa0 c:/st2/stm32cubeide_1.5.1/stm32cubeide/plugins/com.st.stm32cube.ide.mcu.externaltools.gnu-tools-for-stm32.7-2018-q2-update.win32_1.5.0.202011040924/tools/bin/../lib/gcc/arm-none-eabi/7.3.1/../../../../arm-none-eabi/lib/thumb/v7e-m/fpv4-sp/hard\libc_nano.a(lib_a-memchr.o)
                0x0000000008008050                memchr
 .text          0x00000000080080f0      0x378 c:/st2/stm32cubeide_1.5.1/stm32cubeide/plugins/com.st.stm32cube.ide.mcu.externaltools.gnu-tools-for-stm32.7-2018-q2-update.win32_1.5.0.202011040924/tools/bin/../lib/gcc/arm-none-eabi/7.3.1/thumb/v7e-m/fpv4-sp/hard\libgcc.a(_arm_addsubdf3.o)
                0x00000000080080f0                __aeabi_drsub
                0x00000000080080f8                __aeabi_dsub
                0x00000000080080f8                __subdf3
                0x00000000080080fc                __aeabi_dadd
                0x00000000080080fc                __adddf3
                0x0000000008008374                __floatunsidf
                0x0000000008008374                __aeabi_ui2d
                0x0000000008008394                __floatsidf
                0x0000000008008394                __aeabi_i2d
                0x00000000080083b8                __aeabi_f2d
                0x00000000080083b8                __extendsfdf2
                0x00000000080083fc                __floatundidf
                0x00000000080083fc                __aeabi_ul2d
                0x000000000800840c                __floatdidf
                0x000000000800840c                __aeabi_l2d
 .text          0x0000000008008468      0x424 c:/st2/stm32cubeide_1.5.1/stm32cubeide/plugins/com.st.stm32cube.ide.mcu.externaltools.gnu-tools-for-stm32.7-2018-q2-update.win32_1.5.0.202011040924/tools/bin/../lib/gcc/arm-none-eabi/7.3.1/thumb/v7e-m/fpv4-sp/hard\libgcc.a(_arm_muldivdf3.o)
                0x0000000008008468                __aeabi_dmul
                0x0000000008008468                __muldf3
                0x00000000080086bc                __divdf3
                0x00000000080086bc                __aeabi_ddiv
 .text          0x000000000800888c      0x110 c:/st2/stm32cubeide_1.5.1/stm32cubeide/plugins/com.st.stm32cube.ide.mcu.externaltools.gnu-tools-for-stm32.7-2018-q2-update.win32_1.5.0.202011040924/tools/bin/../lib/gcc/arm-none-eabi/7.3.1/thumb/v7e-m/fpv4-sp/hard\libgcc.a(_arm_cmpdf2.o)
                0x000000000800888c                __gtdf2
                0x000000000800888c                __gedf2
                0x0000000008008894                __ltdf2
                0x0000000008008894                __ledf2
                0x000000000800889c                __nedf2
                0x000000000800889c                __eqdf2
                0x000000000800889c                __cmpdf2
                0x0000000008008918                __aeabi_cdrcmple
                0x0000000008008928                __aeabi_cdcmpeq
                0x0000000008008928                __aeabi_cdcmple
                0x0000000008008938                __aeabi_dcmpeq
                0x000000000800894c                __aeabi_dcmplt
                0x0000000008008960                __aeabi_dcmple
                0x0000000008008974                __aeabi_dcmpge
                0x0000000008008988                __aeabi_dcmpgt
 .text          0x000000000800899c       0x2c c:/st2/stm32cubeide_1.5.1/stm32cubeide/plugins/com.st.stm32cube.ide.mcu.externaltools.gnu-tools-for-stm32.7-2018-q2-update.win32_1.5.0.202011040924/tools/bin/../lib/gcc/arm-none-eabi/7.3.1/thumb/v7e-m/fpv4-sp/hard\libgcc.a(_arm_unorddf2.o)
                0x000000000800899c                __unorddf2
                0x000000000800899c                __aeabi_dcmpun
 .text          0x00000000080089c8       0x50 c:/st2/stm32cubeide_1.5.1/stm32cubeide/plugins/com.st.stm32cube.ide.mcu.externaltools.gnu-tools-for-stm32.7-2018-q2-update.win32_1.5.0.202011040924/tools/bin/../lib/gcc/arm-none-eabi/7.3.1/thumb/v7e-m/fpv4-sp/hard\libgcc.a(_arm_fixdfsi.o)
                0x00000000080089c8                __aeabi_d2iz
                0x00000000080089c8                __fixdfsi
 .text          0x0000000008008a18       0xa0 c:/st2/stm32cubeide_1.5.1/stm32cubeide/plugins/com.st.stm32cube.ide.mcu.externaltools.gnu-tools-for-stm32.7-2018-q2-update.win32_1.5.0.202011040924/tools/bin/../lib/gcc/arm-none-eabi/7.3.1/thumb/v7e-m/fpv4-sp/hard\libgcc.a(_arm_truncdfsf2.o)
                0x0000000008008a18                __truncdfsf2
                0x0000000008008a18                __aeabi_d2f
 .text          0x0000000008008ab8       0x30 c:/st2/stm32cubeide_1.5.1/stm32cubeide/plugins/com.st.stm32cube.ide.mcu.externaltools.gnu-tools-for-stm32.7-2018-q2-update.win32_1.5.0.202011040924/tools/bin/../lib/gcc/arm-none-eabi/7.3.1/thumb/v7e-m/fpv4-sp/hard\libgcc.a(_aeabi_uldivmod.o)
                0x0000000008008ab8                __aeabi_uldivmod
 .text          0x0000000008008ae8      0x2cc c:/st2/stm32cubeide_1.5.1/stm32cubeide/plugins/com.st.stm32cube.ide.mcu.externaltools.gnu-tools-for-stm32.7-2018-q2-update.win32_1.5.0.202011040924/tools/bin/../lib/gcc/arm-none-eabi/7.3.1/thumb/v7e-m/fpv4-sp/hard\libgcc.a(_udivmoddi4.o)
                0x0000000008008ae8                __udivmoddi4
 .text          0x0000000008008db4        0x4 c:/st2/stm32cubeide_1.5.1/stm32cubeide/plugins/com.st.stm32cube.ide.mcu.externaltools.gnu-tools-for-stm32.7-2018-q2-update.win32_1.5.0.202011040924/tools/bin/../lib/gcc/arm-none-eabi/7.3.1/thumb/v7e-m/fpv4-sp/hard\libgcc.a(_dvmd_tls.o)
                0x0000000008008db4                __aeabi_idiv0
                0x0000000008008db4                __aeabi_ldiv0
 *(.text*)
 .text.Side_Wall_Control
                0x0000000008008db8      0x170 Core/Src/Control.o
                0x0000000008008db8                Side_Wall_Control
 .text.Left_Wall_Control
                0x0000000008008f28      0x188 Core/Src/Control.o
                0x0000000008008f28                Left_Wall_Control
 .text.Right_Wall_Control
                0x00000000080090b0      0x188 Core/Src/Control.o
                0x00000000080090b0                Right_Wall_Control
 .text.Velocity_Control
                0x0000000008009238      0x15c Core/Src/Control.o
                0x0000000008009238                Velocity_Control
 .text.Right_Velo_Control
                0x0000000008009394      0x104 Core/Src/Control.o
                0x0000000008009394                Right_Velo_Control
 .text.Left_Velo_Control
                0x0000000008009498      0x104 Core/Src/Control.o
                0x0000000008009498                Left_Velo_Control
 .text.Enc_Velo_Control
                0x000000000800959c      0x168 Core/Src/Control.o
                0x000000000800959c                Enc_Velo_Control
 .text.FLASH_Unlock
                0x0000000008009704       0x28 Core/Src/Flash_F405.o
 .text.FLASH_Lock
                0x000000000800972c       0x20 Core/Src/Flash_F405.o
 .text.FLASH_WaitBusy
                0x000000000800974c       0x20 Core/Src/Flash_F405.o
                0x000000000800974c                FLASH_WaitBusy
 .text.FLASH_Erease8
                0x000000000800976c       0x40 Core/Src/Flash_F405.o
                0x000000000800976c                FLASH_Erease8
 .text.FLASH_Write_Word_F
                0x00000000080097ac       0x54 Core/Src/Flash_F405.o
                0x00000000080097ac                FLASH_Write_Word_F
 .text.FLASH_ReadData
                0x0000000008009800       0x20 Core/Src/Flash_F405.o
                0x0000000008009800                FLASH_ReadData
 .text.read_byte
                0x0000000008009820       0x58 Core/Src/ICM_20648.o
                0x0000000008009820                read_byte
 .text.write_byte
                0x0000000008009878       0x58 Core/Src/ICM_20648.o
                0x0000000008009878                write_byte
 .text.IMU_init
                0x00000000080098d0       0x54 Core/Src/ICM_20648.o
                0x00000000080098d0                IMU_init
 .text.read_gyro_data
                0x0000000008009924       0x70 Core/Src/ICM_20648.o
                0x0000000008009924                read_gyro_data
 .text.read_accel_data
                0x0000000008009994       0x70 Core/Src/ICM_20648.o
                0x0000000008009994                read_accel_data
 .text.__io_putchar
                0x0000000008009a04       0x24 Core/Src/main.o
                0x0000000008009a04                __io_putchar
 .text.Motor_Count_Clear
                0x0000000008009a28      0x104 Core/Src/main.o
                0x0000000008009a28                Motor_Count_Clear
 .text.Tim_Count
                0x0000000008009b2c       0x80 Core/Src/main.o
                0x0000000008009b2c                Tim_Count
 .text.map_init
                0x0000000008009bac      0x104 Core/Src/main.o
                0x0000000008009bac                map_init
 .text.mapcopy  0x0000000008009cb0      0x15c Core/Src/main.o
                0x0000000008009cb0                mapcopy
 .text.mapprint
                0x0000000008009e0c      0x14c Core/Src/main.o
                0x0000000008009e0c                mapprint
 .text.Flash_clear
                0x0000000008009f58       0x52 Core/Src/main.o
                0x0000000008009f58                Flash_clear
 *fill*         0x0000000008009faa        0x2 
 .text.Flash_load
                0x0000000008009fac       0x24 Core/Src/main.o
                0x0000000008009fac                Flash_load
 .text.Flash_store
                0x0000000008009fd0       0x8c Core/Src/main.o
                0x0000000008009fd0                Flash_store
 .text.Emitter_ON
                0x000000000800a05c       0x1c Core/Src/main.o
                0x000000000800a05c                Emitter_ON
 .text.Emitter_OFF
                0x000000000800a078       0x1c Core/Src/main.o
                0x000000000800a078                Emitter_OFF
 .text.ADC_Start
                0x000000000800a094       0x40 Core/Src/main.o
                0x000000000800a094                ADC_Start
 .text.ADC_Stop
                0x000000000800a0d4       0x30 Core/Src/main.o
                0x000000000800a0d4                ADC_Stop
 .text.Encoder_Start
                0x000000000800a104       0x20 Core/Src/main.o
                0x000000000800a104                Encoder_Start
 .text.Motor_PWM_Start
                0x000000000800a124       0x34 Core/Src/main.o
                0x000000000800a124                Motor_PWM_Start
 .text.Motor_PWM_Stop
                0x000000000800a158       0x34 Core/Src/main.o
                0x000000000800a158                Motor_PWM_Stop
 .text.Init     0x000000000800a18c       0x18 Core/Src/main.o
                0x000000000800a18c                Init
 .text.lowpass_filter
                0x000000000800a1a4       0x84 Core/Src/main.o
                0x000000000800a1a4                lowpass_filter
 .text.IMU_Get_Data
                0x000000000800a228      0x160 Core/Src/main.o
                0x000000000800a228                IMU_Get_Data
 .text.IMU_Control
                0x000000000800a388      0x218 Core/Src/main.o
                0x000000000800a388                IMU_Control
 .text.IMU_Calib
                0x000000000800a5a0       0xfc Core/Src/main.o
                0x000000000800a5a0                IMU_Calib
 .text.LED_Change
                0x000000000800a69c      0x17c Core/Src/main.o
                0x000000000800a69c                LED_Change
 .text.Motor_Switch
                0x000000000800a818       0x94 Core/Src/main.o
                0x000000000800a818                Motor_Switch
 .text.ADC_Get_Data
                0x000000000800a8ac      0x268 Core/Src/main.o
                0x000000000800a8ac                ADC_Get_Data
 .text.Velocity_Get
                0x000000000800ab14       0x50 Core/Src/main.o
                0x000000000800ab14                Velocity_Get
 .text.Encoder_Reset
                0x000000000800ab64       0x28 Core/Src/main.o
                0x000000000800ab64                Encoder_Reset
 .text.Encoder_Count
                0x000000000800ab8c       0x9c Core/Src/main.o
                0x000000000800ab8c                Encoder_Count
 .text.wait     0x000000000800ac28       0x4c Core/Src/main.o
                0x000000000800ac28                wait
 *fill*         0x000000000800ac74        0x4 
 .text.Start_Accel
                0x000000000800ac78       0xac Core/Src/main.o
                0x000000000800ac78                Start_Accel
 *fill*         0x000000000800ad24        0x4 
 .text.Accelerate
                0x000000000800ad28      0x15c Core/Src/main.o
                0x000000000800ad28                Accelerate
 *fill*         0x000000000800ae84        0x4 
 .text.Decelerate
                0x000000000800ae88      0x16c Core/Src/main.o
                0x000000000800ae88                Decelerate
 *fill*         0x000000000800aff4        0x4 
 .text.straight
                0x000000000800aff8      0x17c Core/Src/main.o
                0x000000000800aff8                straight
 *fill*         0x000000000800b174        0x4 
 .text.IMU_turn
                0x000000000800b178      0x154 Core/Src/main.o
                0x000000000800b178                IMU_turn
 .text.turn_right
                0x000000000800b2cc       0xd4 Core/Src/main.o
                0x000000000800b2cc                turn_right
 .text.turn_left
                0x000000000800b3a0       0xd4 Core/Src/main.o
                0x000000000800b3a0                turn_left
 *fill*         0x000000000800b474        0x4 
 .text.slow_turn_R
                0x000000000800b478      0x170 Core/Src/main.o
                0x000000000800b478                slow_turn_R
 .text.slow_turn_L
                0x000000000800b5e8      0x170 Core/Src/main.o
                0x000000000800b5e8                slow_turn_L
 .text.shinchi_turn_R
                0x000000000800b758      0x184 Core/Src/main.o
                0x000000000800b758                shinchi_turn_R
 *fill*         0x000000000800b8dc        0x4 
 .text.shinchi_turn_L
                0x000000000800b8e0      0x184 Core/Src/main.o
                0x000000000800b8e0                shinchi_turn_L
 .text.rotate180
                0x000000000800ba64       0xf4 Core/Src/main.o
                0x000000000800ba64                rotate180
 .text.back_calib
                0x000000000800bb58       0xd0 Core/Src/main.o
                0x000000000800bb58                back_calib
 .text.R_turn_select
                0x000000000800bc28       0x84 Core/Src/main.o
                0x000000000800bc28                R_turn_select
 *fill*         0x000000000800bcac        0x4 
 .text.L_turn_select
                0x000000000800bcb0       0x84 Core/Src/main.o
                0x000000000800bcb0                L_turn_select
 .text.Execution_Select
                0x000000000800bd34      0x1a0 Core/Src/main.o
                0x000000000800bd34                Execution_Select
 .text.Walk_Map_Update
                0x000000000800bed4      0x2d4 Core/Src/main.o
                0x000000000800bed4                Walk_Map_Update
 .text.Tire_Maintenance
                0x000000000800c1a8       0x68 Core/Src/main.o
                0x000000000800c1a8                Tire_Maintenance
 .text.wall_set
                0x000000000800c210      0x288 Core/Src/main.o
                0x000000000800c210                wall_set
 .text.goal_area_search
                0x000000000800c498      0xe3c Core/Src/main.o
                0x000000000800c498                goal_area_search
 *fill*         0x000000000800d2d4        0x4 
 .text.Adachi_judge
                0x000000000800d2d8      0x798 Core/Src/main.o
                0x000000000800d2d8                Adachi_judge
 .text.Adachi_search
                0x000000000800da70       0xec Core/Src/main.o
                0x000000000800da70                Adachi_search
 .text.Map_Load
                0x000000000800db5c      0x180 Core/Src/main.o
                0x000000000800db5c                Map_Load
 *fill*         0x000000000800dcdc        0x4 
 .text.Adachi_search2
                0x000000000800dce0       0xec Core/Src/main.o
                0x000000000800dce0                Adachi_search2
 *fill*         0x000000000800ddcc        0x4 
 .text.Shortest_Run_Judge
                0x000000000800ddd0      0x770 Core/Src/main.o
                0x000000000800ddd0                Shortest_Run_Judge
 .text.Shortest_Run
                0x000000000800e540      0x108 Core/Src/main.o
                0x000000000800e540                Shortest_Run
 .text.HAL_ADC_ConvCpltCallback
                0x000000000800e648       0x14 Core/Src/main.o
                0x000000000800e648                HAL_ADC_ConvCpltCallback
 *fill*         0x000000000800e65c        0x4 
 .text.HAL_TIM_PeriodElapsedCallback
                0x000000000800e660      0xa90 Core/Src/main.o
                0x000000000800e660                HAL_TIM_PeriodElapsedCallback
 .text.Exe_num0
                0x000000000800f0f0        0xc Core/Src/main.o
                0x000000000800f0f0                Exe_num0
 .text.Exe_num1
                0x000000000800f0fc        0xc Core/Src/main.o
                0x000000000800f0fc                Exe_num1
 .text.Exe_num2
                0x000000000800f108        0xc Core/Src/main.o
                0x000000000800f108                Exe_num2
 .text.Exe_num3
                0x000000000800f114       0x16 Core/Src/main.o
                0x000000000800f114                Exe_num3
 .text.Exe_num4
                0x000000000800f12a        0xc Core/Src/main.o
                0x000000000800f12a                Exe_num4
 *fill*         0x000000000800f136        0x2 
 .text.Exe_num5
                0x000000000800f138       0x94 Core/Src/main.o
                0x000000000800f138                Exe_num5
 .text.Exe_num6
                0x000000000800f1cc       0x54 Core/Src/main.o
                0x000000000800f1cc                Exe_num6
 .text.Exe_num7
                0x000000000800f220       0x6c Core/Src/main.o
                0x000000000800f220                Exe_num7
 .text.main     0x000000000800f28c       0xec Core/Src/main.o
                0x000000000800f28c                main
 .text.SystemClock_Config
                0x000000000800f378       0xd4 Core/Src/main.o
                0x000000000800f378                SystemClock_Config
 .text.MX_ADC1_Init
                0x000000000800f44c       0xdc Core/Src/main.o
 .text.MX_ADC2_Init
                0x000000000800f528       0xc0 Core/Src/main.o
 .text.MX_SPI3_Init
                0x000000000800f5e8       0x6c Core/Src/main.o
 .text.MX_TIM1_Init
                0x000000000800f654       0xa0 Core/Src/main.o
 .text.MX_TIM2_Init
                0x000000000800f6f4       0xec Core/Src/main.o
 .text.MX_TIM3_Init
                0x000000000800f7e0       0xa8 Core/Src/main.o
 .text.MX_TIM4_Init
                0x000000000800f888       0xa8 Core/Src/main.o
 .text.MX_TIM5_Init
                0x000000000800f930       0xec Core/Src/main.o
 .text.MX_TIM8_Init
                0x000000000800fa1c      0x150 Core/Src/main.o
 .text.MX_USART1_UART_Init
                0x000000000800fb6c       0x54 Core/Src/main.o
 .text.MX_DMA_Init
                0x000000000800fbc0       0x50 Core/Src/main.o
 .text.MX_GPIO_Init
                0x000000000800fc10      0x194 Core/Src/main.o
 .text.Error_Handler
                0x000000000800fda4        0x8 Core/Src/main.o
                0x000000000800fda4                Error_Handler
 .text.HAL_MspInit
                0x000000000800fdac       0x5c Core/Src/stm32f4xx_hal_msp.o
                0x000000000800fdac                HAL_MspInit
 .text.HAL_ADC_MspInit
                0x000000000800fe08      0x210 Core/Src/stm32f4xx_hal_msp.o
                0x000000000800fe08                HAL_ADC_MspInit
 .text.HAL_SPI_MspInit
                0x0000000008010018       0x90 Core/Src/stm32f4xx_hal_msp.o
                0x0000000008010018                HAL_SPI_MspInit
 .text.HAL_TIM_Base_MspInit
                0x00000000080100a8      0x120 Core/Src/stm32f4xx_hal_msp.o
                0x00000000080100a8                HAL_TIM_Base_MspInit
 .text.HAL_TIM_Encoder_MspInit
                0x00000000080101c8      0x11c Core/Src/stm32f4xx_hal_msp.o
                0x00000000080101c8                HAL_TIM_Encoder_MspInit
 .text.HAL_TIM_MspPostInit
                0x00000000080102e4      0x148 Core/Src/stm32f4xx_hal_msp.o
                0x00000000080102e4                HAL_TIM_MspPostInit
 .text.HAL_UART_MspInit
                0x000000000801042c       0x90 Core/Src/stm32f4xx_hal_msp.o
                0x000000000801042c                HAL_UART_MspInit
 .text.NMI_Handler
                0x00000000080104bc        0x6 Core/Src/stm32f4xx_it.o
                0x00000000080104bc                NMI_Handler
 .text.HardFault_Handler
                0x00000000080104c2        0x6 Core/Src/stm32f4xx_it.o
                0x00000000080104c2                HardFault_Handler
 .text.MemManage_Handler
                0x00000000080104c8        0x6 Core/Src/stm32f4xx_it.o
                0x00000000080104c8                MemManage_Handler
 .text.BusFault_Handler
                0x00000000080104ce        0x6 Core/Src/stm32f4xx_it.o
                0x00000000080104ce                BusFault_Handler
 .text.UsageFault_Handler
                0x00000000080104d4        0x6 Core/Src/stm32f4xx_it.o
                0x00000000080104d4                UsageFault_Handler
 .text.SVC_Handler
                0x00000000080104da        0xe Core/Src/stm32f4xx_it.o
                0x00000000080104da                SVC_Handler
 .text.DebugMon_Handler
                0x00000000080104e8        0xe Core/Src/stm32f4xx_it.o
                0x00000000080104e8                DebugMon_Handler
 .text.PendSV_Handler
                0x00000000080104f6        0xe Core/Src/stm32f4xx_it.o
                0x00000000080104f6                PendSV_Handler
 .text.SysTick_Handler
                0x0000000008010504        0xc Core/Src/stm32f4xx_it.o
                0x0000000008010504                SysTick_Handler
 .text.FLASH_IRQHandler
                0x0000000008010510        0xc Core/Src/stm32f4xx_it.o
                0x0000000008010510                FLASH_IRQHandler
 .text.ADC_IRQHandler
                0x000000000801051c       0x1c Core/Src/stm32f4xx_it.o
                0x000000000801051c                ADC_IRQHandler
 .text.TIM1_UP_TIM10_IRQHandler
                0x0000000008010538       0x14 Core/Src/stm32f4xx_it.o
                0x0000000008010538                TIM1_UP_TIM10_IRQHandler
 .text.TIM2_IRQHandler
                0x000000000801054c       0x14 Core/Src/stm32f4xx_it.o
                0x000000000801054c                TIM2_IRQHandler
 .text.TIM3_IRQHandler
                0x0000000008010560       0x14 Core/Src/stm32f4xx_it.o
                0x0000000008010560                TIM3_IRQHandler
 .text.TIM4_IRQHandler
                0x0000000008010574       0x14 Core/Src/stm32f4xx_it.o
                0x0000000008010574                TIM4_IRQHandler
 .text.TIM8_UP_TIM13_IRQHandler
                0x0000000008010588       0x14 Core/Src/stm32f4xx_it.o
                0x0000000008010588                TIM8_UP_TIM13_IRQHandler
 .text.TIM8_TRG_COM_TIM14_IRQHandler
                0x000000000801059c       0x14 Core/Src/stm32f4xx_it.o
                0x000000000801059c                TIM8_TRG_COM_TIM14_IRQHandler
 .text.TIM8_CC_IRQHandler
                0x00000000080105b0       0x14 Core/Src/stm32f4xx_it.o
                0x00000000080105b0                TIM8_CC_IRQHandler
 .text.TIM5_IRQHandler
                0x00000000080105c4       0x14 Core/Src/stm32f4xx_it.o
                0x00000000080105c4                TIM5_IRQHandler
 .text.DMA2_Stream0_IRQHandler
                0x00000000080105d8       0x14 Core/Src/stm32f4xx_it.o
                0x00000000080105d8                DMA2_Stream0_IRQHandler
 .text.DMA2_Stream2_IRQHandler
                0x00000000080105ec       0x14 Core/Src/stm32f4xx_it.o
                0x00000000080105ec                DMA2_Stream2_IRQHandler
 .text._read    0x0000000008010600       0x3a Core/Src/syscalls.o
                0x0000000008010600                _read
 .text._write   0x000000000801063a       0x38 Core/Src/syscalls.o
                0x000000000801063a                _write
 .text._close   0x0000000008010672       0x18 Core/Src/syscalls.o
                0x0000000008010672                _close
 .text._fstat   0x000000000801068a       0x20 Core/Src/syscalls.o
                0x000000000801068a                _fstat
 .text._isatty  0x00000000080106aa       0x16 Core/Src/syscalls.o
                0x00000000080106aa                _isatty
 .text._lseek   0x00000000080106c0       0x1a Core/Src/syscalls.o
                0x00000000080106c0                _lseek
 *fill*         0x00000000080106da        0x2 
 .text._sbrk    0x00000000080106dc       0x6c Core/Src/sysmem.o
                0x00000000080106dc                _sbrk
 .text.SystemInit
                0x0000000008010748       0x2c Core/Src/system_stm32f4xx.o
                0x0000000008010748                SystemInit
 .text.Reset_Handler
                0x0000000008010774       0x50 Core/Startup/startup_stm32f405rgtx.o
                0x0000000008010774                Reset_Handler
 .text.Default_Handler
                0x00000000080107c4        0x2 Core/Startup/startup_stm32f405rgtx.o
                0x00000000080107c4                RTC_Alarm_IRQHandler
                0x00000000080107c4                HASH_RNG_IRQHandler
                0x00000000080107c4                EXTI2_IRQHandler
                0x00000000080107c4                TIM1_CC_IRQHandler
                0x00000000080107c4                DMA2_Stream5_IRQHandler
                0x00000000080107c4                DMA1_Stream5_IRQHandler
                0x00000000080107c4                PVD_IRQHandler
                0x00000000080107c4                SDIO_IRQHandler
                0x00000000080107c4                TAMP_STAMP_IRQHandler
                0x00000000080107c4                CAN2_RX1_IRQHandler
                0x00000000080107c4                EXTI3_IRQHandler
                0x00000000080107c4                I2C3_ER_IRQHandler
                0x00000000080107c4                EXTI0_IRQHandler
                0x00000000080107c4                I2C2_EV_IRQHandler
                0x00000000080107c4                DMA1_Stream2_IRQHandler
                0x00000000080107c4                CAN1_RX0_IRQHandler
                0x00000000080107c4                FPU_IRQHandler
                0x00000000080107c4                OTG_HS_WKUP_IRQHandler
                0x00000000080107c4                CAN2_SCE_IRQHandler
                0x00000000080107c4                SPI1_IRQHandler
                0x00000000080107c4                TIM6_DAC_IRQHandler
                0x00000000080107c4                TIM1_BRK_TIM9_IRQHandler
                0x00000000080107c4                CAN2_RX0_IRQHandler
                0x00000000080107c4                DMA2_Stream3_IRQHandler
                0x00000000080107c4                USART6_IRQHandler
                0x00000000080107c4                USART3_IRQHandler
                0x00000000080107c4                CAN1_RX1_IRQHandler
                0x00000000080107c4                UART5_IRQHandler
                0x00000000080107c4                I2C1_EV_IRQHandler
                0x00000000080107c4                DMA1_Stream6_IRQHandler
                0x00000000080107c4                DMA1_Stream1_IRQHandler
                0x00000000080107c4                UART4_IRQHandler
                0x00000000080107c4                RCC_IRQHandler
                0x00000000080107c4                TIM8_BRK_TIM12_IRQHandler
                0x00000000080107c4                Default_Handler
                0x00000000080107c4                EXTI15_10_IRQHandler
                0x00000000080107c4                DMA1_Stream7_IRQHandler
                0x00000000080107c4                TIM7_IRQHandler
                0x00000000080107c4                CAN2_TX_IRQHandler
                0x00000000080107c4                DMA2_Stream7_IRQHandler
                0x00000000080107c4                I2C3_EV_IRQHandler
                0x00000000080107c4                EXTI9_5_IRQHandler
                0x00000000080107c4                RTC_WKUP_IRQHandler
                0x00000000080107c4                SPI2_IRQHandler
                0x00000000080107c4                OTG_HS_EP1_IN_IRQHandler
                0x00000000080107c4                DMA1_Stream0_IRQHandler
                0x00000000080107c4                CAN1_TX_IRQHandler
                0x00000000080107c4                EXTI4_IRQHandler
                0x00000000080107c4                FSMC_IRQHandler
                0x00000000080107c4                OTG_HS_EP1_OUT_IRQHandler
                0x00000000080107c4                WWDG_IRQHandler
                0x00000000080107c4                OTG_FS_WKUP_IRQHandler
                0x00000000080107c4                TIM1_TRG_COM_TIM11_IRQHandler
                0x00000000080107c4                OTG_HS_IRQHandler
                0x00000000080107c4                EXTI1_IRQHandler
                0x00000000080107c4                USART2_IRQHandler
                0x00000000080107c4                I2C2_ER_IRQHandler
                0x00000000080107c4                DMA2_Stream1_IRQHandler
                0x00000000080107c4                CAN1_SCE_IRQHandler
                0x00000000080107c4                DMA2_Stream4_IRQHandler
                0x00000000080107c4                USART1_IRQHandler
                0x00000000080107c4                OTG_FS_IRQHandler
                0x00000000080107c4                SPI3_IRQHandler
                0x00000000080107c4                DMA1_Stream4_IRQHandler
                0x00000000080107c4                I2C1_ER_IRQHandler
                0x00000000080107c4                DMA2_Stream6_IRQHandler
                0x00000000080107c4                DMA1_Stream3_IRQHandler
 *fill*         0x00000000080107c6        0x2 
 .text.HAL_Init
                0x00000000080107c8       0x44 Drivers/STM32F4xx_HAL_Driver/Src/stm32f4xx_hal.o
                0x00000000080107c8                HAL_Init
 .text.HAL_InitTick
                0x000000000801080c       0x60 Drivers/STM32F4xx_HAL_Driver/Src/stm32f4xx_hal.o
                0x000000000801080c                HAL_InitTick
 .text.HAL_IncTick
                0x000000000801086c       0x28 Drivers/STM32F4xx_HAL_Driver/Src/stm32f4xx_hal.o
                0x000000000801086c                HAL_IncTick
 .text.HAL_GetTick
                0x0000000008010894       0x18 Drivers/STM32F4xx_HAL_Driver/Src/stm32f4xx_hal.o
                0x0000000008010894                HAL_GetTick
 .text.HAL_Delay
                0x00000000080108ac       0x44 Drivers/STM32F4xx_HAL_Driver/Src/stm32f4xx_hal.o
                0x00000000080108ac                HAL_Delay
 .text.HAL_ADC_Init
                0x00000000080108f0       0x86 Drivers/STM32F4xx_HAL_Driver/Src/stm32f4xx_hal_adc.o
                0x00000000080108f0                HAL_ADC_Init
 .text.HAL_ADC_IRQHandler
                0x0000000008010976      0x282 Drivers/STM32F4xx_HAL_Driver/Src/stm32f4xx_hal_adc.o
                0x0000000008010976                HAL_ADC_IRQHandler
 .text.HAL_ADC_Start_DMA
                0x0000000008010bf8      0x1e4 Drivers/STM32F4xx_HAL_Driver/Src/stm32f4xx_hal_adc.o
                0x0000000008010bf8                HAL_ADC_Start_DMA
 .text.HAL_ADC_Stop_DMA
                0x0000000008010ddc       0x94 Drivers/STM32F4xx_HAL_Driver/Src/stm32f4xx_hal_adc.o
                0x0000000008010ddc                HAL_ADC_Stop_DMA
 .text.HAL_ADC_ConvHalfCpltCallback
                0x0000000008010e70       0x14 Drivers/STM32F4xx_HAL_Driver/Src/stm32f4xx_hal_adc.o
                0x0000000008010e70                HAL_ADC_ConvHalfCpltCallback
 .text.HAL_ADC_LevelOutOfWindowCallback
                0x0000000008010e84       0x14 Drivers/STM32F4xx_HAL_Driver/Src/stm32f4xx_hal_adc.o
                0x0000000008010e84                HAL_ADC_LevelOutOfWindowCallback
 .text.HAL_ADC_ErrorCallback
                0x0000000008010e98       0x14 Drivers/STM32F4xx_HAL_Driver/Src/stm32f4xx_hal_adc.o
                0x0000000008010e98                HAL_ADC_ErrorCallback
 .text.HAL_ADC_ConfigChannel
                0x0000000008010eac      0x244 Drivers/STM32F4xx_HAL_Driver/Src/stm32f4xx_hal_adc.o
                0x0000000008010eac                HAL_ADC_ConfigChannel
 .text.ADC_Init
                0x00000000080110f0      0x1f8 Drivers/STM32F4xx_HAL_Driver/Src/stm32f4xx_hal_adc.o
 .text.ADC_DMAConvCplt
                0x00000000080112e8       0xba Drivers/STM32F4xx_HAL_Driver/Src/stm32f4xx_hal_adc.o
 .text.ADC_DMAHalfConvCplt
                0x00000000080113a2       0x1c Drivers/STM32F4xx_HAL_Driver/Src/stm32f4xx_hal_adc.o
 .text.ADC_DMAError
                0x00000000080113be       0x2e Drivers/STM32F4xx_HAL_Driver/Src/stm32f4xx_hal_adc.o
 .text.HAL_ADCEx_InjectedConvCpltCallback
                0x00000000080113ec       0x14 Drivers/STM32F4xx_HAL_Driver/Src/stm32f4xx_hal_adc_ex.o
                0x00000000080113ec                HAL_ADCEx_InjectedConvCpltCallback
 .text.__NVIC_SetPriorityGrouping
                0x0000000008011400       0x48 Drivers/STM32F4xx_HAL_Driver/Src/stm32f4xx_hal_cortex.o
 .text.__NVIC_GetPriorityGrouping
                0x0000000008011448       0x1c Drivers/STM32F4xx_HAL_Driver/Src/stm32f4xx_hal_cortex.o
 .text.__NVIC_EnableIRQ
                0x0000000008011464       0x3c Drivers/STM32F4xx_HAL_Driver/Src/stm32f4xx_hal_cortex.o
 .text.__NVIC_SetPriority
                0x00000000080114a0       0x54 Drivers/STM32F4xx_HAL_Driver/Src/stm32f4xx_hal_cortex.o
 .text.NVIC_EncodePriority
                0x00000000080114f4       0x66 Drivers/STM32F4xx_HAL_Driver/Src/stm32f4xx_hal_cortex.o
 *fill*         0x000000000801155a        0x2 
 .text.SysTick_Config
                0x000000000801155c       0x44 Drivers/STM32F4xx_HAL_Driver/Src/stm32f4xx_hal_cortex.o
 .text.HAL_NVIC_SetPriorityGrouping
                0x00000000080115a0       0x16 Drivers/STM32F4xx_HAL_Driver/Src/stm32f4xx_hal_cortex.o
                0x00000000080115a0                HAL_NVIC_SetPriorityGrouping
 .text.HAL_NVIC_SetPriority
                0x00000000080115b6       0x38 Drivers/STM32F4xx_HAL_Driver/Src/stm32f4xx_hal_cortex.o
                0x00000000080115b6                HAL_NVIC_SetPriority
 .text.HAL_NVIC_EnableIRQ
                0x00000000080115ee       0x1c Drivers/STM32F4xx_HAL_Driver/Src/stm32f4xx_hal_cortex.o
                0x00000000080115ee                HAL_NVIC_EnableIRQ
 .text.HAL_SYSTICK_Config
                0x000000000801160a       0x18 Drivers/STM32F4xx_HAL_Driver/Src/stm32f4xx_hal_cortex.o
                0x000000000801160a                HAL_SYSTICK_Config
 *fill*         0x0000000008011622        0x2 
 .text.HAL_DMA_Init
                0x0000000008011624      0x15c Drivers/STM32F4xx_HAL_Driver/Src/stm32f4xx_hal_dma.o
                0x0000000008011624                HAL_DMA_Init
 .text.HAL_DMA_Start_IT
                0x0000000008011780       0xb0 Drivers/STM32F4xx_HAL_Driver/Src/stm32f4xx_hal_dma.o
                0x0000000008011780                HAL_DMA_Start_IT
 .text.HAL_DMA_Abort
                0x0000000008011830       0xe0 Drivers/STM32F4xx_HAL_Driver/Src/stm32f4xx_hal_dma.o
                0x0000000008011830                HAL_DMA_Abort
 .text.HAL_DMA_IRQHandler
                0x0000000008011910      0x314 Drivers/STM32F4xx_HAL_Driver/Src/stm32f4xx_hal_dma.o
                0x0000000008011910                HAL_DMA_IRQHandler
 .text.DMA_SetConfig
                0x0000000008011c24       0x5c Drivers/STM32F4xx_HAL_Driver/Src/stm32f4xx_hal_dma.o
 .text.DMA_CalcBaseAndBitshift
                0x0000000008011c80       0x6c Drivers/STM32F4xx_HAL_Driver/Src/stm32f4xx_hal_dma.o
 .text.DMA_CheckFifoParam
                0x0000000008011cec       0xf4 Drivers/STM32F4xx_HAL_Driver/Src/stm32f4xx_hal_dma.o
 .text.HAL_FLASH_Program
                0x0000000008011de0       0xa8 Drivers/STM32F4xx_HAL_Driver/Src/stm32f4xx_hal_flash.o
                0x0000000008011de0                HAL_FLASH_Program
 .text.HAL_FLASH_IRQHandler
                0x0000000008011e88      0x140 Drivers/STM32F4xx_HAL_Driver/Src/stm32f4xx_hal_flash.o
                0x0000000008011e88                HAL_FLASH_IRQHandler
 .text.HAL_FLASH_EndOfOperationCallback
                0x0000000008011fc8       0x14 Drivers/STM32F4xx_HAL_Driver/Src/stm32f4xx_hal_flash.o
                0x0000000008011fc8                HAL_FLASH_EndOfOperationCallback
 .text.HAL_FLASH_OperationErrorCallback
                0x0000000008011fdc       0x14 Drivers/STM32F4xx_HAL_Driver/Src/stm32f4xx_hal_flash.o
                0x0000000008011fdc                HAL_FLASH_OperationErrorCallback
 .text.HAL_FLASH_Unlock
                0x0000000008011ff0       0x44 Drivers/STM32F4xx_HAL_Driver/Src/stm32f4xx_hal_flash.o
                0x0000000008011ff0                HAL_FLASH_Unlock
 .text.HAL_FLASH_Lock
                0x0000000008012034       0x20 Drivers/STM32F4xx_HAL_Driver/Src/stm32f4xx_hal_flash.o
                0x0000000008012034                HAL_FLASH_Lock
 .text.FLASH_WaitForLastOperation
                0x0000000008012054       0x80 Drivers/STM32F4xx_HAL_Driver/Src/stm32f4xx_hal_flash.o
                0x0000000008012054                FLASH_WaitForLastOperation
 .text.FLASH_Program_DoubleWord
                0x00000000080120d4       0x60 Drivers/STM32F4xx_HAL_Driver/Src/stm32f4xx_hal_flash.o
 .text.FLASH_Program_Word
                0x0000000008012134       0x44 Drivers/STM32F4xx_HAL_Driver/Src/stm32f4xx_hal_flash.o
 .text.FLASH_Program_HalfWord
                0x0000000008012178       0x48 Drivers/STM32F4xx_HAL_Driver/Src/stm32f4xx_hal_flash.o
 .text.FLASH_Program_Byte
                0x00000000080121c0       0x44 Drivers/STM32F4xx_HAL_Driver/Src/stm32f4xx_hal_flash.o
 .text.FLASH_SetErrorCode
                0x0000000008012204       0xac Drivers/STM32F4xx_HAL_Driver/Src/stm32f4xx_hal_flash.o
 .text.HAL_FLASHEx_Erase
                0x00000000080122b0       0xe0 Drivers/STM32F4xx_HAL_Driver/Src/stm32f4xx_hal_flash_ex.o
                0x00000000080122b0                HAL_FLASHEx_Erase
 .text.FLASH_MassErase
                0x0000000008012390       0x48 Drivers/STM32F4xx_HAL_Driver/Src/stm32f4xx_hal_flash_ex.o
 .text.FLASH_Erase_Sector
                0x00000000080123d8       0x90 Drivers/STM32F4xx_HAL_Driver/Src/stm32f4xx_hal_flash_ex.o
                0x00000000080123d8                FLASH_Erase_Sector
 .text.FLASH_FlushCaches
                0x0000000008012468       0x8c Drivers/STM32F4xx_HAL_Driver/Src/stm32f4xx_hal_flash_ex.o
                0x0000000008012468                FLASH_FlushCaches
 .text.HAL_GPIO_Init
                0x00000000080124f4      0x334 Drivers/STM32F4xx_HAL_Driver/Src/stm32f4xx_hal_gpio.o
                0x00000000080124f4                HAL_GPIO_Init
 .text.HAL_GPIO_ReadPin
                0x0000000008012828       0x30 Drivers/STM32F4xx_HAL_Driver/Src/stm32f4xx_hal_gpio.o
                0x0000000008012828                HAL_GPIO_ReadPin
 .text.HAL_GPIO_WritePin
                0x0000000008012858       0x32 Drivers/STM32F4xx_HAL_Driver/Src/stm32f4xx_hal_gpio.o
                0x0000000008012858                HAL_GPIO_WritePin
 *fill*         0x000000000801288a        0x2 
 .text.HAL_RCC_OscConfig
                0x000000000801288c      0x4e0 Drivers/STM32F4xx_HAL_Driver/Src/stm32f4xx_hal_rcc.o
                0x000000000801288c                HAL_RCC_OscConfig
 .text.HAL_RCC_ClockConfig
                0x0000000008012d6c      0x1cc Drivers/STM32F4xx_HAL_Driver/Src/stm32f4xx_hal_rcc.o
                0x0000000008012d6c                HAL_RCC_ClockConfig
 .text.HAL_RCC_GetSysClockFreq
                0x0000000008012f38      0x1b0 Drivers/STM32F4xx_HAL_Driver/Src/stm32f4xx_hal_rcc.o
                0x0000000008012f38                HAL_RCC_GetSysClockFreq
 .text.HAL_RCC_GetHCLKFreq
                0x00000000080130e8       0x18 Drivers/STM32F4xx_HAL_Driver/Src/stm32f4xx_hal_rcc.o
                0x00000000080130e8                HAL_RCC_GetHCLKFreq
 .text.HAL_RCC_GetPCLK1Freq
                0x0000000008013100       0x28 Drivers/STM32F4xx_HAL_Driver/Src/stm32f4xx_hal_rcc.o
                0x0000000008013100                HAL_RCC_GetPCLK1Freq
 .text.HAL_RCC_GetPCLK2Freq
                0x0000000008013128       0x28 Drivers/STM32F4xx_HAL_Driver/Src/stm32f4xx_hal_rcc.o
                0x0000000008013128                HAL_RCC_GetPCLK2Freq
 .text.HAL_SPI_Init
                0x0000000008013150       0xc8 Drivers/STM32F4xx_HAL_Driver/Src/stm32f4xx_hal_spi.o
                0x0000000008013150                HAL_SPI_Init
 .text.HAL_SPI_Transmit
                0x0000000008013218      0x268 Drivers/STM32F4xx_HAL_Driver/Src/stm32f4xx_hal_spi.o
                0x0000000008013218                HAL_SPI_Transmit
 .text.HAL_SPI_Receive
                0x0000000008013480      0x212 Drivers/STM32F4xx_HAL_Driver/Src/stm32f4xx_hal_spi.o
                0x0000000008013480                HAL_SPI_Receive
 .text.HAL_SPI_TransmitReceive
                0x0000000008013692      0x344 Drivers/STM32F4xx_HAL_Driver/Src/stm32f4xx_hal_spi.o
                0x0000000008013692                HAL_SPI_TransmitReceive
 .text.SPI_WaitFlagStateUntilTimeout
                0x00000000080139d6       0xd4 Drivers/STM32F4xx_HAL_Driver/Src/stm32f4xx_hal_spi.o
 .text.SPI_EndRxTransaction
                0x0000000008013aaa       0xca Drivers/STM32F4xx_HAL_Driver/Src/stm32f4xx_hal_spi.o
 .text.SPI_EndRxTxTransaction
                0x0000000008013b74       0x84 Drivers/STM32F4xx_HAL_Driver/Src/stm32f4xx_hal_spi.o
 .text.HAL_TIM_Base_Init
                0x0000000008013bf8       0x56 Drivers/STM32F4xx_HAL_Driver/Src/stm32f4xx_hal_tim.o
                0x0000000008013bf8                HAL_TIM_Base_Init
 .text.HAL_TIM_Base_Start_IT
                0x0000000008013c4e       0x48 Drivers/STM32F4xx_HAL_Driver/Src/stm32f4xx_hal_tim.o
                0x0000000008013c4e                HAL_TIM_Base_Start_IT
 .text.HAL_TIM_Base_Stop_IT
                0x0000000008013c96       0x56 Drivers/STM32F4xx_HAL_Driver/Src/stm32f4xx_hal_tim.o
                0x0000000008013c96                HAL_TIM_Base_Stop_IT
 .text.HAL_TIM_OC_Init
                0x0000000008013cec       0x56 Drivers/STM32F4xx_HAL_Driver/Src/stm32f4xx_hal_tim.o
                0x0000000008013cec                HAL_TIM_OC_Init
 .text.HAL_TIM_OC_MspInit
                0x0000000008013d42       0x14 Drivers/STM32F4xx_HAL_Driver/Src/stm32f4xx_hal_tim.o
                0x0000000008013d42                HAL_TIM_OC_MspInit
 *fill*         0x0000000008013d56        0x2 
 .text.HAL_TIM_OC_Start_IT
                0x0000000008013d58      0x108 Drivers/STM32F4xx_HAL_Driver/Src/stm32f4xx_hal_tim.o
                0x0000000008013d58                HAL_TIM_OC_Start_IT
 .text.HAL_TIM_OC_Stop_IT
                0x0000000008013e60      0x134 Drivers/STM32F4xx_HAL_Driver/Src/stm32f4xx_hal_tim.o
                0x0000000008013e60                HAL_TIM_OC_Stop_IT
 .text.HAL_TIM_PWM_Init
                0x0000000008013f94       0x56 Drivers/STM32F4xx_HAL_Driver/Src/stm32f4xx_hal_tim.o
                0x0000000008013f94                HAL_TIM_PWM_Init
 .text.HAL_TIM_PWM_MspInit
                0x0000000008013fea       0x14 Drivers/STM32F4xx_HAL_Driver/Src/stm32f4xx_hal_tim.o
                0x0000000008013fea                HAL_TIM_PWM_MspInit
 *fill*         0x0000000008013ffe        0x2 
 .text.HAL_TIM_PWM_Start
                0x0000000008014000       0x7c Drivers/STM32F4xx_HAL_Driver/Src/stm32f4xx_hal_tim.o
                0x0000000008014000                HAL_TIM_PWM_Start
 .text.HAL_TIM_PWM_Stop
                0x000000000801407c       0xb0 Drivers/STM32F4xx_HAL_Driver/Src/stm32f4xx_hal_tim.o
                0x000000000801407c                HAL_TIM_PWM_Stop
 .text.HAL_TIM_Encoder_Init
                0x000000000801412c      0x124 Drivers/STM32F4xx_HAL_Driver/Src/stm32f4xx_hal_tim.o
                0x000000000801412c                HAL_TIM_Encoder_Init
 .text.HAL_TIM_Encoder_Start
                0x0000000008014250       0x6e Drivers/STM32F4xx_HAL_Driver/Src/stm32f4xx_hal_tim.o
                0x0000000008014250                HAL_TIM_Encoder_Start
 .text.HAL_TIM_IRQHandler
                0x00000000080142be      0x210 Drivers/STM32F4xx_HAL_Driver/Src/stm32f4xx_hal_tim.o
                0x00000000080142be                HAL_TIM_IRQHandler
 *fill*         0x00000000080144ce        0x2 
 .text.HAL_TIM_OC_ConfigChannel
                0x00000000080144d0       0xc0 Drivers/STM32F4xx_HAL_Driver/Src/stm32f4xx_hal_tim.o
                0x00000000080144d0                HAL_TIM_OC_ConfigChannel
 .text.HAL_TIM_PWM_ConfigChannel
                0x0000000008014590      0x18c Drivers/STM32F4xx_HAL_Driver/Src/stm32f4xx_hal_tim.o
                0x0000000008014590                HAL_TIM_PWM_ConfigChannel
 .text.HAL_TIM_ConfigClockSource
                0x000000000801471c      0x16e Drivers/STM32F4xx_HAL_Driver/Src/stm32f4xx_hal_tim.o
                0x000000000801471c                HAL_TIM_ConfigClockSource
 .text.HAL_TIM_OC_DelayElapsedCallback
                0x000000000801488a       0x14 Drivers/STM32F4xx_HAL_Driver/Src/stm32f4xx_hal_tim.o
                0x000000000801488a                HAL_TIM_OC_DelayElapsedCallback
 .text.HAL_TIM_IC_CaptureCallback
                0x000000000801489e       0x14 Drivers/STM32F4xx_HAL_Driver/Src/stm32f4xx_hal_tim.o
                0x000000000801489e                HAL_TIM_IC_CaptureCallback
 .text.HAL_TIM_PWM_PulseFinishedCallback
                0x00000000080148b2       0x14 Drivers/STM32F4xx_HAL_Driver/Src/stm32f4xx_hal_tim.o
                0x00000000080148b2                HAL_TIM_PWM_PulseFinishedCallback
 .text.HAL_TIM_TriggerCallback
                0x00000000080148c6       0x14 Drivers/STM32F4xx_HAL_Driver/Src/stm32f4xx_hal_tim.o
                0x00000000080148c6                HAL_TIM_TriggerCallback
 *fill*         0x00000000080148da        0x2 
 .text.TIM_Base_SetConfig
                0x00000000080148dc      0x140 Drivers/STM32F4xx_HAL_Driver/Src/stm32f4xx_hal_tim.o
                0x00000000080148dc                TIM_Base_SetConfig
 .text.TIM_OC1_SetConfig
                0x0000000008014a1c       0xe0 Drivers/STM32F4xx_HAL_Driver/Src/stm32f4xx_hal_tim.o
 .text.TIM_OC2_SetConfig
                0x0000000008014afc       0xec Drivers/STM32F4xx_HAL_Driver/Src/stm32f4xx_hal_tim.o
                0x0000000008014afc                TIM_OC2_SetConfig
 .text.TIM_OC3_SetConfig
                0x0000000008014be8       0xe8 Drivers/STM32F4xx_HAL_Driver/Src/stm32f4xx_hal_tim.o
 .text.TIM_OC4_SetConfig
                0x0000000008014cd0       0xac Drivers/STM32F4xx_HAL_Driver/Src/stm32f4xx_hal_tim.o
 .text.TIM_TI1_ConfigInputStage
                0x0000000008014d7c       0x5e Drivers/STM32F4xx_HAL_Driver/Src/stm32f4xx_hal_tim.o
 .text.TIM_TI2_ConfigInputStage
                0x0000000008014dda       0x60 Drivers/STM32F4xx_HAL_Driver/Src/stm32f4xx_hal_tim.o
 .text.TIM_ITRx_SetConfig
                0x0000000008014e3a       0x36 Drivers/STM32F4xx_HAL_Driver/Src/stm32f4xx_hal_tim.o
 .text.TIM_ETR_SetConfig
                0x0000000008014e70       0x40 Drivers/STM32F4xx_HAL_Driver/Src/stm32f4xx_hal_tim.o
                0x0000000008014e70                TIM_ETR_SetConfig
 .text.TIM_CCxChannelCmd
                0x0000000008014eb0       0x4a Drivers/STM32F4xx_HAL_Driver/Src/stm32f4xx_hal_tim.o
                0x0000000008014eb0                TIM_CCxChannelCmd
 .text.HAL_TIMEx_OCN_Start_IT
                0x0000000008014efa       0xaa Drivers/STM32F4xx_HAL_Driver/Src/stm32f4xx_hal_tim_ex.o
                0x0000000008014efa                HAL_TIMEx_OCN_Start_IT
 .text.HAL_TIMEx_OCN_Stop_IT
                0x0000000008014fa4       0xec Drivers/STM32F4xx_HAL_Driver/Src/stm32f4xx_hal_tim_ex.o
                0x0000000008014fa4                HAL_TIMEx_OCN_Stop_IT
 .text.HAL_TIMEx_MasterConfigSynchronization
                0x0000000008015090       0xf8 Drivers/STM32F4xx_HAL_Driver/Src/stm32f4xx_hal_tim_ex.o
                0x0000000008015090                HAL_TIMEx_MasterConfigSynchronization
 .text.HAL_TIMEx_ConfigBreakDeadTime
                0x0000000008015188       0xa4 Drivers/STM32F4xx_HAL_Driver/Src/stm32f4xx_hal_tim_ex.o
                0x0000000008015188                HAL_TIMEx_ConfigBreakDeadTime
 .text.HAL_TIMEx_CommutCallback
                0x000000000801522c       0x14 Drivers/STM32F4xx_HAL_Driver/Src/stm32f4xx_hal_tim_ex.o
                0x000000000801522c                HAL_TIMEx_CommutCallback
 .text.HAL_TIMEx_BreakCallback
                0x0000000008015240       0x14 Drivers/STM32F4xx_HAL_Driver/Src/stm32f4xx_hal_tim_ex.o
                0x0000000008015240                HAL_TIMEx_BreakCallback
 .text.TIM_CCxNChannelCmd
                0x0000000008015254       0x4a Drivers/STM32F4xx_HAL_Driver/Src/stm32f4xx_hal_tim_ex.o
 .text.HAL_UART_Init
                0x000000000801529e       0x9a Drivers/STM32F4xx_HAL_Driver/Src/stm32f4xx_hal_uart.o
                0x000000000801529e                HAL_UART_Init
 .text.HAL_UART_Transmit
                0x0000000008015338      0x132 Drivers/STM32F4xx_HAL_Driver/Src/stm32f4xx_hal_uart.o
                0x0000000008015338                HAL_UART_Transmit
 .text.UART_WaitOnFlagUntilTimeout
                0x000000000801546a       0x94 Drivers/STM32F4xx_HAL_Driver/Src/stm32f4xx_hal_uart.o
 *fill*         0x00000000080154fe        0x2 
 .text.UART_SetConfig
                0x0000000008015500      0x6f8 Drivers/STM32F4xx_HAL_Driver/Src/stm32f4xx_hal_uart.o
 .text.round    0x0000000008015bf8       0x94 c:/st2/stm32cubeide_1.5.1/stm32cubeide/plugins/com.st.stm32cube.ide.mcu.externaltools.gnu-tools-for-stm32.7-2018-q2-update.win32_1.5.0.202011040924/tools/bin/../lib/gcc/arm-none-eabi/7.3.1/../../../../arm-none-eabi/lib/thumb/v7e-m/fpv4-sp/hard\libm.a(lib_a-s_round.o)
                0x0000000008015bf8                round
 .text.__errno  0x0000000008015c8c        0xc c:/st2/stm32cubeide_1.5.1/stm32cubeide/plugins/com.st.stm32cube.ide.mcu.externaltools.gnu-tools-for-stm32.7-2018-q2-update.win32_1.5.0.202011040924/tools/bin/../lib/gcc/arm-none-eabi/7.3.1/../../../../arm-none-eabi/lib/thumb/v7e-m/fpv4-sp/hard\libc_nano.a(lib_a-errno.o)
                0x0000000008015c8c                __errno
 .text.__libc_init_array
                0x0000000008015c98       0x48 c:/st2/stm32cubeide_1.5.1/stm32cubeide/plugins/com.st.stm32cube.ide.mcu.externaltools.gnu-tools-for-stm32.7-2018-q2-update.win32_1.5.0.202011040924/tools/bin/../lib/gcc/arm-none-eabi/7.3.1/../../../../arm-none-eabi/lib/thumb/v7e-m/fpv4-sp/hard\libc_nano.a(lib_a-init.o)
                0x0000000008015c98                __libc_init_array
 .text.memcpy   0x0000000008015ce0       0x16 c:/st2/stm32cubeide_1.5.1/stm32cubeide/plugins/com.st.stm32cube.ide.mcu.externaltools.gnu-tools-for-stm32.7-2018-q2-update.win32_1.5.0.202011040924/tools/bin/../lib/gcc/arm-none-eabi/7.3.1/../../../../arm-none-eabi/lib/thumb/v7e-m/fpv4-sp/hard\libc_nano.a(lib_a-memcpy-stub.o)
                0x0000000008015ce0                memcpy
 .text.memset   0x0000000008015cf6       0x10 c:/st2/stm32cubeide_1.5.1/stm32cubeide/plugins/com.st.stm32cube.ide.mcu.externaltools.gnu-tools-for-stm32.7-2018-q2-update.win32_1.5.0.202011040924/tools/bin/../lib/gcc/arm-none-eabi/7.3.1/../../../../arm-none-eabi/lib/thumb/v7e-m/fpv4-sp/hard\libc_nano.a(lib_a-memset.o)
                0x0000000008015cf6                memset
 .text.__cvt    0x0000000008015d06       0xc2 c:/st2/stm32cubeide_1.5.1/stm32cubeide/plugins/com.st.stm32cube.ide.mcu.externaltools.gnu-tools-for-stm32.7-2018-q2-update.win32_1.5.0.202011040924/tools/bin/../lib/gcc/arm-none-eabi/7.3.1/../../../../arm-none-eabi/lib/thumb/v7e-m/fpv4-sp/hard\libc_nano.a(lib_a-nano-vfprintf_float.o)
                0x0000000008015d06                __cvt
 .text.__exponent
                0x0000000008015dc8       0x66 c:/st2/stm32cubeide_1.5.1/stm32cubeide/plugins/com.st.stm32cube.ide.mcu.externaltools.gnu-tools-for-stm32.7-2018-q2-update.win32_1.5.0.202011040924/tools/bin/../lib/gcc/arm-none-eabi/7.3.1/../../../../arm-none-eabi/lib/thumb/v7e-m/fpv4-sp/hard\libc_nano.a(lib_a-nano-vfprintf_float.o)
                0x0000000008015dc8                __exponent
 *fill*         0x0000000008015e2e        0x2 
 .text._printf_float
                0x0000000008015e30      0x480 c:/st2/stm32cubeide_1.5.1/stm32cubeide/plugins/com.st.stm32cube.ide.mcu.externaltools.gnu-tools-for-stm32.7-2018-q2-update.win32_1.5.0.202011040924/tools/bin/../lib/gcc/arm-none-eabi/7.3.1/../../../../arm-none-eabi/lib/thumb/v7e-m/fpv4-sp/hard\libc_nano.a(lib_a-nano-vfprintf_float.o)
                0x0000000008015e30                _printf_float
 .text._printf_common
                0x00000000080162b0       0xea c:/st2/stm32cubeide_1.5.1/stm32cubeide/plugins/com.st.stm32cube.ide.mcu.externaltools.gnu-tools-for-stm32.7-2018-q2-update.win32_1.5.0.202011040924/tools/bin/../lib/gcc/arm-none-eabi/7.3.1/../../../../arm-none-eabi/lib/thumb/v7e-m/fpv4-sp/hard\libc_nano.a(lib_a-nano-vfprintf_i.o)
                0x00000000080162b0                _printf_common
 *fill*         0x000000000801639a        0x2 
 .text._printf_i
                0x000000000801639c      0x224 c:/st2/stm32cubeide_1.5.1/stm32cubeide/plugins/com.st.stm32cube.ide.mcu.externaltools.gnu-tools-for-stm32.7-2018-q2-update.win32_1.5.0.202011040924/tools/bin/../lib/gcc/arm-none-eabi/7.3.1/../../../../arm-none-eabi/lib/thumb/v7e-m/fpv4-sp/hard\libc_nano.a(lib_a-nano-vfprintf_i.o)
                0x000000000801639c                _printf_i
 .text.printf   0x00000000080165c0       0x30 c:/st2/stm32cubeide_1.5.1/stm32cubeide/plugins/com.st.stm32cube.ide.mcu.externaltools.gnu-tools-for-stm32.7-2018-q2-update.win32_1.5.0.202011040924/tools/bin/../lib/gcc/arm-none-eabi/7.3.1/../../../../arm-none-eabi/lib/thumb/v7e-m/fpv4-sp/hard\libc_nano.a(lib_a-printf.o)
                0x00000000080165c0                iprintf
                0x00000000080165c0                printf
 .text._puts_r  0x00000000080165f0       0xb8 c:/st2/stm32cubeide_1.5.1/stm32cubeide/plugins/com.st.stm32cube.ide.mcu.externaltools.gnu-tools-for-stm32.7-2018-q2-update.win32_1.5.0.202011040924/tools/bin/../lib/gcc/arm-none-eabi/7.3.1/../../../../arm-none-eabi/lib/thumb/v7e-m/fpv4-sp/hard\libc_nano.a(lib_a-puts.o)
                0x00000000080165f0                _puts_r
 .text.puts     0x00000000080166a8       0x10 c:/st2/stm32cubeide_1.5.1/stm32cubeide/plugins/com.st.stm32cube.ide.mcu.externaltools.gnu-tools-for-stm32.7-2018-q2-update.win32_1.5.0.202011040924/tools/bin/../lib/gcc/arm-none-eabi/7.3.1/../../../../arm-none-eabi/lib/thumb/v7e-m/fpv4-sp/hard\libc_nano.a(lib_a-puts.o)
                0x00000000080166a8                puts
 .text.__swbuf_r
                0x00000000080166b8       0xa4 c:/st2/stm32cubeide_1.5.1/stm32cubeide/plugins/com.st.stm32cube.ide.mcu.externaltools.gnu-tools-for-stm32.7-2018-q2-update.win32_1.5.0.202011040924/tools/bin/../lib/gcc/arm-none-eabi/7.3.1/../../../../arm-none-eabi/lib/thumb/v7e-m/fpv4-sp/hard\libc_nano.a(lib_a-wbuf.o)
                0x00000000080166b8                __swbuf_r
 .text.__swsetup_r
                0x000000000801675c       0xdc c:/st2/stm32cubeide_1.5.1/stm32cubeide/plugins/com.st.stm32cube.ide.mcu.externaltools.gnu-tools-for-stm32.7-2018-q2-update.win32_1.5.0.202011040924/tools/bin/../lib/gcc/arm-none-eabi/7.3.1/../../../../arm-none-eabi/lib/thumb/v7e-m/fpv4-sp/hard\libc_nano.a(lib_a-wsetup.o)
                0x000000000801675c                __swsetup_r
 .text.quorem   0x0000000008016838      0x118 c:/st2/stm32cubeide_1.5.1/stm32cubeide/plugins/com.st.stm32cube.ide.mcu.externaltools.gnu-tools-for-stm32.7-2018-q2-update.win32_1.5.0.202011040924/tools/bin/../lib/gcc/arm-none-eabi/7.3.1/../../../../arm-none-eabi/lib/thumb/v7e-m/fpv4-sp/hard\libc_nano.a(lib_a-dtoa.o)
 .text._dtoa_r  0x0000000008016950      0xb70 c:/st2/stm32cubeide_1.5.1/stm32cubeide/plugins/com.st.stm32cube.ide.mcu.externaltools.gnu-tools-for-stm32.7-2018-q2-update.win32_1.5.0.202011040924/tools/bin/../lib/gcc/arm-none-eabi/7.3.1/../../../../arm-none-eabi/lib/thumb/v7e-m/fpv4-sp/hard\libc_nano.a(lib_a-dtoa.o)
                0x0000000008016950                _dtoa_r
 .text.__sflush_r
                0x00000000080174c0      0x10c c:/st2/stm32cubeide_1.5.1/stm32cubeide/plugins/com.st.stm32cube.ide.mcu.externaltools.gnu-tools-for-stm32.7-2018-q2-update.win32_1.5.0.202011040924/tools/bin/../lib/gcc/arm-none-eabi/7.3.1/../../../../arm-none-eabi/lib/thumb/v7e-m/fpv4-sp/hard\libc_nano.a(lib_a-fflush.o)
                0x00000000080174c0                __sflush_r
 .text._fflush_r
                0x00000000080175cc       0x54 c:/st2/stm32cubeide_1.5.1/stm32cubeide/plugins/com.st.stm32cube.ide.mcu.externaltools.gnu-tools-for-stm32.7-2018-q2-update.win32_1.5.0.202011040924/tools/bin/../lib/gcc/arm-none-eabi/7.3.1/../../../../arm-none-eabi/lib/thumb/v7e-m/fpv4-sp/hard\libc_nano.a(lib_a-fflush.o)
                0x00000000080175cc                _fflush_r
 .text.std      0x0000000008017620       0x48 c:/st2/stm32cubeide_1.5.1/stm32cubeide/plugins/com.st.stm32cube.ide.mcu.externaltools.gnu-tools-for-stm32.7-2018-q2-update.win32_1.5.0.202011040924/tools/bin/../lib/gcc/arm-none-eabi/7.3.1/../../../../arm-none-eabi/lib/thumb/v7e-m/fpv4-sp/hard\libc_nano.a(lib_a-findfp.o)
 .text._cleanup_r
                0x0000000008017668        0xc c:/st2/stm32cubeide_1.5.1/stm32cubeide/plugins/com.st.stm32cube.ide.mcu.externaltools.gnu-tools-for-stm32.7-2018-q2-update.win32_1.5.0.202011040924/tools/bin/../lib/gcc/arm-none-eabi/7.3.1/../../../../arm-none-eabi/lib/thumb/v7e-m/fpv4-sp/hard\libc_nano.a(lib_a-findfp.o)
                0x0000000008017668                _cleanup_r
 .text.__sfmoreglue
                0x0000000008017674       0x2c c:/st2/stm32cubeide_1.5.1/stm32cubeide/plugins/com.st.stm32cube.ide.mcu.externaltools.gnu-tools-for-stm32.7-2018-q2-update.win32_1.5.0.202011040924/tools/bin/../lib/gcc/arm-none-eabi/7.3.1/../../../../arm-none-eabi/lib/thumb/v7e-m/fpv4-sp/hard\libc_nano.a(lib_a-findfp.o)
                0x0000000008017674                __sfmoreglue
 .text.__sinit  0x00000000080176a0       0x60 c:/st2/stm32cubeide_1.5.1/stm32cubeide/plugins/com.st.stm32cube.ide.mcu.externaltools.gnu-tools-for-stm32.7-2018-q2-update.win32_1.5.0.202011040924/tools/bin/../lib/gcc/arm-none-eabi/7.3.1/../../../../arm-none-eabi/lib/thumb/v7e-m/fpv4-sp/hard\libc_nano.a(lib_a-findfp.o)
                0x00000000080176a0                __sinit
 .text.__sfp    0x0000000008017700       0x78 c:/st2/stm32cubeide_1.5.1/stm32cubeide/plugins/com.st.stm32cube.ide.mcu.externaltools.gnu-tools-for-stm32.7-2018-q2-update.win32_1.5.0.202011040924/tools/bin/../lib/gcc/arm-none-eabi/7.3.1/../../../../arm-none-eabi/lib/thumb/v7e-m/fpv4-sp/hard\libc_nano.a(lib_a-findfp.o)
                0x0000000008017700                __sfp
 .text._fwalk_reent
                0x0000000008017778       0x3c c:/st2/stm32cubeide_1.5.1/stm32cubeide/plugins/com.st.stm32cube.ide.mcu.externaltools.gnu-tools-for-stm32.7-2018-q2-update.win32_1.5.0.202011040924/tools/bin/../lib/gcc/arm-none-eabi/7.3.1/../../../../arm-none-eabi/lib/thumb/v7e-m/fpv4-sp/hard\libc_nano.a(lib_a-fwalk.o)
                0x0000000008017778                _fwalk_reent
 .text._localeconv_r
                0x00000000080177b4       0x1c c:/st2/stm32cubeide_1.5.1/stm32cubeide/plugins/com.st.stm32cube.ide.mcu.externaltools.gnu-tools-for-stm32.7-2018-q2-update.win32_1.5.0.202011040924/tools/bin/../lib/gcc/arm-none-eabi/7.3.1/../../../../arm-none-eabi/lib/thumb/v7e-m/fpv4-sp/hard\libc_nano.a(lib_a-localeconv.o)
                0x00000000080177b4                _localeconv_r
 .text.__swhatbuf_r
                0x00000000080177d0       0x48 c:/st2/stm32cubeide_1.5.1/stm32cubeide/plugins/com.st.stm32cube.ide.mcu.externaltools.gnu-tools-for-stm32.7-2018-q2-update.win32_1.5.0.202011040924/tools/bin/../lib/gcc/arm-none-eabi/7.3.1/../../../../arm-none-eabi/lib/thumb/v7e-m/fpv4-sp/hard\libc_nano.a(lib_a-makebuf.o)
                0x00000000080177d0                __swhatbuf_r
 .text.__smakebuf_r
                0x0000000008017818       0x80 c:/st2/stm32cubeide_1.5.1/stm32cubeide/plugins/com.st.stm32cube.ide.mcu.externaltools.gnu-tools-for-stm32.7-2018-q2-update.win32_1.5.0.202011040924/tools/bin/../lib/gcc/arm-none-eabi/7.3.1/../../../../arm-none-eabi/lib/thumb/v7e-m/fpv4-sp/hard\libc_nano.a(lib_a-makebuf.o)
                0x0000000008017818                __smakebuf_r
 .text.malloc   0x0000000008017898       0x10 c:/st2/stm32cubeide_1.5.1/stm32cubeide/plugins/com.st.stm32cube.ide.mcu.externaltools.gnu-tools-for-stm32.7-2018-q2-update.win32_1.5.0.202011040924/tools/bin/../lib/gcc/arm-none-eabi/7.3.1/../../../../arm-none-eabi/lib/thumb/v7e-m/fpv4-sp/hard\libc_nano.a(lib_a-malloc.o)
                0x0000000008017898                malloc
 .text._Balloc  0x00000000080178a8       0x68 c:/st2/stm32cubeide_1.5.1/stm32cubeide/plugins/com.st.stm32cube.ide.mcu.externaltools.gnu-tools-for-stm32.7-2018-q2-update.win32_1.5.0.202011040924/tools/bin/../lib/gcc/arm-none-eabi/7.3.1/../../../../arm-none-eabi/lib/thumb/v7e-m/fpv4-sp/hard\libc_nano.a(lib_a-mprec.o)
                0x00000000080178a8                _Balloc
 .text._Bfree   0x0000000008017910       0x2e c:/st2/stm32cubeide_1.5.1/stm32cubeide/plugins/com.st.stm32cube.ide.mcu.externaltools.gnu-tools-for-stm32.7-2018-q2-update.win32_1.5.0.202011040924/tools/bin/../lib/gcc/arm-none-eabi/7.3.1/../../../../arm-none-eabi/lib/thumb/v7e-m/fpv4-sp/hard\libc_nano.a(lib_a-mprec.o)
                0x0000000008017910                _Bfree
 .text.__multadd
                0x000000000801793e       0x76 c:/st2/stm32cubeide_1.5.1/stm32cubeide/plugins/com.st.stm32cube.ide.mcu.externaltools.gnu-tools-for-stm32.7-2018-q2-update.win32_1.5.0.202011040924/tools/bin/../lib/gcc/arm-none-eabi/7.3.1/../../../../arm-none-eabi/lib/thumb/v7e-m/fpv4-sp/hard\libc_nano.a(lib_a-mprec.o)
                0x000000000801793e                __multadd
 .text.__hi0bits
                0x00000000080179b4       0x3e c:/st2/stm32cubeide_1.5.1/stm32cubeide/plugins/com.st.stm32cube.ide.mcu.externaltools.gnu-tools-for-stm32.7-2018-q2-update.win32_1.5.0.202011040924/tools/bin/../lib/gcc/arm-none-eabi/7.3.1/../../../../arm-none-eabi/lib/thumb/v7e-m/fpv4-sp/hard\libc_nano.a(lib_a-mprec.o)
                0x00000000080179b4                __hi0bits
 .text.__lo0bits
                0x00000000080179f2       0x5e c:/st2/stm32cubeide_1.5.1/stm32cubeide/plugins/com.st.stm32cube.ide.mcu.externaltools.gnu-tools-for-stm32.7-2018-q2-update.win32_1.5.0.202011040924/tools/bin/../lib/gcc/arm-none-eabi/7.3.1/../../../../arm-none-eabi/lib/thumb/v7e-m/fpv4-sp/hard\libc_nano.a(lib_a-mprec.o)
                0x00000000080179f2                __lo0bits
 .text.__i2b    0x0000000008017a50       0x12 c:/st2/stm32cubeide_1.5.1/stm32cubeide/plugins/com.st.stm32cube.ide.mcu.externaltools.gnu-tools-for-stm32.7-2018-q2-update.win32_1.5.0.202011040924/tools/bin/../lib/gcc/arm-none-eabi/7.3.1/../../../../arm-none-eabi/lib/thumb/v7e-m/fpv4-sp/hard\libc_nano.a(lib_a-mprec.o)
                0x0000000008017a50                __i2b
 .text.__multiply
                0x0000000008017a62      0x12c c:/st2/stm32cubeide_1.5.1/stm32cubeide/plugins/com.st.stm32cube.ide.mcu.externaltools.gnu-tools-for-stm32.7-2018-q2-update.win32_1.5.0.202011040924/tools/bin/../lib/gcc/arm-none-eabi/7.3.1/../../../../arm-none-eabi/lib/thumb/v7e-m/fpv4-sp/hard\libc_nano.a(lib_a-mprec.o)
                0x0000000008017a62                __multiply
 *fill*         0x0000000008017b8e        0x2 
 .text.__pow5mult
                0x0000000008017b90       0x9c c:/st2/stm32cubeide_1.5.1/stm32cubeide/plugins/com.st.stm32cube.ide.mcu.externaltools.gnu-tools-for-stm32.7-2018-q2-update.win32_1.5.0.202011040924/tools/bin/../lib/gcc/arm-none-eabi/7.3.1/../../../../arm-none-eabi/lib/thumb/v7e-m/fpv4-sp/hard\libc_nano.a(lib_a-mprec.o)
                0x0000000008017b90                __pow5mult
 .text.__lshift
                0x0000000008017c2c       0xa8 c:/st2/stm32cubeide_1.5.1/stm32cubeide/plugins/com.st.stm32cube.ide.mcu.externaltools.gnu-tools-for-stm32.7-2018-q2-update.win32_1.5.0.202011040924/tools/bin/../lib/gcc/arm-none-eabi/7.3.1/../../../../arm-none-eabi/lib/thumb/v7e-m/fpv4-sp/hard\libc_nano.a(lib_a-mprec.o)
                0x0000000008017c2c                __lshift
 .text.__mcmp   0x0000000008017cd4       0x34 c:/st2/stm32cubeide_1.5.1/stm32cubeide/plugins/com.st.stm32cube.ide.mcu.externaltools.gnu-tools-for-stm32.7-2018-q2-update.win32_1.5.0.202011040924/tools/bin/../lib/gcc/arm-none-eabi/7.3.1/../../../../arm-none-eabi/lib/thumb/v7e-m/fpv4-sp/hard\libc_nano.a(lib_a-mprec.o)
                0x0000000008017cd4                __mcmp
 .text.__mdiff  0x0000000008017d08       0xba c:/st2/stm32cubeide_1.5.1/stm32cubeide/plugins/com.st.stm32cube.ide.mcu.externaltools.gnu-tools-for-stm32.7-2018-q2-update.win32_1.5.0.202011040924/tools/bin/../lib/gcc/arm-none-eabi/7.3.1/../../../../arm-none-eabi/lib/thumb/v7e-m/fpv4-sp/hard\libc_nano.a(lib_a-mprec.o)
                0x0000000008017d08                __mdiff
 .text.__d2b    0x0000000008017dc2       0x9e c:/st2/stm32cubeide_1.5.1/stm32cubeide/plugins/com.st.stm32cube.ide.mcu.externaltools.gnu-tools-for-stm32.7-2018-q2-update.win32_1.5.0.202011040924/tools/bin/../lib/gcc/arm-none-eabi/7.3.1/../../../../arm-none-eabi/lib/thumb/v7e-m/fpv4-sp/hard\libc_nano.a(lib_a-mprec.o)
                0x0000000008017dc2                __d2b
 .text._calloc_r
                0x0000000008017e60       0x1c c:/st2/stm32cubeide_1.5.1/stm32cubeide/plugins/com.st.stm32cube.ide.mcu.externaltools.gnu-tools-for-stm32.7-2018-q2-update.win32_1.5.0.202011040924/tools/bin/../lib/gcc/arm-none-eabi/7.3.1/../../../../arm-none-eabi/lib/thumb/v7e-m/fpv4-sp/hard\libc_nano.a(lib_a-nano-callocr.o)
                0x0000000008017e60                _calloc_r
 .text._free_r  0x0000000008017e7c       0x9c c:/st2/stm32cubeide_1.5.1/stm32cubeide/plugins/com.st.stm32cube.ide.mcu.externaltools.gnu-tools-for-stm32.7-2018-q2-update.win32_1.5.0.202011040924/tools/bin/../lib/gcc/arm-none-eabi/7.3.1/../../../../arm-none-eabi/lib/thumb/v7e-m/fpv4-sp/hard\libc_nano.a(lib_a-nano-freer.o)
                0x0000000008017e7c                _free_r
 .text._malloc_r
                0x0000000008017f18       0xb4 c:/st2/stm32cubeide_1.5.1/stm32cubeide/plugins/com.st.stm32cube.ide.mcu.externaltools.gnu-tools-for-stm32.7-2018-q2-update.win32_1.5.0.202011040924/tools/bin/../lib/gcc/arm-none-eabi/7.3.1/../../../../arm-none-eabi/lib/thumb/v7e-m/fpv4-sp/hard\libc_nano.a(lib_a-nano-mallocr.o)
                0x0000000008017f18                _malloc_r
 .text.__sfputc_r
                0x0000000008017fcc       0x2e c:/st2/stm32cubeide_1.5.1/stm32cubeide/plugins/com.st.stm32cube.ide.mcu.externaltools.gnu-tools-for-stm32.7-2018-q2-update.win32_1.5.0.202011040924/tools/bin/../lib/gcc/arm-none-eabi/7.3.1/../../../../arm-none-eabi/lib/thumb/v7e-m/fpv4-sp/hard\libc_nano.a(lib_a-nano-vfprintf.o)
 .text.__sfputs_r
                0x0000000008017ffa       0x24 c:/st2/stm32cubeide_1.5.1/stm32cubeide/plugins/com.st.stm32cube.ide.mcu.externaltools.gnu-tools-for-stm32.7-2018-q2-update.win32_1.5.0.202011040924/tools/bin/../lib/gcc/arm-none-eabi/7.3.1/../../../../arm-none-eabi/lib/thumb/v7e-m/fpv4-sp/hard\libc_nano.a(lib_a-nano-vfprintf.o)
                0x0000000008017ffa                __sfputs_r
 *fill*         0x000000000801801e        0x2 
 .text._vfprintf_r
                0x0000000008018020      0x22c c:/st2/stm32cubeide_1.5.1/stm32cubeide/plugins/com.st.stm32cube.ide.mcu.externaltools.gnu-tools-for-stm32.7-2018-q2-update.win32_1.5.0.202011040924/tools/bin/../lib/gcc/arm-none-eabi/7.3.1/../../../../arm-none-eabi/lib/thumb/v7e-m/fpv4-sp/hard\libc_nano.a(lib_a-nano-vfprintf.o)
                0x0000000008018020                _vfprintf_r
                0x0000000008018020                _vfiprintf_r
 .text._sbrk_r  0x000000000801824c       0x20 c:/st2/stm32cubeide_1.5.1/stm32cubeide/plugins/com.st.stm32cube.ide.mcu.externaltools.gnu-tools-for-stm32.7-2018-q2-update.win32_1.5.0.202011040924/tools/bin/../lib/gcc/arm-none-eabi/7.3.1/../../../../arm-none-eabi/lib/thumb/v7e-m/fpv4-sp/hard\libc_nano.a(lib_a-sbrkr.o)
                0x000000000801824c                _sbrk_r
 .text.__sread  0x000000000801826c       0x22 c:/st2/stm32cubeide_1.5.1/stm32cubeide/plugins/com.st.stm32cube.ide.mcu.externaltools.gnu-tools-for-stm32.7-2018-q2-update.win32_1.5.0.202011040924/tools/bin/../lib/gcc/arm-none-eabi/7.3.1/../../../../arm-none-eabi/lib/thumb/v7e-m/fpv4-sp/hard\libc_nano.a(lib_a-stdio.o)
                0x000000000801826c                __sread
 .text.__swrite
                0x000000000801828e       0x38 c:/st2/stm32cubeide_1.5.1/stm32cubeide/plugins/com.st.stm32cube.ide.mcu.externaltools.gnu-tools-for-stm32.7-2018-q2-update.win32_1.5.0.202011040924/tools/bin/../lib/gcc/arm-none-eabi/7.3.1/../../../../arm-none-eabi/lib/thumb/v7e-m/fpv4-sp/hard\libc_nano.a(lib_a-stdio.o)
                0x000000000801828e                __swrite
 .text.__sseek  0x00000000080182c6       0x24 c:/st2/stm32cubeide_1.5.1/stm32cubeide/plugins/com.st.stm32cube.ide.mcu.externaltools.gnu-tools-for-stm32.7-2018-q2-update.win32_1.5.0.202011040924/tools/bin/../lib/gcc/arm-none-eabi/7.3.1/../../../../arm-none-eabi/lib/thumb/v7e-m/fpv4-sp/hard\libc_nano.a(lib_a-stdio.o)
                0x00000000080182c6                __sseek
 .text.__sclose
                0x00000000080182ea        0x8 c:/st2/stm32cubeide_1.5.1/stm32cubeide/plugins/com.st.stm32cube.ide.mcu.externaltools.gnu-tools-for-stm32.7-2018-q2-update.win32_1.5.0.202011040924/tools/bin/../lib/gcc/arm-none-eabi/7.3.1/../../../../arm-none-eabi/lib/thumb/v7e-m/fpv4-sp/hard\libc_nano.a(lib_a-stdio.o)
                0x00000000080182ea                __sclose
 *fill*         0x00000000080182f2        0x2 
 .text._write_r
                0x00000000080182f4       0x24 c:/st2/stm32cubeide_1.5.1/stm32cubeide/plugins/com.st.stm32cube.ide.mcu.externaltools.gnu-tools-for-stm32.7-2018-q2-update.win32_1.5.0.202011040924/tools/bin/../lib/gcc/arm-none-eabi/7.3.1/../../../../arm-none-eabi/lib/thumb/v7e-m/fpv4-sp/hard\libc_nano.a(lib_a-writer.o)
                0x00000000080182f4                _write_r
 .text._close_r
                0x0000000008018318       0x20 c:/st2/stm32cubeide_1.5.1/stm32cubeide/plugins/com.st.stm32cube.ide.mcu.externaltools.gnu-tools-for-stm32.7-2018-q2-update.win32_1.5.0.202011040924/tools/bin/../lib/gcc/arm-none-eabi/7.3.1/../../../../arm-none-eabi/lib/thumb/v7e-m/fpv4-sp/hard\libc_nano.a(lib_a-closer.o)
                0x0000000008018318                _close_r
 .text._fstat_r
                0x0000000008018338       0x24 c:/st2/stm32cubeide_1.5.1/stm32cubeide/plugins/com.st.stm32cube.ide.mcu.externaltools.gnu-tools-for-stm32.7-2018-q2-update.win32_1.5.0.202011040924/tools/bin/../lib/gcc/arm-none-eabi/7.3.1/../../../../arm-none-eabi/lib/thumb/v7e-m/fpv4-sp/hard\libc_nano.a(lib_a-fstatr.o)
                0x0000000008018338                _fstat_r
 .text._isatty_r
                0x000000000801835c       0x20 c:/st2/stm32cubeide_1.5.1/stm32cubeide/plugins/com.st.stm32cube.ide.mcu.externaltools.gnu-tools-for-stm32.7-2018-q2-update.win32_1.5.0.202011040924/tools/bin/../lib/gcc/arm-none-eabi/7.3.1/../../../../arm-none-eabi/lib/thumb/v7e-m/fpv4-sp/hard\libc_nano.a(lib_a-isattyr.o)
                0x000000000801835c                _isatty_r
 .text._lseek_r
                0x000000000801837c       0x24 c:/st2/stm32cubeide_1.5.1/stm32cubeide/plugins/com.st.stm32cube.ide.mcu.externaltools.gnu-tools-for-stm32.7-2018-q2-update.win32_1.5.0.202011040924/tools/bin/../lib/gcc/arm-none-eabi/7.3.1/../../../../arm-none-eabi/lib/thumb/v7e-m/fpv4-sp/hard\libc_nano.a(lib_a-lseekr.o)
                0x000000000801837c                _lseek_r
 .text.__ascii_mbtowc
                0x00000000080183a0       0x24 c:/st2/stm32cubeide_1.5.1/stm32cubeide/plugins/com.st.stm32cube.ide.mcu.externaltools.gnu-tools-for-stm32.7-2018-q2-update.win32_1.5.0.202011040924/tools/bin/../lib/gcc/arm-none-eabi/7.3.1/../../../../arm-none-eabi/lib/thumb/v7e-m/fpv4-sp/hard\libc_nano.a(lib_a-mbtowc_r.o)
                0x00000000080183a0                __ascii_mbtowc
 .text.__malloc_lock
                0x00000000080183c4        0x2 c:/st2/stm32cubeide_1.5.1/stm32cubeide/plugins/com.st.stm32cube.ide.mcu.externaltools.gnu-tools-for-stm32.7-2018-q2-update.win32_1.5.0.202011040924/tools/bin/../lib/gcc/arm-none-eabi/7.3.1/../../../../arm-none-eabi/lib/thumb/v7e-m/fpv4-sp/hard\libc_nano.a(lib_a-mlock.o)
                0x00000000080183c4                __malloc_lock
 .text.__malloc_unlock
                0x00000000080183c6        0x2 c:/st2/stm32cubeide_1.5.1/stm32cubeide/plugins/com.st.stm32cube.ide.mcu.externaltools.gnu-tools-for-stm32.7-2018-q2-update.win32_1.5.0.202011040924/tools/bin/../lib/gcc/arm-none-eabi/7.3.1/../../../../arm-none-eabi/lib/thumb/v7e-m/fpv4-sp/hard\libc_nano.a(lib_a-mlock.o)
                0x00000000080183c6                __malloc_unlock
 .text._read_r  0x00000000080183c8       0x24 c:/st2/stm32cubeide_1.5.1/stm32cubeide/plugins/com.st.stm32cube.ide.mcu.externaltools.gnu-tools-for-stm32.7-2018-q2-update.win32_1.5.0.202011040924/tools/bin/../lib/gcc/arm-none-eabi/7.3.1/../../../../arm-none-eabi/lib/thumb/v7e-m/fpv4-sp/hard\libc_nano.a(lib_a-readr.o)
                0x00000000080183c8                _read_r
 .text.__ascii_wctomb
                0x00000000080183ec       0x1a c:/st2/stm32cubeide_1.5.1/stm32cubeide/plugins/com.st.stm32cube.ide.mcu.externaltools.gnu-tools-for-stm32.7-2018-q2-update.win32_1.5.0.202011040924/tools/bin/../lib/gcc/arm-none-eabi/7.3.1/../../../../arm-none-eabi/lib/thumb/v7e-m/fpv4-sp/hard\libc_nano.a(lib_a-wctomb_r.o)
                0x00000000080183ec                __ascii_wctomb
 *(.glue_7)
 .glue_7        0x0000000008018406        0x0 linker stubs
 *(.glue_7t)
 .glue_7t       0x0000000008018406        0x0 linker stubs
 *(.eh_frame)
 *fill*         0x0000000008018406        0x2 
 .eh_frame      0x0000000008018408        0x0 c:/st2/stm32cubeide_1.5.1/stm32cubeide/plugins/com.st.stm32cube.ide.mcu.externaltools.gnu-tools-for-stm32.7-2018-q2-update.win32_1.5.0.202011040924/tools/bin/../lib/gcc/arm-none-eabi/7.3.1/thumb/v7e-m/fpv4-sp/hard/crtbegin.o
 *(.init)
 .init          0x0000000008018408        0x4 c:/st2/stm32cubeide_1.5.1/stm32cubeide/plugins/com.st.stm32cube.ide.mcu.externaltools.gnu-tools-for-stm32.7-2018-q2-update.win32_1.5.0.202011040924/tools/bin/../lib/gcc/arm-none-eabi/7.3.1/thumb/v7e-m/fpv4-sp/hard/crti.o
                0x0000000008018408                _init
 .init          0x000000000801840c        0x8 c:/st2/stm32cubeide_1.5.1/stm32cubeide/plugins/com.st.stm32cube.ide.mcu.externaltools.gnu-tools-for-stm32.7-2018-q2-update.win32_1.5.0.202011040924/tools/bin/../lib/gcc/arm-none-eabi/7.3.1/thumb/v7e-m/fpv4-sp/hard/crtn.o
 *(.fini)
 .fini          0x0000000008018414        0x4 c:/st2/stm32cubeide_1.5.1/stm32cubeide/plugins/com.st.stm32cube.ide.mcu.externaltools.gnu-tools-for-stm32.7-2018-q2-update.win32_1.5.0.202011040924/tools/bin/../lib/gcc/arm-none-eabi/7.3.1/thumb/v7e-m/fpv4-sp/hard/crti.o
                0x0000000008018414                _fini
 .fini          0x0000000008018418        0x8 c:/st2/stm32cubeide_1.5.1/stm32cubeide/plugins/com.st.stm32cube.ide.mcu.externaltools.gnu-tools-for-stm32.7-2018-q2-update.win32_1.5.0.202011040924/tools/bin/../lib/gcc/arm-none-eabi/7.3.1/thumb/v7e-m/fpv4-sp/hard/crtn.o
                0x0000000008018420                . = ALIGN (0x4)
                0x0000000008018420                _etext = .

.vfp11_veneer   0x0000000008018420        0x0
 .vfp11_veneer  0x0000000008018420        0x0 linker stubs

.v4_bx          0x0000000008018420        0x0
 .v4_bx         0x0000000008018420        0x0 linker stubs

.iplt           0x0000000008018420        0x0
 .iplt          0x0000000008018420        0x0 c:/st2/stm32cubeide_1.5.1/stm32cubeide/plugins/com.st.stm32cube.ide.mcu.externaltools.gnu-tools-for-stm32.7-2018-q2-update.win32_1.5.0.202011040924/tools/bin/../lib/gcc/arm-none-eabi/7.3.1/thumb/v7e-m/fpv4-sp/hard/crtbegin.o

.rodata         0x0000000008018420      0x488
                0x0000000008018420                . = ALIGN (0x4)
 *(.rodata)
 .rodata        0x0000000008018420      0x1a0 Core/Src/main.o
 *(.rodata*)
 .rodata.start_adress_sector8
                0x00000000080185c0        0x4 Core/Src/Flash_F405.o
                0x00000000080185c0                start_adress_sector8
 .rodata.AHBPrescTable
                0x00000000080185c4       0x10 Core/Src/system_stm32f4xx.o
                0x00000000080185c4                AHBPrescTable
 .rodata.APBPrescTable
                0x00000000080185d4        0x8 Core/Src/system_stm32f4xx.o
                0x00000000080185d4                APBPrescTable
 .rodata.flagBitshiftOffset.8292
                0x00000000080185dc        0x8 Drivers/STM32F4xx_HAL_Driver/Src/stm32f4xx_hal_dma.o
 .rodata._global_impure_ptr
                0x00000000080185e4        0x4 c:/st2/stm32cubeide_1.5.1/stm32cubeide/plugins/com.st.stm32cube.ide.mcu.externaltools.gnu-tools-for-stm32.7-2018-q2-update.win32_1.5.0.202011040924/tools/bin/../lib/gcc/arm-none-eabi/7.3.1/../../../../arm-none-eabi/lib/thumb/v7e-m/fpv4-sp/hard\libc_nano.a(lib_a-impure.o)
                0x00000000080185e4                _global_impure_ptr
 .rodata._printf_float.str1.1
                0x00000000080185e8       0x12 c:/st2/stm32cubeide_1.5.1/stm32cubeide/plugins/com.st.stm32cube.ide.mcu.externaltools.gnu-tools-for-stm32.7-2018-q2-update.win32_1.5.0.202011040924/tools/bin/../lib/gcc/arm-none-eabi/7.3.1/../../../../arm-none-eabi/lib/thumb/v7e-m/fpv4-sp/hard\libc_nano.a(lib_a-nano-vfprintf_float.o)
 .rodata._printf_i.str1.1
                0x00000000080185fa       0x22 c:/st2/stm32cubeide_1.5.1/stm32cubeide/plugins/com.st.stm32cube.ide.mcu.externaltools.gnu-tools-for-stm32.7-2018-q2-update.win32_1.5.0.202011040924/tools/bin/../lib/gcc/arm-none-eabi/7.3.1/../../../../arm-none-eabi/lib/thumb/v7e-m/fpv4-sp/hard\libc_nano.a(lib_a-nano-vfprintf_i.o)
 .rodata._dtoa_r.str1.1
                0x000000000801861c        0xd c:/st2/stm32cubeide_1.5.1/stm32cubeide/plugins/com.st.stm32cube.ide.mcu.externaltools.gnu-tools-for-stm32.7-2018-q2-update.win32_1.5.0.202011040924/tools/bin/../lib/gcc/arm-none-eabi/7.3.1/../../../../arm-none-eabi/lib/thumb/v7e-m/fpv4-sp/hard\libc_nano.a(lib_a-dtoa.o)
                                          0xf (size before relaxing)
 *fill*         0x0000000008018629        0x3 
 .rodata.__sf_fake_stderr
                0x000000000801862c       0x20 c:/st2/stm32cubeide_1.5.1/stm32cubeide/plugins/com.st.stm32cube.ide.mcu.externaltools.gnu-tools-for-stm32.7-2018-q2-update.win32_1.5.0.202011040924/tools/bin/../lib/gcc/arm-none-eabi/7.3.1/../../../../arm-none-eabi/lib/thumb/v7e-m/fpv4-sp/hard\libc_nano.a(lib_a-findfp.o)
                0x000000000801862c                __sf_fake_stderr
 .rodata.__sf_fake_stdin
                0x000000000801864c       0x20 c:/st2/stm32cubeide_1.5.1/stm32cubeide/plugins/com.st.stm32cube.ide.mcu.externaltools.gnu-tools-for-stm32.7-2018-q2-update.win32_1.5.0.202011040924/tools/bin/../lib/gcc/arm-none-eabi/7.3.1/../../../../arm-none-eabi/lib/thumb/v7e-m/fpv4-sp/hard\libc_nano.a(lib_a-findfp.o)
                0x000000000801864c                __sf_fake_stdin
 .rodata.__sf_fake_stdout
                0x000000000801866c       0x20 c:/st2/stm32cubeide_1.5.1/stm32cubeide/plugins/com.st.stm32cube.ide.mcu.externaltools.gnu-tools-for-stm32.7-2018-q2-update.win32_1.5.0.202011040924/tools/bin/../lib/gcc/arm-none-eabi/7.3.1/../../../../arm-none-eabi/lib/thumb/v7e-m/fpv4-sp/hard\libc_nano.a(lib_a-findfp.o)
                0x000000000801866c                __sf_fake_stdout
 *fill*         0x000000000801868c        0x4 
 .rodata.__mprec_bigtens
                0x0000000008018690       0x28 c:/st2/stm32cubeide_1.5.1/stm32cubeide/plugins/com.st.stm32cube.ide.mcu.externaltools.gnu-tools-for-stm32.7-2018-q2-update.win32_1.5.0.202011040924/tools/bin/../lib/gcc/arm-none-eabi/7.3.1/../../../../arm-none-eabi/lib/thumb/v7e-m/fpv4-sp/hard\libc_nano.a(lib_a-mprec.o)
                0x0000000008018690                __mprec_bigtens
 .rodata.__mprec_tens
                0x00000000080186b8       0xc8 c:/st2/stm32cubeide_1.5.1/stm32cubeide/plugins/com.st.stm32cube.ide.mcu.externaltools.gnu-tools-for-stm32.7-2018-q2-update.win32_1.5.0.202011040924/tools/bin/../lib/gcc/arm-none-eabi/7.3.1/../../../../arm-none-eabi/lib/thumb/v7e-m/fpv4-sp/hard\libc_nano.a(lib_a-mprec.o)
                0x00000000080186b8                __mprec_tens
 .rodata.p05.7359
                0x0000000008018780        0xc c:/st2/stm32cubeide_1.5.1/stm32cubeide/plugins/com.st.stm32cube.ide.mcu.externaltools.gnu-tools-for-stm32.7-2018-q2-update.win32_1.5.0.202011040924/tools/bin/../lib/gcc/arm-none-eabi/7.3.1/../../../../arm-none-eabi/lib/thumb/v7e-m/fpv4-sp/hard\libc_nano.a(lib_a-mprec.o)
 .rodata._vfprintf_r.str1.1
                0x000000000801878c       0x11 c:/st2/stm32cubeide_1.5.1/stm32cubeide/plugins/com.st.stm32cube.ide.mcu.externaltools.gnu-tools-for-stm32.7-2018-q2-update.win32_1.5.0.202011040924/tools/bin/../lib/gcc/arm-none-eabi/7.3.1/../../../../arm-none-eabi/lib/thumb/v7e-m/fpv4-sp/hard\libc_nano.a(lib_a-nano-vfprintf.o)
 .rodata._setlocale_r.str1.1
                0x000000000801879d        0x8 c:/st2/stm32cubeide_1.5.1/stm32cubeide/plugins/com.st.stm32cube.ide.mcu.externaltools.gnu-tools-for-stm32.7-2018-q2-update.win32_1.5.0.202011040924/tools/bin/../lib/gcc/arm-none-eabi/7.3.1/../../../../arm-none-eabi/lib/thumb/v7e-m/fpv4-sp/hard\libc_nano.a(lib_a-locale.o)
                                          0x9 (size before relaxing)
 .rodata.str1.1
                0x00000000080187a5        0x2 c:/st2/stm32cubeide_1.5.1/stm32cubeide/plugins/com.st.stm32cube.ide.mcu.externaltools.gnu-tools-for-stm32.7-2018-q2-update.win32_1.5.0.202011040924/tools/bin/../lib/gcc/arm-none-eabi/7.3.1/../../../../arm-none-eabi/lib/thumb/v7e-m/fpv4-sp/hard\libc_nano.a(lib_a-locale.o)
 .rodata._ctype_
                0x00000000080187a7      0x101 c:/st2/stm32cubeide_1.5.1/stm32cubeide/plugins/com.st.stm32cube.ide.mcu.externaltools.gnu-tools-for-stm32.7-2018-q2-update.win32_1.5.0.202011040924/tools/bin/../lib/gcc/arm-none-eabi/7.3.1/../../../../arm-none-eabi/lib/thumb/v7e-m/fpv4-sp/hard\libc_nano.a(lib_a-ctype_.o)
                0x00000000080187a7                _ctype_
                0x00000000080188a8                . = ALIGN (0x4)

.ARM.extab      0x00000000080188a8        0x0
                0x00000000080188a8                . = ALIGN (0x4)
 *(.ARM.extab* .gnu.linkonce.armextab.*)
                0x00000000080188a8                . = ALIGN (0x4)

.ARM            0x00000000080188a8        0x8
                0x00000000080188a8                . = ALIGN (0x4)
                0x00000000080188a8                __exidx_start = .
 *(.ARM.exidx*)
 .ARM.exidx     0x00000000080188a8        0x8 c:/st2/stm32cubeide_1.5.1/stm32cubeide/plugins/com.st.stm32cube.ide.mcu.externaltools.gnu-tools-for-stm32.7-2018-q2-update.win32_1.5.0.202011040924/tools/bin/../lib/gcc/arm-none-eabi/7.3.1/thumb/v7e-m/fpv4-sp/hard\libgcc.a(_udivmoddi4.o)
                0x00000000080188b0                __exidx_end = .
                0x00000000080188b0                . = ALIGN (0x4)

.rel.dyn        0x00000000080188b0        0x0
 .rel.iplt      0x00000000080188b0        0x0 c:/st2/stm32cubeide_1.5.1/stm32cubeide/plugins/com.st.stm32cube.ide.mcu.externaltools.gnu-tools-for-stm32.7-2018-q2-update.win32_1.5.0.202011040924/tools/bin/../lib/gcc/arm-none-eabi/7.3.1/thumb/v7e-m/fpv4-sp/hard/crtbegin.o

.preinit_array  0x00000000080188b0        0x0
                0x00000000080188b0                . = ALIGN (0x4)
                0x00000000080188b0                PROVIDE (__preinit_array_start = .)
 *(.preinit_array*)
                0x00000000080188b0                PROVIDE (__preinit_array_end = .)
                0x00000000080188b0                . = ALIGN (0x4)

.init_array     0x00000000080188b0        0x4
                0x00000000080188b0                . = ALIGN (0x4)
                0x00000000080188b0                PROVIDE (__init_array_start = .)
 *(SORT_BY_NAME(.init_array.*))
 *(.init_array*)
 .init_array    0x00000000080188b0        0x4 c:/st2/stm32cubeide_1.5.1/stm32cubeide/plugins/com.st.stm32cube.ide.mcu.externaltools.gnu-tools-for-stm32.7-2018-q2-update.win32_1.5.0.202011040924/tools/bin/../lib/gcc/arm-none-eabi/7.3.1/thumb/v7e-m/fpv4-sp/hard/crtbegin.o
                0x00000000080188b4                PROVIDE (__init_array_end = .)
                0x00000000080188b4                . = ALIGN (0x4)

.fini_array     0x00000000080188b4        0x4
                0x00000000080188b4                . = ALIGN (0x4)
                [!provide]                        PROVIDE (__fini_array_start = .)
 *(SORT_BY_NAME(.fini_array.*))
 *(.fini_array*)
 .fini_array    0x00000000080188b4        0x4 c:/st2/stm32cubeide_1.5.1/stm32cubeide/plugins/com.st.stm32cube.ide.mcu.externaltools.gnu-tools-for-stm32.7-2018-q2-update.win32_1.5.0.202011040924/tools/bin/../lib/gcc/arm-none-eabi/7.3.1/thumb/v7e-m/fpv4-sp/hard/crtbegin.o
                [!provide]                        PROVIDE (__fini_array_end = .)
                0x00000000080188b8                . = ALIGN (0x4)
                0x00000000080188b8                _sidata = LOADADDR (.data)

.data           0x0000000020000000      0x250 load address 0x00000000080188b8
                0x0000000020000000                . = ALIGN (0x4)
                0x0000000020000000                _sdata = .
 *(.data)
 *(.data*)
 .data.Target_pulse
                0x0000000020000000        0x4 Core/Src/main.o
                0x0000000020000000                Target_pulse
 .data.Target_pul_quarter
                0x0000000020000004        0x4 Core/Src/main.o
                0x0000000020000004                Target_pul_quarter
 .data.a_start  0x0000000020000008        0x4 Core/Src/main.o