Archive member included to satisfy reference by file (symbol)

c:/st2/stm32cubeide_1.5.1/stm32cubeide/plugins/com.st.stm32cube.ide.mcu.externaltools.gnu-tools-for-stm32.7-2018-q2-update.win32_1.5.0.202011040924/tools/bin/../lib/gcc/arm-none-eabi/7.3.1/../../../../arm-none-eabi/lib/thumb/v7e-m/fpv4-sp/hard\libm.a(lib_a-s_round.o)
                              Core/Src/Control.o (round)
c:/st2/stm32cubeide_1.5.1/stm32cubeide/plugins/com.st.stm32cube.ide.mcu.externaltools.gnu-tools-for-stm32.7-2018-q2-update.win32_1.5.0.202011040924/tools/bin/../lib/gcc/arm-none-eabi/7.3.1/../../../../arm-none-eabi/lib/thumb/v7e-m/fpv4-sp/hard\libc_nano.a(lib_a-errno.o)
                              Core/Src/syscalls.o (__errno)
c:/st2/stm32cubeide_1.5.1/stm32cubeide/plugins/com.st.stm32cube.ide.mcu.externaltools.gnu-tools-for-stm32.7-2018-q2-update.win32_1.5.0.202011040924/tools/bin/../lib/gcc/arm-none-eabi/7.3.1/../../../../arm-none-eabi/lib/thumb/v7e-m/fpv4-sp/hard\libc_nano.a(lib_a-exit.o)
                              c:/st2/stm32cubeide_1.5.1/stm32cubeide/plugins/com.st.stm32cube.ide.mcu.externaltools.gnu-tools-for-stm32.7-2018-q2-update.win32_1.5.0.202011040924/tools/bin/../lib/gcc/arm-none-eabi/7.3.1/../../../../arm-none-eabi/lib/thumb/v7e-m/fpv4-sp/hard/crt0.o (exit)
c:/st2/stm32cubeide_1.5.1/stm32cubeide/plugins/com.st.stm32cube.ide.mcu.externaltools.gnu-tools-for-stm32.7-2018-q2-update.win32_1.5.0.202011040924/tools/bin/../lib/gcc/arm-none-eabi/7.3.1/../../../../arm-none-eabi/lib/thumb/v7e-m/fpv4-sp/hard\libc_nano.a(lib_a-impure.o)
                              c:/st2/stm32cubeide_1.5.1/stm32cubeide/plugins/com.st.stm32cube.ide.mcu.externaltools.gnu-tools-for-stm32.7-2018-q2-update.win32_1.5.0.202011040924/tools/bin/../lib/gcc/arm-none-eabi/7.3.1/../../../../arm-none-eabi/lib/thumb/v7e-m/fpv4-sp/hard\libc_nano.a(lib_a-exit.o) (_global_impure_ptr)
c:/st2/stm32cubeide_1.5.1/stm32cubeide/plugins/com.st.stm32cube.ide.mcu.externaltools.gnu-tools-for-stm32.7-2018-q2-update.win32_1.5.0.202011040924/tools/bin/../lib/gcc/arm-none-eabi/7.3.1/../../../../arm-none-eabi/lib/thumb/v7e-m/fpv4-sp/hard\libc_nano.a(lib_a-init.o)
                              c:/st2/stm32cubeide_1.5.1/stm32cubeide/plugins/com.st.stm32cube.ide.mcu.externaltools.gnu-tools-for-stm32.7-2018-q2-update.win32_1.5.0.202011040924/tools/bin/../lib/gcc/arm-none-eabi/7.3.1/../../../../arm-none-eabi/lib/thumb/v7e-m/fpv4-sp/hard/crt0.o (__libc_init_array)
c:/st2/stm32cubeide_1.5.1/stm32cubeide/plugins/com.st.stm32cube.ide.mcu.externaltools.gnu-tools-for-stm32.7-2018-q2-update.win32_1.5.0.202011040924/tools/bin/../lib/gcc/arm-none-eabi/7.3.1/../../../../arm-none-eabi/lib/thumb/v7e-m/fpv4-sp/hard\libc_nano.a(lib_a-memcpy-stub.o)
                              Core/Src/Flash_F405.o (memcpy)
c:/st2/stm32cubeide_1.5.1/stm32cubeide/plugins/com.st.stm32cube.ide.mcu.externaltools.gnu-tools-for-stm32.7-2018-q2-update.win32_1.5.0.202011040924/tools/bin/../lib/gcc/arm-none-eabi/7.3.1/../../../../arm-none-eabi/lib/thumb/v7e-m/fpv4-sp/hard\libc_nano.a(lib_a-memset.o)
                              c:/st2/stm32cubeide_1.5.1/stm32cubeide/plugins/com.st.stm32cube.ide.mcu.externaltools.gnu-tools-for-stm32.7-2018-q2-update.win32_1.5.0.202011040924/tools/bin/../lib/gcc/arm-none-eabi/7.3.1/../../../../arm-none-eabi/lib/thumb/v7e-m/fpv4-sp/hard/crt0.o (memset)
c:/st2/stm32cubeide_1.5.1/stm32cubeide/plugins/com.st.stm32cube.ide.mcu.externaltools.gnu-tools-for-stm32.7-2018-q2-update.win32_1.5.0.202011040924/tools/bin/../lib/gcc/arm-none-eabi/7.3.1/../../../../arm-none-eabi/lib/thumb/v7e-m/fpv4-sp/hard\libc_nano.a(lib_a-nano-vfprintf_float.o)
                              (_printf_float)
c:/st2/stm32cubeide_1.5.1/stm32cubeide/plugins/com.st.stm32cube.ide.mcu.externaltools.gnu-tools-for-stm32.7-2018-q2-update.win32_1.5.0.202011040924/tools/bin/../lib/gcc/arm-none-eabi/7.3.1/../../../../arm-none-eabi/lib/thumb/v7e-m/fpv4-sp/hard\libc_nano.a(lib_a-nano-vfprintf_i.o)
                              c:/st2/stm32cubeide_1.5.1/stm32cubeide/plugins/com.st.stm32cube.ide.mcu.externaltools.gnu-tools-for-stm32.7-2018-q2-update.win32_1.5.0.202011040924/tools/bin/../lib/gcc/arm-none-eabi/7.3.1/../../../../arm-none-eabi/lib/thumb/v7e-m/fpv4-sp/hard\libc_nano.a(lib_a-nano-vfprintf_float.o) (_printf_common)
c:/st2/stm32cubeide_1.5.1/stm32cubeide/plugins/com.st.stm32cube.ide.mcu.externaltools.gnu-tools-for-stm32.7-2018-q2-update.win32_1.5.0.202011040924/tools/bin/../lib/gcc/arm-none-eabi/7.3.1/../../../../arm-none-eabi/lib/thumb/v7e-m/fpv4-sp/hard\libc_nano.a(lib_a-printf.o)
                              Core/Src/main.o (printf)
c:/st2/stm32cubeide_1.5.1/stm32cubeide/plugins/com.st.stm32cube.ide.mcu.externaltools.gnu-tools-for-stm32.7-2018-q2-update.win32_1.5.0.202011040924/tools/bin/../lib/gcc/arm-none-eabi/7.3.1/../../../../arm-none-eabi/lib/thumb/v7e-m/fpv4-sp/hard\libc_nano.a(lib_a-puts.o)
                              Core/Src/main.o (puts)
[...]
Memory Configuration

Name             Origin             Length             Attributes
CCMRAM           0x0000000010000000 0x0000000000010000 xrw
RAM              0x0000000020000000 0x0000000000020000 xrw
FLASH_SECTOR0    0x0000000008000000 0x0000000000004000 xr
FLASH_SECTOR1    0x0000000008004000 0x0000000000004000 xr
FLASH            0x0000000008008000 0x0000000000078000 xr
RUN_LOG          0x0000000008080000 0x0000000000080000 xr
*default*        0x0000000000000000 0xffffffffffffffff

Linker script and memory map

LOAD c:/st2/stm32cubeide_1.5.1/stm32cubeide/plugins/com.st.stm32cube.ide.mcu.externaltools.gnu-tools-for-stm32.7-2018-q2-update.win32_1.5.0.202011040924/tools/bin/../lib/gcc/arm-none-eabi/7.3.1/thumb/v7e-m/fpv4-sp/hard/crti.o
LOAD c:/st2/stm32cubeide_1.5.1/stm32cubeide/plugins/com.st.stm32cube.ide.mcu.externaltools.gnu-tools-for-stm32.7-2018-q2-update.win32_1.5.0.202011040924/tools/bin/../lib/gcc/arm-none-eabi/7.3.1/thumb/v7e-m/fpv4-sp/hard/crtbegin.o
LOAD c:/st2/stm32cubeide_1.5.1/stm32cubeide/plugins/com.st.stm32cube.ide.mcu.externaltools.gnu-tools-for-stm32.7-2018-q2-update.win32_1.5.0.202011040924/tools/bin/../lib/gcc/arm-none-eabi/7.3.1/../../../../arm-none-eabi/lib/thumb/v7e-m/fpv4-sp/hard/crt0.o
LOAD Core/Src/Control.o
LOAD Core/Src/Flash_F405.o
LOAD Core/Src/ICM_20648.o
LOAD Core/Src/main.o
LOAD Core/Src/stm32f4xx_hal_msp.o
LOAD Core/Src/stm32f4xx_it.o
LOAD Core/Src/syscalls.o
LOAD Core/Src/sysmem.o
LOAD Core/Src/system_stm32f4xx.o
LOAD Core/Startup/startup_stm32f405rgtx.o
LOAD Drivers/STM32F4xx_HAL_Driver/Src/stm32f4xx_hal.o
LOAD Drivers/STM32F4xx_HAL_Driver/Src/stm32f4xx_hal_adc.o
LOAD Drivers/STM32F4xx_HAL_Driver/Src/stm32f4xx_hal_adc_ex.o
LOAD Drivers/STM32F4xx_HAL_Driver/Src/stm32f4xx_hal_cortex.o
LOAD Drivers/STM32F4xx_HAL_Driver/Src/stm32f4xx_hal_dma.o
LOAD Drivers/STM32F4xx_HAL_Driver/Src/stm32f4xx_hal_dma_ex.o
LOAD Drivers/STM32F4xx_HAL_Driver/Src/stm32f4xx_hal_exti.o
LOAD Drivers/STM32F4xx_HAL_Driver/Src/stm32f4xx_hal_flash.o
LOAD Drivers/STM32F4xx_HAL_Driver/Src/stm32f4xx_hal_flash_ex.o
LOAD Drivers/STM32F4xx_HAL_Driver/Src/stm32f4xx_hal_flash_ramfunc.o
LOAD Drivers/STM32F4xx_HAL_Driver/Src/stm32f4xx_hal_gpio.o
LOAD Drivers/STM32F4xx_HAL_Driver/Src/stm32f4xx_hal_pwr.o
LOAD Drivers/STM32F4xx_HAL_Driver/Src/stm32f4xx_hal_pwr_ex.o
LOAD Drivers/STM32F4xx_HAL_Driver/Src/stm32f4xx_hal_rcc.o
LOAD Drivers/STM32F4xx_HAL_Driver/Src/stm32f4xx_hal_rcc_ex.o
LOAD Drivers/STM32F4xx_HAL_Driver/Src/stm32f4xx_hal_spi.o
LOAD Drivers/STM32F4xx_HAL_Driver/Src/stm32f4xx_hal_tim.o
LOAD Drivers/STM32F4xx_HAL_Driver/Src/stm32f4xx_hal_tim_ex.o
LOAD Drivers/STM32F4xx_HAL_Driver/Src/stm32f4xx_hal_uart.o
START GROUP
LOAD c:/st2/stm32cubeide_1.5.1/stm32cubeide/plugins/com.st.stm32cube.ide.mcu.externaltools.gnu-tools-for-stm32.7-2018-q2-update.win32_1.5.0.202011040924/tools/bin/../lib/gcc/arm-none-eabi/7.3.1/../../../../arm-none-eabi/lib/thumb/v7e-m/fpv4-sp/hard\libstdc++_nano.a
LOAD c:/st2/stm32cubeide_1.5.1/stm32cubeide/plugins/com.st.stm32cube.ide.mcu.externaltools.gnu-tools-for-stm32.7-2018-q2-update.win32_1.5.0.202011040924/tools/bin/../lib/gcc/arm-none-eabi/7.3.1/../../../../arm-none-eabi/lib/thumb/v7e-m/fpv4-sp/hard\libsupc++_nano.a
END GROUP
LOAD c:/st2/stm32cubeide_1.5.1/stm32cubeide/plugins/com.st.stm32cube.ide.mcu.externaltools.gnu-tools-for-stm32.7-2018-q2-update.win32_1.5.0.202011040924/tools/bin/../lib/gcc/arm-none-eabi/7.3.1/../../../../arm-none-eabi/lib/thumb/v7e-m/fpv4-sp/hard\libstdc++_nano.a
LOAD c:/st2/stm32cubeide_1.5.1/stm32cubeide/plugins/com.st.stm32cube.ide.mcu.externaltools.gnu-tools-for-stm32.7-2018-q2-update.win32_1.5.0.202011040924/tools/bin/../lib/gcc/arm-none-eabi/7.3.1/../../../../arm-none-eabi/lib/thumb/v7e-m/fpv4-sp/hard\libm.a
LOAD c:/st2/stm32cubeide_1.5.1/stm32cubeide/plugins/com.st.stm32cube.ide.mcu.externaltools.gnu-tools-for-stm32.7-2018-q2-update.win32_1.5.0.202011040924/tools/bin/../lib/gcc/arm-none-eabi/7.3.1/../../../../arm-none-eabi/lib/thumb/v7e-m/fpv4-sp/hard\libc_nano.a
START GROUP
LOAD c:/st2/stm32cubeide_1.5.1/stm32cubeide/plugins/com.st.stm32cube.ide.mcu.externaltools.gnu-tools-for-stm32.7-2018-q2-update.win32_1.5.0.202011040924/tools/bin/../lib/gcc/arm-none-eabi/7.3.1/thumb/v7e-m/fpv4-sp/hard\libgcc.a
LOAD c:/st2/stm32cubeide_1.5.1/stm32cubeide/plugins/com.st.stm32cube.ide.mcu.externaltools.gnu-tools-for-stm32.7-2018-q2-update.win32_1.5.0.202011040924/tools/bin/../lib/gcc/arm-none-eabi/7.3.1/../../../../arm-none-eabi/lib/thumb/v7e-m/fpv4-sp/hard\libc_nano.a
END GROUP
START GROUP
LOAD c:/st2/stm32cubeide_1.5.1/stm32cubeide/plugins/com.st.stm32cube.ide.mcu.externaltools.gnu-tools-for-stm32.7-2018-q2-update.win32_1.5.0.202011040924/tools/bin/../lib/gcc/arm-none-eabi/7.3.1/thumb/v7e-m/fpv4-sp/hard\libgcc.a
LOAD c:/st2/stm32cubeide_1.5.1/stm32cubeide/plugins/com.st.stm32cube.ide.mcu.externaltools.gnu-tools-for-stm32.7-2018-q2-update.win32_1.5.0.202011040924/tools/bin/../lib/gcc/arm-none-eabi/7.3.1/../../../../arm-none-eabi/lib/thumb/v7e-m/fpv4-sp/hard\libc_nano.a
LOAD c:/st2/stm32cubeide_1.5.1/stm32cubeide/plugins/com.st.stm32cube.ide.mcu.externaltools.gnu-tools-for-stm32.7-2018-q2-update.win32_1.5.0.202011040924/tools/bin/../lib/gcc/arm-none-eabi/7.3.1/../../../../arm-none-eabi/lib/thumb/v7e-m/fpv4-sp/hard\libnosys.a
END GROUP
START GROUP
LOAD c:/st2/stm32cubeide_1.5.1/stm32cubeide/plugins/com.st.stm32cube.ide.mcu.externaltools.gnu-tools-for-stm32.7-2018-q2-update.win32_1.5.0.202011040924/tools/bin/../lib/gcc/arm-none-eabi/7.3.1/thumb/v7e-m/fpv4-sp/hard\libgcc.a
LOAD c:/st2/stm32cubeide_1.5.1/stm32cubeide/plugins/com.st.stm32cube.ide.mcu.externaltools.gnu-tools-for-stm32.7-2018-q2-update.win32_1.5.0.202011040924/tools/bin/../lib/gcc/arm-none-eabi/7.3.1/../../../../arm-none-eabi/lib/thumb/v7e-m/fpv4-sp/hard\libc_nano.a
LOAD c:/st2/stm32cubeide_1.5.1/stm32cubeide/plugins/com.st.stm32cube.ide.mcu.externaltools.gnu-tools-for-stm32.7-2018-q2-update.win32_1.5.0.202011040924/tools/bin/../lib/gcc/arm-none-eabi/7.3.1/../../../../arm-none-eabi/lib/thumb/v7e-m/fpv4-sp/hard\libnosys.a
END GROUP
LOAD c:/st2/stm32cubeide_1.5.1/stm32cubeide/plugins/com.st.stm32cube.ide.mcu.externaltools.gnu-tools-for-stm32.7-2018-q2-update.win32_1.5.0.202011040924/tools/bin/../lib/gcc/arm-none-eabi/7.3.1/thumb/v7e-m/fpv4-sp/hard/crtend.o
LOAD c:/st2/stm32cubeide_1.5.1/stm32cubeide/plugins/com.st.stm32cube.ide.mcu.externaltools.gnu-tools-for-stm32.7-2018-q2-update.win32_1.5.0.202011040924/tools/bin/../lib/gcc/arm-none-eabi/7.3.1/thumb/v7e-m/fpv4-sp/hard/crtn.o
                0x0000000020020000                _estack = (ORIGIN (RAM) + LENGTH (RAM))
                0x0000000000000200                _Min_Heap_Size = 0x200
                0x0000000000000400                _Min_Stack_Size = 0x400

.isr_vector     0x0000000008000000      0x188
                0x0000000008000000                . = ALIGN (0x4)
 *(.isr_vector)
 .isr_vector    0x0000000008000000      0x188 Core/Startup/startup_stm32f405rgtx.o
                0x0000000008000000                g_pfnVectors
                0x0000000008000188                . = ALIGN (0x4)

.backup_flash   0x0000000008004000     0x4000
                0x0000000008004000                _backup_flash_start = .
                0x0000000008008000                . = (. + LENGTH (FLASH_SECTOR1))
 *fill*         0x0000000008004000     0x4000 

.backup_flash_run
                0x0000000008080000    0x80000
                0x0000000008080000                _backup_flash_start_run = .
                0x0000000008100000                . = (. + LENGTH (RUN_LOG))
 *fill*         0x0000000008080000    0x80000 

.text           0x0000000008008000    0x10300
                0x0000000008008000                . = ALIGN (0x4)
 *(.text)
 .text          0x0000000008008000       0x40 c:/st2/stm32cubeide_1.5.1/stm32cubeide/plugins/com.st.stm32cube.ide.mcu.externaltools.gnu-tools-for-stm32.7-2018-q2-update.win32_1.5.0.202011040924/tools/bin/../lib/gcc/arm-none-eabi/7.3.1/thumb/v7e-m/fpv4-sp/hard/crtbegin.o
 .text          0x0000000008008040       0x10 c:/st2/stm32cubeide_1.5.1/stm32cubeide/plugins/com.st.stm32cube.ide.mcu.externaltools.gnu-tools-for-stm32.7-2018-q2-update.win32_1.5.0.202011040924/tools/bin/../lib/gcc/arm-none-eabi/7.3.1/../../../../arm-none-eabi/lib/thumb/v7e-m/fpv4-sp/hard\libc_nano.a(lib_a-strlen.o)
                0x0000000008008040                strlen
 .text          0x0000000008008050       0xa0 c:/st2/stm32cubeide_1.5.1/stm32cubeide/plugins/com.st.stm32cube.ide.mcu.externaltools.gnu-tools-for-stm32.7-2018-q2-update.win32_1.5.0.202011040924/tools/bin/../lib/gcc/arm-none-eabi/7.3.1/../../../../arm-none-eabi/lib/thumb/v7e-m/fpv4-sp/hard\libc_nano.a(lib_a-memchr.o)
                0x0000000008008050                memchr
 .text          0x00000000080080f0      0x378 c:/st2/stm32cubeide_1.5.1/stm32cubeide/plugins/com.st.stm32cube.ide.mcu.externaltools.gnu-tools-for-stm32.7-2018-q2-update.win32_1.5.0.202011040924/tools/bin/../lib/gcc/arm-none-eabi/7.3.1/thumb/v7e-m/fpv4-sp/hard\libgcc.a(_arm_addsubdf3.o)
                0x00000000080080f0                __aeabi_drsub
                0x00000000080080f8                __aeabi_dsub
                0x00000000080080f8                __subdf3
                0x00000000080080fc                __aeabi_dadd
                0x00000000080080fc                __adddf3
                0x0000000008008374                __floatunsidf
                0x0000000008008374                __aeabi_ui2d
                0x0000000008008394                __floatsidf
                0x0000000008008394                __aeabi_i2d
                0x00000000080083b8                __aeabi_f2d
                0x00000000080083b8                __extendsfdf2
                0x00000000080083fc                __floatundidf
                0x00000000080083fc                __aeabi_ul2d
                0x000000000800840c                __floatdidf
                0x000000000800840c                __aeabi_l2d
 .text          0x0000000008008468      0x424 c:/st2/stm32cubeide_1.5.1/stm32cubeide/plugins/com.st.stm32cube.ide.mcu.externaltools.gnu-tools-for-stm32.7-2018-q2-update.win32_1.5.0.202011040924/tools/bin/../lib/gcc/arm-none-eabi/7.3.1/thumb/v7e-m/fpv4-sp/hard\libgcc.a(_arm_muldivdf3.o)
                0x0000000008008468                __aeabi_dmul
                0x0000000008008468                __muldf3
                0x00000000080086bc                __divdf3
                0x00000000080086bc                __aeabi_ddiv
 .text          0x000000000800888c      0x110 c:/st2/stm32cubeide_1.5.1/stm32cubeide/plugins/com.st.stm32cube.ide.mcu.externaltools.gnu-tools-for-stm32.7-2018-q2-update.win32_1.5.0.202011040924/tools/bin/../lib/gcc/arm-none-eabi/7.3.1/thumb/v7e-m/fpv4-sp/hard\libgcc.a(_arm_cmpdf2.o)
                0x000000000800888c                __gtdf2
                0x000000000800888c                __gedf2
                0x0000000008008894                __ltdf2
                0x0000000008008894                __ledf2
                0x000000000800889c                __nedf2
                0x000000000800889c                __eqdf2
                0x000000000800889c                __cmpdf2
                0x0000000008008918                __aeabi_cdrcmple
                0x0000000008008928                __aeabi_cdcmpeq
                0x0000000008008928                __aeabi_cdcmple
                0x0000000008008938                __aeabi_dcmpeq
                0x000000000800894c                __aeabi_dcmplt
                0x0000000008008960                __aeabi_dcmple
                0x0000000008008974                __aeabi_dcmpge
                0x0000000008008988                __aeabi_dcmpgt
 .text          0x000000000800899c       0x2c c:/st2/stm32cubeide_1.5.1/stm32cubeide/plugins/com.st.stm32cube.ide.mcu.externaltools.gnu-tools-for-stm32.7-2018-q2-update.win32_1.5.0.202011040924/tools/bin/../lib/gcc/arm-none-eabi/7.3.1/thumb/v7e-m/fpv4-sp/hard\libgcc.a(_arm_unorddf2.o)
                0x000000000800899c                __unorddf2
                0x000000000800899c                __aeabi_dcmpun
 .text          0x00000000080089c8       0x50 c:/st2/stm32cubeide_1.5.1/stm32cubeide/plugins/com.st.stm32cube.ide.mcu.externaltools.gnu-tools-for-stm32.7-2018-q2-update.win32_1.5.0.202011040924/tools/bin/../lib/gcc/arm-none-eabi/7.3.1/thumb/v7e-m/fpv4-sp/hard\libgcc.a(_arm_fixdfsi.o)
                0x00000000080089c8                __aeabi_d2iz
                0x00000000080089c8                __fixdfsi
 .text          0x0000000008008a18       0xa0 c:/st2/stm32cubeide_1.5.1/stm32cubeide/plugins/com.st.stm32cube.ide.mcu.externaltools.gnu-tools-for-stm32.7-2018-q2-update.win32_1.5.0.202011040924/tools/bin/../lib/gcc/arm-none-eabi/7.3.1/thumb/v7e-m/fpv4-sp/hard\libgcc.a(_arm_truncdfsf2.o)
                0x0000000008008a18                __truncdfsf2
                0x0000000008008a18                __aeabi_d2f
 .text          0x0000000008008ab8       0x30 c:/st2/stm32cubeide_1.5.1/stm32cubeide/plugins/com.st.stm32cube.ide.mcu.externaltools.gnu-tools-for-stm32.7-2018-q2-update.win32_1.5.0.202011040924/tools/bin/../lib/gcc/arm-none-eabi/7.3.1/thumb/v7e-m/fpv4-sp/hard\libgcc.a(_aeabi_uldivmod.o)
                0x0000000008008ab8                __aeabi_uldivmod
 .text          0x0000000008008ae8      0x2cc c:/st2/stm32cubeide_1.5.1/stm32cubeide/plugins/com.st.stm32cube.ide.mcu.externaltools.gnu-tools-for-stm32.7-2018-q2-update.win32_1.5.0.202011040924/tools/bin/../lib/gcc/arm-none-eabi/7.3.1/thumb/v7e-m/fpv4-sp/hard\libgcc.a(_udivmoddi4.o)
                0x0000000008008ae8                __udivmoddi4
 .text          0x0000000008008db4        0x4 c:/st2/stm32cubeide_1.5.1/stm32cubeide/plugins/com.st.stm32cube.ide.mcu.externaltools.gnu-tools-for-stm32.7-2018-q2-update.win32_1.5.0.202011040924/tools/bin/../lib/gcc/arm-none-eabi/7.3.1/thumb/v7e-m/fpv4-sp/hard\libgcc.a(_dvmd_tls.o)
                0x0000000008008db4                __aeabi_idiv0
                0x0000000008008db4                __aeabi_ldiv0
 *(.text*)
 .text.Side_Wall_Control
                0x0000000008008db8      0x174 Core/Src/Control.o
                0x0000000008008db8                Side_Wall_Control
 .text.Left_Wall_Control
                0x0000000008008f2c      0x164 Core/Src/Control.o
                0x0000000008008f2c                Left_Wall_Control
 .text.Right_Wall_Control
                0x0000000008009090      0x164 Core/Src/Control.o
                0x0000000008009090                Right_Wall_Control
 .text.Velocity_Control
                0x00000000080091f4      0x15c Core/Src/Control.o
                0x00000000080091f4                Velocity_Control
 .text.Right_Velo_Control
                0x0000000008009350      0x104 Core/Src/Control.o
                0x0000000008009350                Right_Velo_Control
 .text.Left_Velo_Control
                0x0000000008009454      0x104 Core/Src/Control.o
                0x0000000008009454                Left_Velo_Control
 .text.Enc_Velo_Control
                0x0000000008009558      0x168 Core/Src/Control.o
                0x0000000008009558                Enc_Velo_Control
 .text.FLASH_Unlock
                0x00000000080096c0       0x28 Core/Src/Flash_F405.o
 .text.FLASH_Lock
                0x00000000080096e8       0x20 Core/Src/Flash_F405.o
 .text.FLASH_WaitBusy
                0x0000000008009708       0x20 Core/Src/Flash_F405.o
                0x0000000008009708                FLASH_WaitBusy
 .text.FLASH_Erease8
                0x0000000008009728       0x40 Core/Src/Flash_F405.o
                0x0000000008009728                FLASH_Erease8
 .text.FLASH_Write_Word_F
                0x0000000008009768       0x54 Core/Src/Flash_F405.o
                0x0000000008009768                FLASH_Write_Word_F
 .text.FLASH_ReadData
                0x00000000080097bc       0x20 Core/Src/Flash_F405.o
                0x00000000080097bc                FLASH_ReadData
 .text.read_byte
                0x00000000080097dc       0x58 Core/Src/ICM_20648.o
                0x00000000080097dc                read_byte
 .text.write_byte
                0x0000000008009834       0x58 Core/Src/ICM_20648.o
                0x0000000008009834                write_byte
 .text.IMU_init
                0x000000000800988c       0x54 Core/Src/ICM_20648.o
                0x000000000800988c                IMU_init
 .text.read_gyro_data
                0x00000000080098e0       0x70 Core/Src/ICM_20648.o
                0x00000000080098e0                read_gyro_data
 .text.read_accel_data
                0x0000000008009950       0x70 Core/Src/ICM_20648.o
                0x0000000008009950                read_accel_data
 .text.__io_putchar
                0x00000000080099c0       0x24 Core/Src/main.o
                0x00000000080099c0                __io_putchar
 .text.Motor_Count_Clear
                0x00000000080099e4      0x104 Core/Src/main.o
                0x00000000080099e4                Motor_Count_Clear
 .text.Tim_Count
                0x0000000008009ae8       0x80 Core/Src/main.o
                0x0000000008009ae8                Tim_Count
 .text.map_init
                0x0000000008009b68      0x104 Core/Src/main.o
                0x0000000008009b68                map_init
 .text.mapcopy  0x0000000008009c6c      0x15c Core/Src/main.o
                0x0000000008009c6c                mapcopy
 .text.Flash_clear
                0x0000000008009dc8       0x52 Core/Src/main.o
                0x0000000008009dc8                Flash_clear
 *fill*         0x0000000008009e1a        0x2 
 .text.Flash_load
                0x0000000008009e1c       0x24 Core/Src/main.o
                0x0000000008009e1c                Flash_load
 .text.Flash_store
                0x0000000008009e40       0x8c Core/Src/main.o
                0x0000000008009e40                Flash_store
 .text.Emitter_ON
                0x0000000008009ecc       0x1c Core/Src/main.o
                0x0000000008009ecc                Emitter_ON
 .text.Emitter_OFF
                0x0000000008009ee8       0x1c Core/Src/main.o
                0x0000000008009ee8                Emitter_OFF
 .text.ADC_Start
                0x0000000008009f04       0x40 Core/Src/main.o
                0x0000000008009f04                ADC_Start
 .text.ADC_Stop
                0x0000000008009f44       0x30 Core/Src/main.o
                0x0000000008009f44                ADC_Stop
 .text.Encoder_Start
                0x0000000008009f74       0x20 Core/Src/main.o
                0x0000000008009f74                Encoder_Start
 .text.Motor_PWM_Start
                0x0000000008009f94       0x34 Core/Src/main.o
                0x0000000008009f94                Motor_PWM_Start
 .text.Motor_PWM_Stop
                0x0000000008009fc8       0x34 Core/Src/main.o
                0x0000000008009fc8                Motor_PWM_Stop
 .text.Init     0x0000000008009ffc       0x18 Core/Src/main.o
                0x0000000008009ffc                Init
 .text.lowpass_filter
                0x000000000800a014       0x84 Core/Src/main.o
                0x000000000800a014                lowpass_filter
 .text.IMU_Get_Data
                0x000000000800a098      0x15c Core/Src/main.o
                0x000000000800a098                IMU_Get_Data
 .text.IMU_Control
                0x000000000800a1f4      0x218 Core/Src/main.o
                0x000000000800a1f4                IMU_Control
 .text.IMU_Calib
                0x000000000800a40c       0xfc Core/Src/main.o
                0x000000000800a40c                IMU_Calib
 .text.LED_Change
                0x000000000800a508      0x17c Core/Src/main.o
                0x000000000800a508                LED_Change
 .text.Motor_Switch
                0x000000000800a684       0x94 Core/Src/main.o
                0x000000000800a684                Motor_Switch
 .text.ADC_Get_Data
                0x000000000800a718      0x268 Core/Src/main.o
                0x000000000800a718                ADC_Get_Data
 .text.Velocity_Get
                0x000000000800a980       0x50 Core/Src/main.o
                0x000000000800a980                Velocity_Get
 .text.Encoder_Reset
                0x000000000800a9d0       0x28 Core/Src/main.o
                0x000000000800a9d0                Encoder_Reset
 .text.Encoder_Count
                0x000000000800a9f8       0x9c Core/Src/main.o
                0x000000000800a9f8                Encoder_Count
 .text.wait     0x000000000800aa94       0x4c Core/Src/main.o
                0x000000000800aa94                wait
 .text.Start_Accel
                0x000000000800aae0       0xac Core/Src/main.o
                0x000000000800aae0                Start_Accel
 *fill*         0x000000000800ab8c        0x4 
 .text.Accelerate
                0x000000000800ab90      0x15c Core/Src/main.o
                0x000000000800ab90                Accelerate
 *fill*         0x000000000800acec        0x4 
 .text.Decelerate
                0x000000000800acf0      0x158 Core/Src/main.o
                0x000000000800acf0                Decelerate
 .text.straight
                0x000000000800ae48      0x17c Core/Src/main.o
                0x000000000800ae48                straight
 *fill*         0x000000000800afc4        0x4 
 .text.IMU_turn
                0x000000000800afc8      0x154 Core/Src/main.o
                0x000000000800afc8                IMU_turn
 .text.turn_right
                0x000000000800b11c       0xd8 Core/Src/main.o
                0x000000000800b11c                turn_right
 .text.turn_left
                0x000000000800b1f4       0xd4 Core/Src/main.o
                0x000000000800b1f4                turn_left
 .text.slow_turn_R
                0x000000000800b2c8      0x170 Core/Src/main.o
                0x000000000800b2c8                slow_turn_R
 .text.slow_turn_L
                0x000000000800b438      0x170 Core/Src/main.o
                0x000000000800b438                slow_turn_L
 .text.shinchi_turn_R
                0x000000000800b5a8      0x184 Core/Src/main.o
                0x000000000800b5a8                shinchi_turn_R
 *fill*         0x000000000800b72c        0x4 
 .text.shinchi_turn_L
                0x000000000800b730      0x184 Core/Src/main.o
                0x000000000800b730                shinchi_turn_L
 .text.rotate180
                0x000000000800b8b4       0xf4 Core/Src/main.o
                0x000000000800b8b4                rotate180
 .text.back_calib
                0x000000000800b9a8       0xd0 Core/Src/main.o
                0x000000000800b9a8                back_calib
 .text.R_turn_select
                0x000000000800ba78       0xd4 Core/Src/main.o
                0x000000000800ba78                R_turn_select
 *fill*         0x000000000800bb4c        0x4 
 .text.L_turn_select
                0x000000000800bb50       0x84 Core/Src/main.o
                0x000000000800bb50                L_turn_select
 .text.Execution_Select
                0x000000000800bbd4      0x1a0 Core/Src/main.o
                0x000000000800bbd4                Execution_Select
 .text.Walk_Map_Update
                0x000000000800bd74      0x2d4 Core/Src/main.o
                0x000000000800bd74                Walk_Map_Update
 .text.wall_set
                0x000000000800c048      0x288 Core/Src/main.o
                0x000000000800c048                wall_set
 .text.goal_area_search
                0x000000000800c2d0      0xe3c Core/Src/main.o
                0x000000000800c2d0                goal_area_search
 *fill*         0x000000000800d10c        0x4 
 .text.Adachi_judge
                0x000000000800d110      0x798 Core/Src/main.o
                0x000000000800d110                Adachi_judge
 .text.Adachi_search
                0x000000000800d8a8       0xec Core/Src/main.o
                0x000000000800d8a8                Adachi_search
 .text.Map_Load
                0x000000000800d994      0x180 Core/Src/main.o
                0x000000000800d994                Map_Load
 *fill*         0x000000000800db14        0x4 
 .text.Adachi_search2
                0x000000000800db18       0xec Core/Src/main.o
                0x000000000800db18                Adachi_search2
 *fill*         0x000000000800dc04        0x4 
 .text.Shortest_Run_Judge
                0x000000000800dc08      0x770 Core/Src/main.o
                0x000000000800dc08                Shortest_Run_Judge
 .text.Shortest_Run
                0x000000000800e378      0x108 Core/Src/main.o
                0x000000000800e378                Shortest_Run
 .text.HAL_ADC_ConvCpltCallback
                0x000000000800e480       0x14 Core/Src/main.o
                0x000000000800e480                HAL_ADC_ConvCpltCallback
 *fill*         0x000000000800e494        0x4 
 .text.HAL_TIM_PeriodElapsedCallback
                0x000000000800e498      0xac0 Core/Src/main.o
                0x000000000800e498                HAL_TIM_PeriodElapsedCallback
 .text.Exe_num0
                0x000000000800ef58        0xc Core/Src/main.o
                0x000000000800ef58                Exe_num0
 .text.Exe_num1
                0x000000000800ef64        0xc Core/Src/main.o
                0x000000000800ef64                Exe_num1
 .text.Exe_num2
                0x000000000800ef70        0xc Core/Src/main.o
                0x000000000800ef70                Exe_num2
 .text.Exe_num3
                0x000000000800ef7c       0x44 Core/Src/main.o
                0x000000000800ef7c                Exe_num3
 .text.Exe_num4
                0x000000000800efc0        0xc Core/Src/main.o
                0x000000000800efc0                Exe_num4
 .text.Exe_num5
                0x000000000800efcc       0x60 Core/Src/main.o
                0x000000000800efcc                Exe_num5
 .text.Exe_num6
                0x000000000800f02c       0x54 Core/Src/main.o
                0x000000000800f02c                Exe_num6
 .text.Exe_num7
                0x000000000800f080       0xa8 Core/Src/main.o
                0x000000000800f080                Exe_num7
 .text.main     0x000000000800f128      0x12c Core/Src/main.o
                0x000000000800f128                main
 .text.SystemClock_Config
                0x000000000800f254       0xd4 Core/Src/main.o
                0x000000000800f254                SystemClock_Config
 .text.MX_ADC1_Init
                0x000000000800f328       0xdc Core/Src/main.o
 .text.MX_ADC2_Init
                0x000000000800f404       0xc0 Core/Src/main.o
 .text.MX_SPI3_Init
                0x000000000800f4c4       0x6c Core/Src/main.o
 .text.MX_TIM1_Init
                0x000000000800f530       0xa0 Core/Src/main.o
 .text.MX_TIM2_Init
                0x000000000800f5d0       0xec Core/Src/main.o
 .text.MX_TIM3_Init
                0x000000000800f6bc       0xa8 Core/Src/main.o
 .text.MX_TIM4_Init
                0x000000000800f764       0xa8 Core/Src/main.o
 .text.MX_TIM5_Init
                0x000000000800f80c       0xec Core/Src/main.o
 .text.MX_TIM8_Init
                0x000000000800f8f8      0x150 Core/Src/main.o
 .text.MX_USART1_UART_Init
                0x000000000800fa48       0x54 Core/Src/main.o
 .text.MX_DMA_Init
                0x000000000800fa9c       0x50 Core/Src/main.o
 .text.MX_GPIO_Init
                0x000000000800faec      0x194 Core/Src/main.o
 .text.Error_Handler
                0x000000000800fc80        0x8 Core/Src/main.o
                0x000000000800fc80                Error_Handler
 .text.HAL_MspInit
                0x000000000800fc88       0x5c Core/Src/stm32f4xx_hal_msp.o
                0x000000000800fc88                HAL_MspInit
 .text.HAL_ADC_MspInit
                0x000000000800fce4      0x210 Core/Src/stm32f4xx_hal_msp.o
                0x000000000800fce4                HAL_ADC_MspInit
 .text.HAL_SPI_MspInit
                0x000000000800fef4       0x90 Core/Src/stm32f4xx_hal_msp.o
                0x000000000800fef4                HAL_SPI_MspInit
 .text.HAL_TIM_Base_MspInit
                0x000000000800ff84      0x120 Core/Src/stm32f4xx_hal_msp.o
                0x000000000800ff84                HAL_TIM_Base_MspInit
 .text.HAL_TIM_Encoder_MspInit
                0x00000000080100a4      0x11c Core/Src/stm32f4xx_hal_msp.o
                0x00000000080100a4                HAL_TIM_Encoder_MspInit
 .text.HAL_TIM_MspPostInit
                0x00000000080101c0      0x148 Core/Src/stm32f4xx_hal_msp.o
                0x00000000080101c0                HAL_TIM_MspPostInit
 .text.HAL_UART_MspInit
                0x0000000008010308       0x90 Core/Src/stm32f4xx_hal_msp.o
                0x0000000008010308                HAL_UART_MspInit
 .text.NMI_Handler
                0x0000000008010398        0x6 Core/Src/stm32f4xx_it.o
                0x0000000008010398                NMI_Handler
 .text.HardFault_Handler
                0x000000000801039e        0x6 Core/Src/stm32f4xx_it.o
                0x000000000801039e                HardFault_Handler
 .text.MemManage_Handler
                0x00000000080103a4        0x6 Core/Src/stm32f4xx_it.o
                0x00000000080103a4                MemManage_Handler
 .text.BusFault_Handler
                0x00000000080103aa        0x6 Core/Src/stm32f4xx_it.o
                0x00000000080103aa                BusFault_Handler
 .text.UsageFault_Handler
                0x00000000080103b0        0x6 Core/Src/stm32f4xx_it.o
                0x00000000080103b0                UsageFault_Handler
 .text.SVC_Handler
                0x00000000080103b6        0xe Core/Src/stm32f4xx_it.o
                0x00000000080103b6                SVC_Handler
 .text.DebugMon_Handler
                0x00000000080103c4        0xe Core/Src/stm32f4xx_it.o
                0x00000000080103c4                DebugMon_Handler
 .text.PendSV_Handler
                0x00000000080103d2        0xe Core/Src/stm32f4xx_it.o
                0x00000000080103d2                PendSV_Handler
 .text.SysTick_Handler
                0x00000000080103e0        0xc Core/Src/stm32f4xx_it.o
                0x00000000080103e0                SysTick_Handler
 .text.FLASH_IRQHandler
                0x00000000080103ec        0xc Core/Src/stm32f4xx_it.o
                0x00000000080103ec                FLASH_IRQHandler
 .text.ADC_IRQHandler
                0x00000000080103f8       0x1c Core/Src/stm32f4xx_it.o
                0x00000000080103f8                ADC_IRQHandler
 .text.TIM1_UP_TIM10_IRQHandler
                0x0000000008010414       0x14 Core/Src/stm32f4xx_it.o
                0x0000000008010414                TIM1_UP_TIM10_IRQHandler
 .text.TIM2_IRQHandler
                0x0000000008010428       0x14 Core/Src/stm32f4xx_it.o
                0x0000000008010428                TIM2_IRQHandler
 .text.TIM3_IRQHandler
                0x000000000801043c       0x14 Core/Src/stm32f4xx_it.o
                0x000000000801043c                TIM3_IRQHandler
 .text.TIM4_IRQHandler
                0x0000000008010450       0x14 Core/Src/stm32f4xx_it.o
                0x0000000008010450                TIM4_IRQHandler
 .text.TIM8_UP_TIM13_IRQHandler
                0x0000000008010464       0x14 Core/Src/stm32f4xx_it.o
                0x0000000008010464                TIM8_UP_TIM13_IRQHandler
 .text.TIM8_TRG_COM_TIM14_IRQHandler
                0x0000000008010478       0x14 Core/Src/stm32f4xx_it.o
                0x0000000008010478                TIM8_TRG_COM_TIM14_IRQHandler
 .text.TIM8_CC_IRQHandler
                0x000000000801048c       0x14 Core/Src/stm32f4xx_it.o
                0x000000000801048c                TIM8_CC_IRQHandler
 .text.TIM5_IRQHandler
                0x00000000080104a0       0x14 Core/Src/stm32f4xx_it.o
                0x00000000080104a0                TIM5_IRQHandler
 .text.DMA2_Stream0_IRQHandler
                0x00000000080104b4       0x14 Core/Src/stm32f4xx_it.o
                0x00000000080104b4                DMA2_Stream0_IRQHandler
 .text.DMA2_Stream2_IRQHandler
                0x00000000080104c8       0x14 Core/Src/stm32f4xx_it.o
                0x00000000080104c8                DMA2_Stream2_IRQHandler
 .text._read    0x00000000080104dc       0x3a Core/Src/syscalls.o
                0x00000000080104dc                _read
 .text._write   0x0000000008010516       0x38 Core/Src/syscalls.o
                0x0000000008010516                _write
 .text._close   0x000000000801054e       0x18 Core/Src/syscalls.o
                0x000000000801054e                _close
 .text._fstat   0x0000000008010566       0x20 Core/Src/syscalls.o
                0x0000000008010566                _fstat
 .text._isatty  0x0000000008010586       0x16 Core/Src/syscalls.o
                0x0000000008010586                _isatty
 .text._lseek   0x000000000801059c       0x1a Core/Src/syscalls.o
                0x000000000801059c                _lseek
 *fill*         0x00000000080105b6        0x2 
 .text._sbrk    0x00000000080105b8       0x6c Core/Src/sysmem.o
                0x00000000080105b8                _sbrk
 .text.SystemInit
                0x0000000008010624       0x2c Core/Src/system_stm32f4xx.o
                0x0000000008010624                SystemInit
 .text.Reset_Handler
                0x0000000008010650       0x50 Core/Startup/startup_stm32f405rgtx.o
                0x0000000008010650                Reset_Handler
 .text.Default_Handler
                0x00000000080106a0        0x2 Core/Startup/startup_stm32f405rgtx.o
                0x00000000080106a0                RTC_Alarm_IRQHandler
                0x00000000080106a0                HASH_RNG_IRQHandler
                0x00000000080106a0                EXTI2_IRQHandler
                0x00000000080106a0                TIM1_CC_IRQHandler
                0x00000000080106a0                DMA2_Stream5_IRQHandler
                0x00000000080106a0                DMA1_Stream5_IRQHandler
                0x00000000080106a0                PVD_IRQHandler
                0x00000000080106a0                SDIO_IRQHandler
                0x00000000080106a0                TAMP_STAMP_IRQHandler
                0x00000000080106a0                CAN2_RX1_IRQHandler
                0x00000000080106a0                EXTI3_IRQHandler
                0x00000000080106a0                I2C3_ER_IRQHandler
                0x00000000080106a0                EXTI0_IRQHandler
                0x00000000080106a0                I2C2_EV_IRQHandler
                0x00000000080106a0                DMA1_Stream2_IRQHandler
                0x00000000080106a0                CAN1_RX0_IRQHandler
                0x00000000080106a0                FPU_IRQHandler
                0x00000000080106a0                OTG_HS_WKUP_IRQHandler
                0x00000000080106a0                CAN2_SCE_IRQHandler
                0x00000000080106a0                SPI1_IRQHandler
                0x00000000080106a0                TIM6_DAC_IRQHandler
                0x00000000080106a0                TIM1_BRK_TIM9_IRQHandler
                0x00000000080106a0                CAN2_RX0_IRQHandler
                0x00000000080106a0                DMA2_Stream3_IRQHandler
                0x00000000080106a0                USART6_IRQHandler
                0x00000000080106a0                USART3_IRQHandler
                0x00000000080106a0                CAN1_RX1_IRQHandler
                0x00000000080106a0                UART5_IRQHandler
                0x00000000080106a0                I2C1_EV_IRQHandler
                0x00000000080106a0                DMA1_Stream6_IRQHandler
                0x00000000080106a0                DMA1_Stream1_IRQHandler
                0x00000000080106a0                UART4_IRQHandler
                0x00000000080106a0                RCC_IRQHandler
                0x00000000080106a0                TIM8_BRK_TIM12_IRQHandler
                0x00000000080106a0                Default_Handler
                0x00000000080106a0                EXTI15_10_IRQHandler
                0x00000000080106a0                DMA1_Stream7_IRQHandler
                0x00000000080106a0                TIM7_IRQHandler
                0x00000000080106a0                CAN2_TX_IRQHandler
                0x00000000080106a0                DMA2_Stream7_IRQHandler
                0x00000000080106a0                I2C3_EV_IRQHandler
                0x00000000080106a0                EXTI9_5_IRQHandler
                0x00000000080106a0                RTC_WKUP_IRQHandler
                0x00000000080106a0                SPI2_IRQHandler
                0x00000000080106a0                OTG_HS_EP1_IN_IRQHandler
                0x00000000080106a0                DMA1_Stream0_IRQHandler
                0x00000000080106a0                CAN1_TX_IRQHandler
                0x00000000080106a0                EXTI4_IRQHandler
                0x00000000080106a0                FSMC_IRQHandler
                0x00000000080106a0                OTG_HS_EP1_OUT_IRQHandler
                0x00000000080106a0                WWDG_IRQHandler
                0x00000000080106a0                OTG_FS_WKUP_IRQHandler
                0x00000000080106a0                TIM1_TRG_COM_TIM11_IRQHandler
                0x00000000080106a0                OTG_HS_IRQHandler
                0x00000000080106a0                EXTI1_IRQHandler
                0x00000000080106a0                USART2_IRQHandler
                0x00000000080106a0                I2C2_ER_IRQHandler
                0x00000000080106a0                DMA2_Stream1_IRQHandler
                0x00000000080106a0                CAN1_SCE_IRQHandler
                0x00000000080106a0                DMA2_Stream4_IRQHandler
                0x00000000080106a0                USART1_IRQHandler
                0x00000000080106a0                OTG_FS_IRQHandler
                0x00000000080106a0                SPI3_IRQHandler
                0x00000000080106a0                DMA1_Stream4_IRQHandler
                0x00000000080106a0                I2C1_ER_IRQHandler
                0x00000000080106a0                DMA2_Stream6_IRQHandler
                0x00000000080106a0                DMA1_Stream3_IRQHandler
 *fill*         0x00000000080106a2        0x2 
 .text.HAL_Init
                0x00000000080106a4       0x44 Drivers/STM32F4xx_HAL_Driver/Src/stm32f4xx_hal.o
                0x00000000080106a4                HAL_Init
 .text.HAL_InitTick
                0x00000000080106e8       0x60 Drivers/STM32F4xx_HAL_Driver/Src/stm32f4xx_hal.o
                0x00000000080106e8                HAL_InitTick
 .text.HAL_IncTick
                0x0000000008010748       0x28 Drivers/STM32F4xx_HAL_Driver/Src/stm32f4xx_hal.o
                0x0000000008010748                HAL_IncTick
 .text.HAL_GetTick
                0x0000000008010770       0x18 Drivers/STM32F4xx_HAL_Driver/Src/stm32f4xx_hal.o
                0x0000000008010770                HAL_GetTick
 .text.HAL_Delay
                0x0000000008010788       0x44 Drivers/STM32F4xx_HAL_Driver/Src/stm32f4xx_hal.o
                0x0000000008010788                HAL_Delay
 .text.HAL_ADC_Init
                0x00000000080107cc       0x86 Drivers/STM32F4xx_HAL_Driver/Src/stm32f4xx_hal_adc.o
                0x00000000080107cc                HAL_ADC_Init
 .text.HAL_ADC_IRQHandler
                0x0000000008010852      0x282 Drivers/STM32F4xx_HAL_Driver/Src/stm32f4xx_hal_adc.o
                0x0000000008010852                HAL_ADC_IRQHandler
 .text.HAL_ADC_Start_DMA
                0x0000000008010ad4      0x1e4 Drivers/STM32F4xx_HAL_Driver/Src/stm32f4xx_hal_adc.o
                0x0000000008010ad4                HAL_ADC_Start_DMA
 .text.HAL_ADC_Stop_DMA
                0x0000000008010cb8       0x94 Drivers/STM32F4xx_HAL_Driver/Src/stm32f4xx_hal_adc.o
                0x0000000008010cb8                HAL_ADC_Stop_DMA
 .text.HAL_ADC_ConvHalfCpltCallback
                0x0000000008010d4c       0x14 Drivers/STM32F4xx_HAL_Driver/Src/stm32f4xx_hal_adc.o
                0x0000000008010d4c                HAL_ADC_ConvHalfCpltCallback
 .text.HAL_ADC_LevelOutOfWindowCallback
                0x0000000008010d60       0x14 Drivers/STM32F4xx_HAL_Driver/Src/stm32f4xx_hal_adc.o
                0x0000000008010d60                HAL_ADC_LevelOutOfWindowCallback
 .text.HAL_ADC_ErrorCallback
                0x0000000008010d74       0x14 Drivers/STM32F4xx_HAL_Driver/Src/stm32f4xx_hal_adc.o
                0x0000000008010d74                HAL_ADC_ErrorCallback
 .text.HAL_ADC_ConfigChannel
                0x0000000008010d88      0x244 Drivers/STM32F4xx_HAL_Driver/Src/stm32f4xx_hal_adc.o
                0x0000000008010d88                HAL_ADC_ConfigChannel
 .text.ADC_Init
                0x0000000008010fcc      0x1f8 Drivers/STM32F4xx_HAL_Driver/Src/stm32f4xx_hal_adc.o
 .text.ADC_DMAConvCplt
                0x00000000080111c4       0xba Drivers/STM32F4xx_HAL_Driver/Src/stm32f4xx_hal_adc.o
 .text.ADC_DMAHalfConvCplt
                0x000000000801127e       0x1c Drivers/STM32F4xx_HAL_Driver/Src/stm32f4xx_hal_adc.o
 .text.ADC_DMAError
                0x000000000801129a       0x2e Drivers/STM32F4xx_HAL_Driver/Src/stm32f4xx_hal_adc.o
 .text.HAL_ADCEx_InjectedConvCpltCallback
                0x00000000080112c8       0x14 Drivers/STM32F4xx_HAL_Driver/Src/stm32f4xx_hal_adc_ex.o
                0x00000000080112c8                HAL_ADCEx_InjectedConvCpltCallback
 .text.__NVIC_SetPriorityGrouping
                0x00000000080112dc       0x48 Drivers/STM32F4xx_HAL_Driver/Src/stm32f4xx_hal_cortex.o
 .text.__NVIC_GetPriorityGrouping
                0x0000000008011324       0x1c Drivers/STM32F4xx_HAL_Driver/Src/stm32f4xx_hal_cortex.o
 .text.__NVIC_EnableIRQ
                0x0000000008011340       0x3c Drivers/STM32F4xx_HAL_Driver/Src/stm32f4xx_hal_cortex.o
 .text.__NVIC_SetPriority
                0x000000000801137c       0x54 Drivers/STM32F4xx_HAL_Driver/Src/stm32f4xx_hal_cortex.o
 .text.NVIC_EncodePriority
                0x00000000080113d0       0x66 Drivers/STM32F4xx_HAL_Driver/Src/stm32f4xx_hal_cortex.o
 *fill*         0x0000000008011436        0x2 
 .text.SysTick_Config
                0x0000000008011438       0x44 Drivers/STM32F4xx_HAL_Driver/Src/stm32f4xx_hal_cortex.o
 .text.HAL_NVIC_SetPriorityGrouping
                0x000000000801147c       0x16 Drivers/STM32F4xx_HAL_Driver/Src/stm32f4xx_hal_cortex.o
                0x000000000801147c                HAL_NVIC_SetPriorityGrouping
 .text.HAL_NVIC_SetPriority
                0x0000000008011492       0x38 Drivers/STM32F4xx_HAL_Driver/Src/stm32f4xx_hal_cortex.o
                0x0000000008011492                HAL_NVIC_SetPriority
 .text.HAL_NVIC_EnableIRQ
                0x00000000080114ca       0x1c Drivers/STM32F4xx_HAL_Driver/Src/stm32f4xx_hal_cortex.o
                0x00000000080114ca                HAL_NVIC_EnableIRQ
 .text.HAL_SYSTICK_Config
                0x00000000080114e6       0x18 Drivers/STM32F4xx_HAL_Driver/Src/stm32f4xx_hal_cortex.o
                0x00000000080114e6                HAL_SYSTICK_Config
 *fill*         0x00000000080114fe        0x2 
 .text.HAL_DMA_Init
                0x0000000008011500      0x15c Drivers/STM32F4xx_HAL_Driver/Src/stm32f4xx_hal_dma.o
                0x0000000008011500                HAL_DMA_Init
 .text.HAL_DMA_Start_IT
                0x000000000801165c       0xb0 Drivers/STM32F4xx_HAL_Driver/Src/stm32f4xx_hal_dma.o
                0x000000000801165c                HAL_DMA_Start_IT
 .text.HAL_DMA_Abort
                0x000000000801170c       0xe0 Drivers/STM32F4xx_HAL_Driver/Src/stm32f4xx_hal_dma.o
                0x000000000801170c                HAL_DMA_Abort
 .text.HAL_DMA_IRQHandler
                0x00000000080117ec      0x314 Drivers/STM32F4xx_HAL_Driver/Src/stm32f4xx_hal_dma.o
                0x00000000080117ec                HAL_DMA_IRQHandler
 .text.DMA_SetConfig
                0x0000000008011b00       0x5c Drivers/STM32F4xx_HAL_Driver/Src/stm32f4xx_hal_dma.o
 .text.DMA_CalcBaseAndBitshift
                0x0000000008011b5c       0x6c Drivers/STM32F4xx_HAL_Driver/Src/stm32f4xx_hal_dma.o
 .text.DMA_CheckFifoParam
                0x0000000008011bc8       0xf4 Drivers/STM32F4xx_HAL_Driver/Src/stm32f4xx_hal_dma.o
 .text.HAL_FLASH_Program
                0x0000000008011cbc       0xa8 Drivers/STM32F4xx_HAL_Driver/Src/stm32f4xx_hal_flash.o
                0x0000000008011cbc                HAL_FLASH_Program
 .text.HAL_FLASH_IRQHandler
                0x0000000008011d64      0x140 Drivers/STM32F4xx_HAL_Driver/Src/stm32f4xx_hal_flash.o
                0x0000000008011d64                HAL_FLASH_IRQHandler
 .text.HAL_FLASH_EndOfOperationCallback
                0x0000000008011ea4       0x14 Drivers/STM32F4xx_HAL_Driver/Src/stm32f4xx_hal_flash.o
                0x0000000008011ea4                HAL_FLASH_EndOfOperationCallback
 .text.HAL_FLASH_OperationErrorCallback
                0x0000000008011eb8       0x14 Drivers/STM32F4xx_HAL_Driver/Src/stm32f4xx_hal_flash.o
                0x0000000008011eb8                HAL_FLASH_OperationErrorCallback
 .text.HAL_FLASH_Unlock
                0x0000000008011ecc       0x44 Drivers/STM32F4xx_HAL_Driver/Src/stm32f4xx_hal_flash.o
                0x0000000008011ecc                HAL_FLASH_Unlock
 .text.HAL_FLASH_Lock
                0x0000000008011f10       0x20 Drivers/STM32F4xx_HAL_Driver/Src/stm32f4xx_hal_flash.o
                0x0000000008011f10                HAL_FLASH_Lock
 .text.FLASH_WaitForLastOperation
                0x0000000008011f30       0x80 Drivers/STM32F4xx_HAL_Driver/Src/stm32f4xx_hal_flash.o
                0x0000000008011f30                FLASH_WaitForLastOperation
 .text.FLASH_Program_DoubleWord
                0x0000000008011fb0       0x60 Drivers/STM32F4xx_HAL_Driver/Src/stm32f4xx_hal_flash.o
 .text.FLASH_Program_Word
                0x0000000008012010       0x44 Drivers/STM32F4xx_HAL_Driver/Src/stm32f4xx_hal_flash.o
 .text.FLASH_Program_HalfWord
                0x0000000008012054       0x48 Drivers/STM32F4xx_HAL_Driver/Src/stm32f4xx_hal_flash.o
 .text.FLASH_Program_Byte
                0x000000000801209c       0x44 Drivers/STM32F4xx_HAL_Driver/Src/stm32f4xx_hal_flash.o
 .text.FLASH_SetErrorCode
                0x00000000080120e0       0xac Drivers/STM32F4xx_HAL_Driver/Src/stm32f4xx_hal_flash.o
 .text.HAL_FLASHEx_Erase
                0x000000000801218c       0xe0 Drivers/STM32F4xx_HAL_Driver/Src/stm32f4xx_hal_flash_ex.o
                0x000000000801218c                HAL_FLASHEx_Erase
 .text.FLASH_MassErase
                0x000000000801226c       0x48 Drivers/STM32F4xx_HAL_Driver/Src/stm32f4xx_hal_flash_ex.o
 .text.FLASH_Erase_Sector
                0x00000000080122b4       0x90 Drivers/STM32F4xx_HAL_Driver/Src/stm32f4xx_hal_flash_ex.o
                0x00000000080122b4                FLASH_Erase_Sector
 .text.FLASH_FlushCaches
                0x0000000008012344       0x8c Drivers/STM32F4xx_HAL_Driver/Src/stm32f4xx_hal_flash_ex.o
                0x0000000008012344                FLASH_FlushCaches
 .text.HAL_GPIO_Init
                0x00000000080123d0      0x334 Drivers/STM32F4xx_HAL_Driver/Src/stm32f4xx_hal_gpio.o
                0x00000000080123d0                HAL_GPIO_Init
 .text.HAL_GPIO_ReadPin
                0x0000000008012704       0x30 Drivers/STM32F4xx_HAL_Driver/Src/stm32f4xx_hal_gpio.o
                0x0000000008012704                HAL_GPIO_ReadPin
 .text.HAL_GPIO_WritePin
                0x0000000008012734       0x32 Drivers/STM32F4xx_HAL_Driver/Src/stm32f4xx_hal_gpio.o
                0x0000000008012734                HAL_GPIO_WritePin
 *fill*         0x0000000008012766        0x2 
 .text.HAL_RCC_OscConfig
                0x0000000008012768      0x4e0 Drivers/STM32F4xx_HAL_Driver/Src/stm32f4xx_hal_rcc.o
                0x0000000008012768                HAL_RCC_OscConfig
 .text.HAL_RCC_ClockConfig
                0x0000000008012c48      0x1cc Drivers/STM32F4xx_HAL_Driver/Src/stm32f4xx_hal_rcc.o
                0x0000000008012c48                HAL_RCC_ClockConfig
 .text.HAL_RCC_GetSysClockFreq
                0x0000000008012e14      0x1b0 Drivers/STM32F4xx_HAL_Driver/Src/stm32f4xx_hal_rcc.o
                0x0000000008012e14                HAL_RCC_GetSysClockFreq
 .text.HAL_RCC_GetHCLKFreq
                0x0000000008012fc4       0x18 Drivers/STM32F4xx_HAL_Driver/Src/stm32f4xx_hal_rcc.o
                0x0000000008012fc4                HAL_RCC_GetHCLKFreq
 .text.HAL_RCC_GetPCLK1Freq
                0x0000000008012fdc       0x28 Drivers/STM32F4xx_HAL_Driver/Src/stm32f4xx_hal_rcc.o
                0x0000000008012fdc                HAL_RCC_GetPCLK1Freq
 .text.HAL_RCC_GetPCLK2Freq
                0x0000000008013004       0x28 Drivers/STM32F4xx_HAL_Driver/Src/stm32f4xx_hal_rcc.o
                0x0000000008013004                HAL_RCC_GetPCLK2Freq
 .text.HAL_SPI_Init
                0x000000000801302c       0xc8 Drivers/STM32F4xx_HAL_Driver/Src/stm32f4xx_hal_spi.o
                0x000000000801302c                HAL_SPI_Init
 .text.HAL_SPI_Transmit
                0x00000000080130f4      0x268 Drivers/STM32F4xx_HAL_Driver/Src/stm32f4xx_hal_spi.o
                0x00000000080130f4                HAL_SPI_Transmit
 .text.HAL_SPI_Receive
                0x000000000801335c      0x212 Drivers/STM32F4xx_HAL_Driver/Src/stm32f4xx_hal_spi.o
                0x000000000801335c                HAL_SPI_Receive
 .text.HAL_SPI_TransmitReceive
                0x000000000801356e      0x344 Drivers/STM32F4xx_HAL_Driver/Src/stm32f4xx_hal_spi.o
                0x000000000801356e                HAL_SPI_TransmitReceive
 .text.SPI_WaitFlagStateUntilTimeout
                0x00000000080138b2       0xd4 Drivers/STM32F4xx_HAL_Driver/Src/stm32f4xx_hal_spi.o
 .text.SPI_EndRxTransaction
                0x0000000008013986       0xca Drivers/STM32F4xx_HAL_Driver/Src/stm32f4xx_hal_spi.o
 .text.SPI_EndRxTxTransaction
                0x0000000008013a50       0x84 Drivers/STM32F4xx_HAL_Driver/Src/stm32f4xx_hal_spi.o
 .text.HAL_TIM_Base_Init
                0x0000000008013ad4       0x56 Drivers/STM32F4xx_HAL_Driver/Src/stm32f4xx_hal_tim.o
                0x0000000008013ad4                HAL_TIM_Base_Init
 .text.HAL_TIM_Base_Start_IT
                0x0000000008013b2a       0x48 Drivers/STM32F4xx_HAL_Driver/Src/stm32f4xx_hal_tim.o
                0x0000000008013b2a                HAL_TIM_Base_Start_IT
 .text.HAL_TIM_Base_Stop_IT
                0x0000000008013b72       0x56 Drivers/STM32F4xx_HAL_Driver/Src/stm32f4xx_hal_tim.o
                0x0000000008013b72                HAL_TIM_Base_Stop_IT
 .text.HAL_TIM_OC_Init
                0x0000000008013bc8       0x56 Drivers/STM32F4xx_HAL_Driver/Src/stm32f4xx_hal_tim.o
                0x0000000008013bc8                HAL_TIM_OC_Init
 .text.HAL_TIM_OC_MspInit
                0x0000000008013c1e       0x14 Drivers/STM32F4xx_HAL_Driver/Src/stm32f4xx_hal_tim.o
                0x0000000008013c1e                HAL_TIM_OC_MspInit
 *fill*         0x0000000008013c32        0x2 
 .text.HAL_TIM_OC_Start_IT
                0x0000000008013c34      0x108 Drivers/STM32F4xx_HAL_Driver/Src/stm32f4xx_hal_tim.o
                0x0000000008013c34                HAL_TIM_OC_Start_IT
 .text.HAL_TIM_OC_Stop_IT
                0x0000000008013d3c      0x134 Drivers/STM32F4xx_HAL_Driver/Src/stm32f4xx_hal_tim.o
                0x0000000008013d3c                HAL_TIM_OC_Stop_IT
 .text.HAL_TIM_PWM_Init
                0x0000000008013e70       0x56 Drivers/STM32F4xx_HAL_Driver/Src/stm32f4xx_hal_tim.o
                0x0000000008013e70                HAL_TIM_PWM_Init
 .text.HAL_TIM_PWM_MspInit
                0x0000000008013ec6       0x14 Drivers/STM32F4xx_HAL_Driver/Src/stm32f4xx_hal_tim.o
                0x0000000008013ec6                HAL_TIM_PWM_MspInit
 *fill*         0x0000000008013eda        0x2 
 .text.HAL_TIM_PWM_Start
                0x0000000008013edc       0x7c Drivers/STM32F4xx_HAL_Driver/Src/stm32f4xx_hal_tim.o
                0x0000000008013edc                HAL_TIM_PWM_Start
 .text.HAL_TIM_PWM_Stop
                0x0000000008013f58       0xb0 Drivers/STM32F4xx_HAL_Driver/Src/stm32f4xx_hal_tim.o
                0x0000000008013f58                HAL_TIM_PWM_Stop
 .text.HAL_TIM_Encoder_Init
                0x0000000008014008      0x124 Drivers/STM32F4xx_HAL_Driver/Src/stm32f4xx_hal_tim.o
                0x0000000008014008                HAL_TIM_Encoder_Init
 .text.HAL_TIM_Encoder_Start
                0x000000000801412c       0x6e Drivers/STM32F4xx_HAL_Driver/Src/stm32f4xx_hal_tim.o
                0x000000000801412c                HAL_TIM_Encoder_Start
 .text.HAL_TIM_IRQHandler
                0x000000000801419a      0x210 Drivers/STM32F4xx_HAL_Driver/Src/stm32f4xx_hal_tim.o
                0x000000000801419a                HAL_TIM_IRQHandler
 *fill*         0x00000000080143aa        0x2 
 .text.HAL_TIM_OC_ConfigChannel
                0x00000000080143ac       0xc0 Drivers/STM32F4xx_HAL_Driver/Src/stm32f4xx_hal_tim.o
                0x00000000080143ac                HAL_TIM_OC_ConfigChannel
 .text.HAL_TIM_PWM_ConfigChannel
                0x000000000801446c      0x18c Drivers/STM32F4xx_HAL_Driver/Src/stm32f4xx_hal_tim.o
                0x000000000801446c                HAL_TIM_PWM_ConfigChannel
 .text.HAL_TIM_ConfigClockSource
                0x00000000080145f8      0x16e Drivers/STM32F4xx_HAL_Driver/Src/stm32f4xx_hal_tim.o
                0x00000000080145f8                HAL_TIM_ConfigClockSource
 .text.HAL_TIM_OC_DelayElapsedCallback
                0x0000000008014766       0x14 Drivers/STM32F4xx_HAL_Driver/Src/stm32f4xx_hal_tim.o
                0x0000000008014766                HAL_TIM_OC_DelayElapsedCallback
 .text.HAL_TIM_IC_CaptureCallback
                0x000000000801477a       0x14 Drivers/STM32F4xx_HAL_Driver/Src/stm32f4xx_hal_tim.o
                0x000000000801477a                HAL_TIM_IC_CaptureCallback
 .text.HAL_TIM_PWM_PulseFinishedCallback
                0x000000000801478e       0x14 Drivers/STM32F4xx_HAL_Driver/Src/stm32f4xx_hal_tim.o
                0x000000000801478e                HAL_TIM_PWM_PulseFinishedCallback
 .text.HAL_TIM_TriggerCallback
                0x00000000080147a2       0x14 Drivers/STM32F4xx_HAL_Driver/Src/stm32f4xx_hal_tim.o
                0x00000000080147a2                HAL_TIM_TriggerCallback
 *fill*         0x00000000080147b6        0x2 
 .text.TIM_Base_SetConfig
                0x00000000080147b8      0x140 Drivers/STM32F4xx_HAL_Driver/Src/stm32f4xx_hal_tim.o
                0x00000000080147b8                TIM_Base_SetConfig
 .text.TIM_OC1_SetConfig
                0x00000000080148f8       0xe0 Drivers/STM32F4xx_HAL_Driver/Src/stm32f4xx_hal_tim.o
 .text.TIM_OC2_SetConfig
                0x00000000080149d8       0xec Drivers/STM32F4xx_HAL_Driver/Src/stm32f4xx_hal_tim.o
                0x00000000080149d8                TIM_OC2_SetConfig
 .text.TIM_OC3_SetConfig
                0x0000000008014ac4       0xe8 Drivers/STM32F4xx_HAL_Driver/Src/stm32f4xx_hal_tim.o
 .text.TIM_OC4_SetConfig
                0x0000000008014bac       0xac Drivers/STM32F4xx_HAL_Driver/Src/stm32f4xx_hal_tim.o
 .text.TIM_TI1_ConfigInputStage
                0x0000000008014c58       0x5e Drivers/STM32F4xx_HAL_Driver/Src/stm32f4xx_hal_tim.o
 .text.TIM_TI2_ConfigInputStage
                0x0000000008014cb6       0x60 Drivers/STM32F4xx_HAL_Driver/Src/stm32f4xx_hal_tim.o
 .text.TIM_ITRx_SetConfig
                0x0000000008014d16       0x36 Drivers/STM32F4xx_HAL_Driver/Src/stm32f4xx_hal_tim.o
 .text.TIM_ETR_SetConfig
                0x0000000008014d4c       0x40 Drivers/STM32F4xx_HAL_Driver/Src/stm32f4xx_hal_tim.o
                0x0000000008014d4c                TIM_ETR_SetConfig
 .text.TIM_CCxChannelCmd
                0x0000000008014d8c       0x4a Drivers/STM32F4xx_HAL_Driver/Src/stm32f4xx_hal_tim.o
                0x0000000008014d8c                TIM_CCxChannelCmd
 .text.HAL_TIMEx_OCN_Start_IT
                0x0000000008014dd6       0xaa Drivers/STM32F4xx_HAL_Driver/Src/stm32f4xx_hal_tim_ex.o
                0x0000000008014dd6                HAL_TIMEx_OCN_Start_IT
 .text.HAL_TIMEx_OCN_Stop_IT
                0x0000000008014e80       0xec Drivers/STM32F4xx_HAL_Driver/Src/stm32f4xx_hal_tim_ex.o
                0x0000000008014e80                HAL_TIMEx_OCN_Stop_IT
 .text.HAL_TIMEx_MasterConfigSynchronization
                0x0000000008014f6c       0xf8 Drivers/STM32F4xx_HAL_Driver/Src/stm32f4xx_hal_tim_ex.o
                0x0000000008014f6c                HAL_TIMEx_MasterConfigSynchronization
 .text.HAL_TIMEx_ConfigBreakDeadTime
                0x0000000008015064       0xa4 Drivers/STM32F4xx_HAL_Driver/Src/stm32f4xx_hal_tim_ex.o
                0x0000000008015064                HAL_TIMEx_ConfigBreakDeadTime
 .text.HAL_TIMEx_CommutCallback
                0x0000000008015108       0x14 Drivers/STM32F4xx_HAL_Driver/Src/stm32f4xx_hal_tim_ex.o
                0x0000000008015108                HAL_TIMEx_CommutCallback
 .text.HAL_TIMEx_BreakCallback
                0x000000000801511c       0x14 Drivers/STM32F4xx_HAL_Driver/Src/stm32f4xx_hal_tim_ex.o
                0x000000000801511c                HAL_TIMEx_BreakCallback
 .text.TIM_CCxNChannelCmd
                0x0000000008015130       0x4a Drivers/STM32F4xx_HAL_Driver/Src/stm32f4xx_hal_tim_ex.o
 .text.HAL_UART_Init
                0x000000000801517a       0x9a Drivers/STM32F4xx_HAL_Driver/Src/stm32f4xx_hal_uart.o
                0x000000000801517a                HAL_UART_Init
 .text.HAL_UART_Transmit
                0x0000000008015214      0x132 Drivers/STM32F4xx_HAL_Driver/Src/stm32f4xx_hal_uart.o
                0x0000000008015214                HAL_UART_Transmit
 .text.UART_WaitOnFlagUntilTimeout
                0x0000000008015346       0x94 Drivers/STM32F4xx_HAL_Driver/Src/stm32f4xx_hal_uart.o
 *fill*         0x00000000080153da        0x2 
 .text.UART_SetConfig
                0x00000000080153dc      0x6f8 Drivers/STM32F4xx_HAL_Driver/Src/stm32f4xx_hal_uart.o
 .text.round    0x0000000008015ad4       0x94 c:/st2/stm32cubeide_1.5.1/stm32cubeide/plugins/com.st.stm32cube.ide.mcu.externaltools.gnu-tools-for-stm32.7-2018-q2-update.win32_1.5.0.202011040924/tools/bin/../lib/gcc/arm-none-eabi/7.3.1/../../../../arm-none-eabi/lib/thumb/v7e-m/fpv4-sp/hard\libm.a(lib_a-s_round.o)
                0x0000000008015ad4                round
 .text.__errno  0x0000000008015b68        0xc c:/st2/stm32cubeide_1.5.1/stm32cubeide/plugins/com.st.stm32cube.ide.mcu.externaltools.gnu-tools-for-stm32.7-2018-q2-update.win32_1.5.0.202011040924/tools/bin/../lib/gcc/arm-none-eabi/7.3.1/../../../../arm-none-eabi/lib/thumb/v7e-m/fpv4-sp/hard\libc_nano.a(lib_a-errno.o)
                0x0000000008015b68                __errno
 .text.__libc_init_array
                0x0000000008015b74       0x48 c:/st2/stm32cubeide_1.5.1/stm32cubeide/plugins/com.st.stm32cube.ide.mcu.externaltools.gnu-tools-for-stm32.7-2018-q2-update.win32_1.5.0.202011040924/tools/bin/../lib/gcc/arm-none-eabi/7.3.1/../../../../arm-none-eabi/lib/thumb/v7e-m/fpv4-sp/hard\libc_nano.a(lib_a-init.o)
                0x0000000008015b74                __libc_init_array
 .text.memcpy   0x0000000008015bbc       0x16 c:/st2/stm32cubeide_1.5.1/stm32cubeide/plugins/com.st.stm32cube.ide.mcu.externaltools.gnu-tools-for-stm32.7-2018-q2-update.win32_1.5.0.202011040924/tools/bin/../lib/gcc/arm-none-eabi/7.3.1/../../../../arm-none-eabi/lib/thumb/v7e-m/fpv4-sp/hard\libc_nano.a(lib_a-memcpy-stub.o)
                0x0000000008015bbc                memcpy
 .text.memset   0x0000000008015bd2       0x10 c:/st2/stm32cubeide_1.5.1/stm32cubeide/plugins/com.st.stm32cube.ide.mcu.externaltools.gnu-tools-for-stm32.7-2018-q2-update.win32_1.5.0.202011040924/tools/bin/../lib/gcc/arm-none-eabi/7.3.1/../../../../arm-none-eabi/lib/thumb/v7e-m/fpv4-sp/hard\libc_nano.a(lib_a-memset.o)
                0x0000000008015bd2                memset
 .text.__cvt    0x0000000008015be2       0xc2 c:/st2/stm32cubeide_1.5.1/stm32cubeide/plugins/com.st.stm32cube.ide.mcu.externaltools.gnu-tools-for-stm32.7-2018-q2-update.win32_1.5.0.202011040924/tools/bin/../lib/gcc/arm-none-eabi/7.3.1/../../../../arm-none-eabi/lib/thumb/v7e-m/fpv4-sp/hard\libc_nano.a(lib_a-nano-vfprintf_float.o)
                0x0000000008015be2                __cvt
 .text.__exponent
                0x0000000008015ca4       0x66 c:/st2/stm32cubeide_1.5.1/stm32cubeide/plugins/com.st.stm32cube.ide.mcu.externaltools.gnu-tools-for-stm32.7-2018-q2-update.win32_1.5.0.202011040924/tools/bin/../lib/gcc/arm-none-eabi/7.3.1/../../../../arm-none-eabi/lib/thumb/v7e-m/fpv4-sp/hard\libc_nano.a(lib_a-nano-vfprintf_float.o)
                0x0000000008015ca4                __exponent
 *fill*         0x0000000008015d0a        0x2 
 .text._printf_float
                0x0000000008015d0c      0x480 c:/st2/stm32cubeide_1.5.1/stm32cubeide/plugins/com.st.stm32cube.ide.mcu.externaltools.gnu-tools-for-stm32.7-2018-q2-update.win32_1.5.0.202011040924/tools/bin/../lib/gcc/arm-none-eabi/7.3.1/../../../../arm-none-eabi/lib/thumb/v7e-m/fpv4-sp/hard\libc_nano.a(lib_a-nano-vfprintf_float.o)
                0x0000000008015d0c                _printf_float
 .text._printf_common
                0x000000000801618c       0xea c:/st2/stm32cubeide_1.5.1/stm32cubeide/plugins/com.st.stm32cube.ide.mcu.externaltools.gnu-tools-for-stm32.7-2018-q2-update.win32_1.5.0.202011040924/tools/bin/../lib/gcc/arm-none-eabi/7.3.1/../../../../arm-none-eabi/lib/thumb/v7e-m/fpv4-sp/hard\libc_nano.a(lib_a-nano-vfprintf_i.o)
                0x000000000801618c                _printf_common
 *fill*         0x0000000008016276        0x2 
 .text._printf_i
                0x0000000008016278      0x224 c:/st2/stm32cubeide_1.5.1/stm32cubeide/plugins/com.st.stm32cube.ide.mcu.externaltools.gnu-tools-for-stm32.7-2018-q2-update.win32_1.5.0.202011040924/tools/bin/../lib/gcc/arm-none-eabi/7.3.1/../../../../arm-none-eabi/lib/thumb/v7e-m/fpv4-sp/hard\libc_nano.a(lib_a-nano-vfprintf_i.o)
                0x0000000008016278                _printf_i
 .text.printf   0x000000000801649c       0x30 c:/st2/stm32cubeide_1.5.1/stm32cubeide/plugins/com.st.stm32cube.ide.mcu.externaltools.gnu-tools-for-stm32.7-2018-q2-update.win32_1.5.0.202011040924/tools/bin/../lib/gcc/arm-none-eabi/7.3.1/../../../../arm-none-eabi/lib/thumb/v7e-m/fpv4-sp/hard\libc_nano.a(lib_a-printf.o)
                0x000000000801649c                iprintf
                0x000000000801649c                printf
 .text._puts_r  0x00000000080164cc       0xb8 c:/st2/stm32cubeide_1.5.1/stm32cubeide/plugins/com.st.stm32cube.ide.mcu.externaltools.gnu-tools-for-stm32.7-2018-q2-update.win32_1.5.0.202011040924/tools/bin/../lib/gcc/arm-none-eabi/7.3.1/../../../../arm-none-eabi/lib/thumb/v7e-m/fpv4-sp/hard\libc_nano.a(lib_a-puts.o)
                0x00000000080164cc                _puts_r
 .text.puts     0x0000000008016584       0x10 c:/st2/stm32cubeide_1.5.1/stm32cubeide/plugins/com.st.stm32cube.ide.mcu.externaltools.gnu-tools-for-stm32.7-2018-q2-update.win32_1.5.0.202011040924/tools/bin/../lib/gcc/arm-none-eabi/7.3.1/../../../../arm-none-eabi/lib/thumb/v7e-m/fpv4-sp/hard\libc_nano.a(lib_a-puts.o)
                0x0000000008016584                puts
 .text.__swbuf_r
                0x0000000008016594       0xa4 c:/st2/stm32cubeide_1.5.1/stm32cubeide/plugins/com.st.stm32cube.ide.mcu.externaltools.gnu-tools-for-stm32.7-2018-q2-update.win32_1.5.0.202011040924/tools/bin/../lib/gcc/arm-none-eabi/7.3.1/../../../../arm-none-eabi/lib/thumb/v7e-m/fpv4-sp/hard\libc_nano.a(lib_a-wbuf.o)
                0x0000000008016594                __swbuf_r
 .text.__swsetup_r
                0x0000000008016638       0xdc c:/st2/stm32cubeide_1.5.1/stm32cubeide/plugins/com.st.stm32cube.ide.mcu.externaltools.gnu-tools-for-stm32.7-2018-q2-update.win32_1.5.0.202011040924/tools/bin/../lib/gcc/arm-none-eabi/7.3.1/../../../../arm-none-eabi/lib/thumb/v7e-m/fpv4-sp/hard\libc_nano.a(lib_a-wsetup.o)
                0x0000000008016638                __swsetup_r
 .text.quorem   0x0000000008016714      0x118 c:/st2/stm32cubeide_1.5.1/stm32cubeide/plugins/com.st.stm32cube.ide.mcu.externaltools.gnu-tools-for-stm32.7-2018-q2-update.win32_1.5.0.202011040924/tools/bin/../lib/gcc/arm-none-eabi/7.3.1/../../../../arm-none-eabi/lib/thumb/v7e-m/fpv4-sp/hard\libc_nano.a(lib_a-dtoa.o)
 *fill*         0x000000000801682c        0x4 
 .text._dtoa_r  0x0000000008016830      0xb70 c:/st2/stm32cubeide_1.5.1/stm32cubeide/plugins/com.st.stm32cube.ide.mcu.externaltools.gnu-tools-for-stm32.7-2018-q2-update.win32_1.5.0.202011040924/tools/bin/../lib/gcc/arm-none-eabi/7.3.1/../../../../arm-none-eabi/lib/thumb/v7e-m/fpv4-sp/hard\libc_nano.a(lib_a-dtoa.o)
                0x0000000008016830                _dtoa_r
 .text.__sflush_r
                0x00000000080173a0      0x10c c:/st2/stm32cubeide_1.5.1/stm32cubeide/plugins/com.st.stm32cube.ide.mcu.externaltools.gnu-tools-for-stm32.7-2018-q2-update.win32_1.5.0.202011040924/tools/bin/../lib/gcc/arm-none-eabi/7.3.1/../../../../arm-none-eabi/lib/thumb/v7e-m/fpv4-sp/hard\libc_nano.a(lib_a-fflush.o)
                0x00000000080173a0                __sflush_r
 .text._fflush_r
                0x00000000080174ac       0x54 c:/st2/stm32cubeide_1.5.1/stm32cubeide/plugins/com.st.stm32cube.ide.mcu.externaltools.gnu-tools-for-stm32.7-2018-q2-update.win32_1.5.0.202011040924/tools/bin/../lib/gcc/arm-none-eabi/7.3.1/../../../../arm-none-eabi/lib/thumb/v7e-m/fpv4-sp/hard\libc_nano.a(lib_a-fflush.o)
                0x00000000080174ac                _fflush_r
 .text.std      0x0000000008017500       0x48 c:/st2/stm32cubeide_1.5.1/stm32cubeide/plugins/com.st.stm32cube.ide.mcu.externaltools.gnu-tools-for-stm32.7-2018-q2-update.win32_1.5.0.202011040924/tools/bin/../lib/gcc/arm-none-eabi/7.3.1/../../../../arm-none-eabi/lib/thumb/v7e-m/fpv4-sp/hard\libc_nano.a(lib_a-findfp.o)
 .text._cleanup_r
                0x0000000008017548        0xc c:/st2/stm32cubeide_1.5.1/stm32cubeide/plugins/com.st.stm32cube.ide.mcu.externaltools.gnu-tools-for-stm32.7-2018-q2-update.win32_1.5.0.202011040924/tools/bin/../lib/gcc/arm-none-eabi/7.3.1/../../../../arm-none-eabi/lib/thumb/v7e-m/fpv4-sp/hard\libc_nano.a(lib_a-findfp.o)
                0x0000000008017548                _cleanup_r
 .text.__sfmoreglue
                0x0000000008017554       0x2c c:/st2/stm32cubeide_1.5.1/stm32cubeide/plugins/com.st.stm32cube.ide.mcu.externaltools.gnu-tools-for-stm32.7-2018-q2-update.win32_1.5.0.202011040924/tools/bin/../lib/gcc/arm-none-eabi/7.3.1/../../../../arm-none-eabi/lib/thumb/v7e-m/fpv4-sp/hard\libc_nano.a(lib_a-findfp.o)
                0x0000000008017554                __sfmoreglue
 .text.__sinit  0x0000000008017580       0x60 c:/st2/stm32cubeide_1.5.1/stm32cubeide/plugins/com.st.stm32cube.ide.mcu.externaltools.gnu-tools-for-stm32.7-2018-q2-update.win32_1.5.0.202011040924/tools/bin/../lib/gcc/arm-none-eabi/7.3.1/../../../../arm-none-eabi/lib/thumb/v7e-m/fpv4-sp/hard\libc_nano.a(lib_a-findfp.o)
                0x0000000008017580                __sinit
 .text.__sfp    0x00000000080175e0       0x78 c:/st2/stm32cubeide_1.5.1/stm32cubeide/plugins/com.st.stm32cube.ide.mcu.externaltools.gnu-tools-for-stm32.7-2018-q2-update.win32_1.5.0.202011040924/tools/bin/../lib/gcc/arm-none-eabi/7.3.1/../../../../arm-none-eabi/lib/thumb/v7e-m/fpv4-sp/hard\libc_nano.a(lib_a-findfp.o)
                0x00000000080175e0                __sfp
 .text._fwalk_reent
                0x0000000008017658       0x3c c:/st2/stm32cubeide_1.5.1/stm32cubeide/plugins/com.st.stm32cube.ide.mcu.externaltools.gnu-tools-for-stm32.7-2018-q2-update.win32_1.5.0.202011040924/tools/bin/../lib/gcc/arm-none-eabi/7.3.1/../../../../arm-none-eabi/lib/thumb/v7e-m/fpv4-sp/hard\libc_nano.a(lib_a-fwalk.o)
                0x0000000008017658                _fwalk_reent
 .text._localeconv_r
                0x0000000008017694       0x1c c:/st2/stm32cubeide_1.5.1/stm32cubeide/plugins/com.st.stm32cube.ide.mcu.externaltools.gnu-tools-for-stm32.7-2018-q2-update.win32_1.5.0.202011040924/tools/bin/../lib/gcc/arm-none-eabi/7.3.1/../../../../arm-none-eabi/lib/thumb/v7e-m/fpv4-sp/hard\libc_nano.a(lib_a-localeconv.o)
                0x0000000008017694                _localeconv_r
 .text.__swhatbuf_r
                0x00000000080176b0       0x48 c:/st2/stm32cubeide_1.5.1/stm32cubeide/plugins/com.st.stm32cube.ide.mcu.externaltools.gnu-tools-for-stm32.7-2018-q2-update.win32_1.5.0.202011040924/tools/bin/../lib/gcc/arm-none-eabi/7.3.1/../../../../arm-none-eabi/lib/thumb/v7e-m/fpv4-sp/hard\libc_nano.a(lib_a-makebuf.o)
                0x00000000080176b0                __swhatbuf_r
 .text.__smakebuf_r
                0x00000000080176f8       0x80 c:/st2/stm32cubeide_1.5.1/stm32cubeide/plugins/com.st.stm32cube.ide.mcu.externaltools.gnu-tools-for-stm32.7-2018-q2-update.win32_1.5.0.202011040924/tools/bin/../lib/gcc/arm-none-eabi/7.3.1/../../../../arm-none-eabi/lib/thumb/v7e-m/fpv4-sp/hard\libc_nano.a(lib_a-makebuf.o)
                0x00000000080176f8                __smakebuf_r
 .text.malloc   0x0000000008017778       0x10 c:/st2/stm32cubeide_1.5.1/stm32cubeide/plugins/com.st.stm32cube.ide.mcu.externaltools.gnu-tools-for-stm32.7-2018-q2-update.win32_1.5.0.202011040924/tools/bin/../lib/gcc/arm-none-eabi/7.3.1/../../../../arm-none-eabi/lib/thumb/v7e-m/fpv4-sp/hard\libc_nano.a(lib_a-malloc.o)
                0x0000000008017778                malloc
 .text._Balloc  0x0000000008017788       0x68 c:/st2/stm32cubeide_1.5.1/stm32cubeide/plugins/com.st.stm32cube.ide.mcu.externaltools.gnu-tools-for-stm32.7-2018-q2-update.win32_1.5.0.202011040924/tools/bin/../lib/gcc/arm-none-eabi/7.3.1/../../../../arm-none-eabi/lib/thumb/v7e-m/fpv4-sp/hard\libc_nano.a(lib_a-mprec.o)
                0x0000000008017788                _Balloc
 .text._Bfree   0x00000000080177f0       0x2e c:/st2/stm32cubeide_1.5.1/stm32cubeide/plugins/com.st.stm32cube.ide.mcu.externaltools.gnu-tools-for-stm32.7-2018-q2-update.win32_1.5.0.202011040924/tools/bin/../lib/gcc/arm-none-eabi/7.3.1/../../../../arm-none-eabi/lib/thumb/v7e-m/fpv4-sp/hard\libc_nano.a(lib_a-mprec.o)
                0x00000000080177f0                _Bfree
 .text.__multadd
                0x000000000801781e       0x76 c:/st2/stm32cubeide_1.5.1/stm32cubeide/plugins/com.st.stm32cube.ide.mcu.externaltools.gnu-tools-for-stm32.7-2018-q2-update.win32_1.5.0.202011040924/tools/bin/../lib/gcc/arm-none-eabi/7.3.1/../../../../arm-none-eabi/lib/thumb/v7e-m/fpv4-sp/hard\libc_nano.a(lib_a-mprec.o)
                0x000000000801781e                __multadd
 .text.__hi0bits
                0x0000000008017894       0x3e c:/st2/stm32cubeide_1.5.1/stm32cubeide/plugins/com.st.stm32cube.ide.mcu.externaltools.gnu-tools-for-stm32.7-2018-q2-update.win32_1.5.0.202011040924/tools/bin/../lib/gcc/arm-none-eabi/7.3.1/../../../../arm-none-eabi/lib/thumb/v7e-m/fpv4-sp/hard\libc_nano.a(lib_a-mprec.o)
                0x0000000008017894                __hi0bits
 .text.__lo0bits
                0x00000000080178d2       0x5e c:/st2/stm32cubeide_1.5.1/stm32cubeide/plugins/com.st.stm32cube.ide.mcu.externaltools.gnu-tools-for-stm32.7-2018-q2-update.win32_1.5.0.202011040924/tools/bin/../lib/gcc/arm-none-eabi/7.3.1/../../../../arm-none-eabi/lib/thumb/v7e-m/fpv4-sp/hard\libc_nano.a(lib_a-mprec.o)
                0x00000000080178d2                __lo0bits
 .text.__i2b    0x0000000008017930       0x12 c:/st2/stm32cubeide_1.5.1/stm32cubeide/plugins/com.st.stm32cube.ide.mcu.externaltools.gnu-tools-for-stm32.7-2018-q2-update.win32_1.5.0.202011040924/tools/bin/../lib/gcc/arm-none-eabi/7.3.1/../../../../arm-none-eabi/lib/thumb/v7e-m/fpv4-sp/hard\libc_nano.a(lib_a-mprec.o)
                0x0000000008017930                __i2b
 .text.__multiply
                0x0000000008017942      0x12c c:/st2/stm32cubeide_1.5.1/stm32cubeide/plugins/com.st.stm32cube.ide.mcu.externaltools.gnu-tools-for-stm32.7-2018-q2-update.win32_1.5.0.202011040924/tools/bin/../lib/gcc/arm-none-eabi/7.3.1/../../../../arm-none-eabi/lib/thumb/v7e-m/fpv4-sp/hard\libc_nano.a(lib_a-mprec.o)
                0x0000000008017942                __multiply
 *fill*         0x0000000008017a6e        0x2 
 .text.__pow5mult
                0x0000000008017a70       0x9c c:/st2/stm32cubeide_1.5.1/stm32cubeide/plugins/com.st.stm32cube.ide.mcu.externaltools.gnu-tools-for-stm32.7-2018-q2-update.win32_1.5.0.202011040924/tools/bin/../lib/gcc/arm-none-eabi/7.3.1/../../../../arm-none-eabi/lib/thumb/v7e-m/fpv4-sp/hard\libc_nano.a(lib_a-mprec.o)
                0x0000000008017a70                __pow5mult
 .text.__lshift
                0x0000000008017b0c       0xa8 c:/st2/stm32cubeide_1.5.1/stm32cubeide/plugins/com.st.stm32cube.ide.mcu.externaltools.gnu-tools-for-stm32.7-2018-q2-update.win32_1.5.0.202011040924/tools/bin/../lib/gcc/arm-none-eabi/7.3.1/../../../../arm-none-eabi/lib/thumb/v7e-m/fpv4-sp/hard\libc_nano.a(lib_a-mprec.o)
                0x0000000008017b0c                __lshift
 .text.__mcmp   0x0000000008017bb4       0x34 c:/st2/stm32cubeide_1.5.1/stm32cubeide/plugins/com.st.stm32cube.ide.mcu.externaltools.gnu-tools-for-stm32.7-2018-q2-update.win32_1.5.0.202011040924/tools/bin/../lib/gcc/arm-none-eabi/7.3.1/../../../../arm-none-eabi/lib/thumb/v7e-m/fpv4-sp/hard\libc_nano.a(lib_a-mprec.o)
                0x0000000008017bb4                __mcmp
 .text.__mdiff  0x0000000008017be8       0xba c:/st2/stm32cubeide_1.5.1/stm32cubeide/plugins/com.st.stm32cube.ide.mcu.externaltools.gnu-tools-for-stm32.7-2018-q2-update.win32_1.5.0.202011040924/tools/bin/../lib/gcc/arm-none-eabi/7.3.1/../../../../arm-none-eabi/lib/thumb/v7e-m/fpv4-sp/hard\libc_nano.a(lib_a-mprec.o)
                0x0000000008017be8                __mdiff
 .text.__d2b    0x0000000008017ca2       0x9e c:/st2/stm32cubeide_1.5.1/stm32cubeide/plugins/com.st.stm32cube.ide.mcu.externaltools.gnu-tools-for-stm32.7-2018-q2-update.win32_1.5.0.202011040924/tools/bin/../lib/gcc/arm-none-eabi/7.3.1/../../../../arm-none-eabi/lib/thumb/v7e-m/fpv4-sp/hard\libc_nano.a(lib_a-mprec.o)
                0x0000000008017ca2                __d2b
 .text._calloc_r
                0x0000000008017d40       0x1c c:/st2/stm32cubeide_1.5.1/stm32cubeide/plugins/com.st.stm32cube.ide.mcu.externaltools.gnu-tools-for-stm32.7-2018-q2-update.win32_1.5.0.202011040924/tools/bin/../lib/gcc/arm-none-eabi/7.3.1/../../../../arm-none-eabi/lib/thumb/v7e-m/fpv4-sp/hard\libc_nano.a(lib_a-nano-callocr.o)
                0x0000000008017d40                _calloc_r
 .text._free_r  0x0000000008017d5c       0x9c c:/st2/stm32cubeide_1.5.1/stm32cubeide/plugins/com.st.stm32cube.ide.mcu.externaltools.gnu-tools-for-stm32.7-2018-q2-update.win32_1.5.0.202011040924/tools/bin/../lib/gcc/arm-none-eabi/7.3.1/../../../../arm-none-eabi/lib/thumb/v7e-m/fpv4-sp/hard\libc_nano.a(lib_a-nano-freer.o)
                0x0000000008017d5c                _free_r
 .text._malloc_r
                0x0000000008017df8       0xb4 c:/st2/stm32cubeide_1.5.1/stm32cubeide/plugins/com.st.stm32cube.ide.mcu.externaltools.gnu-tools-for-stm32.7-2018-q2-update.win32_1.5.0.202011040924/tools/bin/../lib/gcc/arm-none-eabi/7.3.1/../../../../arm-none-eabi/lib/thumb/v7e-m/fpv4-sp/hard\libc_nano.a(lib_a-nano-mallocr.o)
                0x0000000008017df8                _malloc_r
 .text.__sfputc_r
                0x0000000008017eac       0x2e c:/st2/stm32cubeide_1.5.1/stm32cubeide/plugins/com.st.stm32cube.ide.mcu.externaltools.gnu-tools-for-stm32.7-2018-q2-update.win32_1.5.0.202011040924/tools/bin/../lib/gcc/arm-none-eabi/7.3.1/../../../../arm-none-eabi/lib/thumb/v7e-m/fpv4-sp/hard\libc_nano.a(lib_a-nano-vfprintf.o)
 .text.__sfputs_r
                0x0000000008017eda       0x24 c:/st2/stm32cubeide_1.5.1/stm32cubeide/plugins/com.st.stm32cube.ide.mcu.externaltools.gnu-tools-for-stm32.7-2018-q2-update.win32_1.5.0.202011040924/tools/bin/../lib/gcc/arm-none-eabi/7.3.1/../../../../arm-none-eabi/lib/thumb/v7e-m/fpv4-sp/hard\libc_nano.a(lib_a-nano-vfprintf.o)
                0x0000000008017eda                __sfputs_r
 *fill*         0x0000000008017efe        0x2 
 .text._vfprintf_r
                0x0000000008017f00      0x22c c:/st2/stm32cubeide_1.5.1/stm32cubeide/plugins/com.st.stm32cube.ide.mcu.externaltools.gnu-tools-for-stm32.7-2018-q2-update.win32_1.5.0.202011040924/tools/bin/../lib/gcc/arm-none-eabi/7.3.1/../../../../arm-none-eabi/lib/thumb/v7e-m/fpv4-sp/hard\libc_nano.a(lib_a-nano-vfprintf.o)
                0x0000000008017f00                _vfprintf_r
                0x0000000008017f00                _vfiprintf_r
 .text._sbrk_r  0x000000000801812c       0x20 c:/st2/stm32cubeide_1.5.1/stm32cubeide/plugins/com.st.stm32cube.ide.mcu.externaltools.gnu-tools-for-stm32.7-2018-q2-update.win32_1.5.0.202011040924/tools/bin/../lib/gcc/arm-none-eabi/7.3.1/../../../../arm-none-eabi/lib/thumb/v7e-m/fpv4-sp/hard\libc_nano.a(lib_a-sbrkr.o)
                0x000000000801812c                _sbrk_r
 .text.__sread  0x000000000801814c       0x22 c:/st2/stm32cubeide_1.5.1/stm32cubeide/plugins/com.st.stm32cube.ide.mcu.externaltools.gnu-tools-for-stm32.7-2018-q2-update.win32_1.5.0.202011040924/tools/bin/../lib/gcc/arm-none-eabi/7.3.1/../../../../arm-none-eabi/lib/thumb/v7e-m/fpv4-sp/hard\libc_nano.a(lib_a-stdio.o)
                0x000000000801814c                __sread
 .text.__swrite
                0x000000000801816e       0x38 c:/st2/stm32cubeide_1.5.1/stm32cubeide/plugins/com.st.stm32cube.ide.mcu.externaltools.gnu-tools-for-stm32.7-2018-q2-update.win32_1.5.0.202011040924/tools/bin/../lib/gcc/arm-none-eabi/7.3.1/../../../../arm-none-eabi/lib/thumb/v7e-m/fpv4-sp/hard\libc_nano.a(lib_a-stdio.o)
                0x000000000801816e                __swrite
 .text.__sseek  0x00000000080181a6       0x24 c:/st2/stm32cubeide_1.5.1/stm32cubeide/plugins/com.st.stm32cube.ide.mcu.externaltools.gnu-tools-for-stm32.7-2018-q2-update.win32_1.5.0.202011040924/tools/bin/../lib/gcc/arm-none-eabi/7.3.1/../../../../arm-none-eabi/lib/thumb/v7e-m/fpv4-sp/hard\libc_nano.a(lib_a-stdio.o)
                0x00000000080181a6                __sseek
 .text.__sclose
                0x00000000080181ca        0x8 c:/st2/stm32cubeide_1.5.1/stm32cubeide/plugins/com.st.stm32cube.ide.mcu.externaltools.gnu-tools-for-stm32.7-2018-q2-update.win32_1.5.0.202011040924/tools/bin/../lib/gcc/arm-none-eabi/7.3.1/../../../../arm-none-eabi/lib/thumb/v7e-m/fpv4-sp/hard\libc_nano.a(lib_a-stdio.o)
                0x00000000080181ca                __sclose
 *fill*         0x00000000080181d2        0x2 
 .text._write_r
                0x00000000080181d4       0x24 c:/st2/stm32cubeide_1.5.1/stm32cubeide/plugins/com.st.stm32cube.ide.mcu.externaltools.gnu-tools-for-stm32.7-2018-q2-update.win32_1.5.0.202011040924/tools/bin/../lib/gcc/arm-none-eabi/7.3.1/../../../../arm-none-eabi/lib/thumb/v7e-m/fpv4-sp/hard\libc_nano.a(lib_a-writer.o)
                0x00000000080181d4                _write_r
 .text._close_r
                0x00000000080181f8       0x20 c:/st2/stm32cubeide_1.5.1/stm32cubeide/plugins/com.st.stm32cube.ide.mcu.externaltools.gnu-tools-for-stm32.7-2018-q2-update.win32_1.5.0.202011040924/tools/bin/../lib/gcc/arm-none-eabi/7.3.1/../../../../arm-none-eabi/lib/thumb/v7e-m/fpv4-sp/hard\libc_nano.a(lib_a-closer.o)
                0x00000000080181f8                _close_r
 .text._fstat_r
                0x0000000008018218       0x24 c:/st2/stm32cubeide_1.5.1/stm32cubeide/plugins/com.st.stm32cube.ide.mcu.externaltools.gnu-tools-for-stm32.7-2018-q2-update.win32_1.5.0.202011040924/tools/bin/../lib/gcc/arm-none-eabi/7.3.1/../../../../arm-none-eabi/lib/thumb/v7e-m/fpv4-sp/hard\libc_nano.a(lib_a-fstatr.o)
                0x0000000008018218                _fstat_r
 .text._isatty_r
                0x000000000801823c       0x20 c:/st2/stm32cubeide_1.5.1/stm32cubeide/plugins/com.st.stm32cube.ide.mcu.externaltools.gnu-tools-for-stm32.7-2018-q2-update.win32_1.5.0.202011040924/tools/bin/../lib/gcc/arm-none-eabi/7.3.1/../../../../arm-none-eabi/lib/thumb/v7e-m/fpv4-sp/hard\libc_nano.a(lib_a-isattyr.o)
                0x000000000801823c                _isatty_r
 .text._lseek_r
                0x000000000801825c       0x24 c:/st2/stm32cubeide_1.5.1/stm32cubeide/plugins/com.st.stm32cube.ide.mcu.externaltools.gnu-tools-for-stm32.7-2018-q2-update.win32_1.5.0.202011040924/tools/bin/../lib/gcc/arm-none-eabi/7.3.1/../../../../arm-none-eabi/lib/thumb/v7e-m/fpv4-sp/hard\libc_nano.a(lib_a-lseekr.o)
                0x000000000801825c                _lseek_r
 .text.__ascii_mbtowc
                0x0000000008018280       0x24 c:/st2/stm32cubeide_1.5.1/stm32cubeide/plugins/com.st.stm32cube.ide.mcu.externaltools.gnu-tools-for-stm32.7-2018-q2-update.win32_1.5.0.202011040924/tools/bin/../lib/gcc/arm-none-eabi/7.3.1/../../../../arm-none-eabi/lib/thumb/v7e-m/fpv4-sp/hard\libc_nano.a(lib_a-mbtowc_r.o)
                0x0000000008018280                __ascii_mbtowc
 .text.__malloc_lock
                0x00000000080182a4        0x2 c:/st2/stm32cubeide_1.5.1/stm32cubeide/plugins/com.st.stm32cube.ide.mcu.externaltools.gnu-tools-for-stm32.7-2018-q2-update.win32_1.5.0.202011040924/tools/bin/../lib/gcc/arm-none-eabi/7.3.1/../../../../arm-none-eabi/lib/thumb/v7e-m/fpv4-sp/hard\libc_nano.a(lib_a-mlock.o)
                0x00000000080182a4                __malloc_lock
 .text.__malloc_unlock
                0x00000000080182a6        0x2 c:/st2/stm32cubeide_1.5.1/stm32cubeide/plugins/com.st.stm32cube.ide.mcu.externaltools.gnu-tools-for-stm32.7-2018-q2-update.win32_1.5.0.202011040924/tools/bin/../lib/gcc/arm-none-eabi/7.3.1/../../../../arm-none-eabi/lib/thumb/v7e-m/fpv4-sp/hard\libc_nano.a(lib_a-mlock.o)
                0x00000000080182a6                __malloc_unlock
 .text._read_r  0x00000000080182a8       0x24 c:/st2/stm32cubeide_1.5.1/stm32cubeide/plugins/com.st.stm32cube.ide.mcu.externaltools.gnu-tools-for-stm32.7-2018-q2-update.win32_1.5.0.202011040924/tools/bin/../lib/gcc/arm-none-eabi/7.3.1/../../../../arm-none-eabi/lib/thumb/v7e-m/fpv4-sp/hard\libc_nano.a(lib_a-readr.o)
                0x00000000080182a8                _read_r
 .text.__ascii_wctomb
                0x00000000080182cc       0x1a c:/st2/stm32cubeide_1.5.1/stm32cubeide/plugins/com.st.stm32cube.ide.mcu.externaltools.gnu-tools-for-stm32.7-2018-q2-update.win32_1.5.0.202011040924/tools/bin/../lib/gcc/arm-none-eabi/7.3.1/../../../../arm-none-eabi/lib/thumb/v7e-m/fpv4-sp/hard\libc_nano.a(lib_a-wctomb_r.o)
                0x00000000080182cc                __ascii_wctomb
 *(.glue_7)
 .glue_7        0x00000000080182e6        0x0 linker stubs
 *(.glue_7t)
 .glue_7t       0x00000000080182e6        0x0 linker stubs
 *(.eh_frame)
 *fill*         0x00000000080182e6        0x2 
 .eh_frame      0x00000000080182e8        0x0 c:/st2/stm32cubeide_1.5.1/stm32cubeide/plugins/com.st.stm32cube.ide.mcu.externaltools.gnu-tools-for-stm32.7-2018-q2-update.win32_1.5.0.202011040924/tools/bin/../lib/gcc/arm-none-eabi/7.3.1/thumb/v7e-m/fpv4-sp/hard/crtbegin.o
 *(.init)
 .init          0x00000000080182e8        0x4 c:/st2/stm32cubeide_1.5.1/stm32cubeide/plugins/com.st.stm32cube.ide.mcu.externaltools.gnu-tools-for-stm32.7-2018-q2-update.win32_1.5.0.202011040924/tools/bin/../lib/gcc/arm-none-eabi/7.3.1/thumb/v7e-m/fpv4-sp/hard/crti.o
                0x00000000080182e8                _init
 .init          0x00000000080182ec        0x8 c:/st2/stm32cubeide_1.5.1/stm32cubeide/plugins/com.st.stm32cube.ide.mcu.externaltools.gnu-tools-for-stm32.7-2018-q2-update.win32_1.5.0.202011040924/tools/bin/../lib/gcc/arm-none-eabi/7.3.1/thumb/v7e-m/fpv4-sp/hard/crtn.o
 *(.fini)
 .fini          0x00000000080182f4        0x4 c:/st2/stm32cubeide_1.5.1/stm32cubeide/plugins/com.st.stm32cube.ide.mcu.externaltools.gnu-tools-for-stm32.7-2018-q2-update.win32_1.5.0.202011040924/tools/bin/../lib/gcc/arm-none-eabi/7.3.1/thumb/v7e-m/fpv4-sp/hard/crti.o
                0x00000000080182f4                _fini
 .fini          0x00000000080182f8        0x8 c:/st2/stm32cubeide_1.5.1/stm32cubeide/plugins/com.st.stm32cube.ide.mcu.externaltools.gnu-tools-for-stm32.7-2018-q2-update.win32_1.5.0.202011040924/tools/bin/../lib/gcc/arm-none-eabi/7.3.1/thumb/v7e-m/fpv4-sp/hard/crtn.o
                0x0000000008018300                . = ALIGN (0x4)
                0x0000000008018300                _etext = .

.vfp11_veneer   0x0000000008018300        0x0
 .vfp11_veneer  0x0000000008018300        0x0 linker stubs

.v4_bx          0x0000000008018300        0x0
 .v4_bx         0x0000000008018300        0x0 linker stubs

.iplt           0x0000000008018300        0x0
 .iplt          0x0000000008018300        0x0 c:/st2/stm32cubeide_1.5.1/stm32cubeide/plugins/com.st.stm32cube.ide.mcu.externaltools.gnu-tools-for-stm32.7-2018-q2-update.win32_1.5.0.202011040924/tools/bin/../lib/gcc/arm-none-eabi/7.3.1/thumb/v7e-m/fpv4-sp/hard/crtbegin.o

.rodata         0x0000000008018300      0x440
                0x0000000008018300                . = ALIGN (0x4)
 *(.rodata)
 .rodata        0x0000000008018300      0x15c Core/Src/main.o
 *(.rodata*)
 .rodata.start_adress_sector8
                0x000000000801845c        0x4 Core/Src/Flash_F405.o
                0x000000000801845c                start_adress_sector8
 .rodata.AHBPrescTable
                0x0000000008018460       0x10 Core/Src/system_stm32f4xx.o
                0x0000000008018460                AHBPrescTable
 .rodata.APBPrescTable
                0x0000000008018470        0x8 Core/Src/system_stm32f4xx.o
                0x0000000008018470                APBPrescTable
 .rodata.flagBitshiftOffset.8292
                0x0000000008018478        0x8 Drivers/STM32F4xx_HAL_Driver/Src/stm32f4xx_hal_dma.o
 .rodata._global_impure_ptr
                0x0000000008018480        0x4 c:/st2/stm32cubeide_1.5.1/stm32cubeide/plugins/com.st.stm32cube.ide.mcu.externaltools.gnu-tools-for-stm32.7-2018-q2-update.win32_1.5.0.202011040924/tools/bin/../lib/gcc/arm-none-eabi/7.3.1/../../../../arm-none-eabi/lib/thumb/v7e-m/fpv4-sp/hard\libc_nano.a(lib_a-impure.o)
                0x0000000008018480                _global_impure_ptr
 .rodata._printf_float.str1.1
                0x0000000008018484       0x12 c:/st2/stm32cubeide_1.5.1/stm32cubeide/plugins/com.st.stm32cube.ide.mcu.externaltools.gnu-tools-for-stm32.7-2018-q2-update.win32_1.5.0.202011040924/tools/bin/../lib/gcc/arm-none-eabi/7.3.1/../../../../arm-none-eabi/lib/thumb/v7e-m/fpv4-sp/hard\libc_nano.a(lib_a-nano-vfprintf_float.o)
 .rodata._printf_i.str1.1
                0x0000000008018496       0x22 c:/st2/stm32cubeide_1.5.1/stm32cubeide/plugins/com.st.stm32cube.ide.mcu.externaltools.gnu-tools-for-stm32.7-2018-q2-update.win32_1.5.0.202011040924/tools/bin/../lib/gcc/arm-none-eabi/7.3.1/../../../../arm-none-eabi/lib/thumb/v7e-m/fpv4-sp/hard\libc_nano.a(lib_a-nano-vfprintf_i.o)
 .rodata._dtoa_r.str1.1
                0x00000000080184b8        0xd c:/st2/stm32cubeide_1.5.1/stm32cubeide/plugins/com.st.stm32cube.ide.mcu.externaltools.gnu-tools-for-stm32.7-2018-q2-update.win32_1.5.0.202011040924/tools/bin/../lib/gcc/arm-none-eabi/7.3.1/../../../../arm-none-eabi/lib/thumb/v7e-m/fpv4-sp/hard\libc_nano.a(lib_a-dtoa.o)
                                          0xf (size before relaxing)
 *fill*         0x00000000080184c5        0x3 
 .rodata.__sf_fake_stderr
                0x00000000080184c8       0x20 c:/st2/stm32cubeide_1.5.1/stm32cubeide/plugins/com.st.stm32cube.ide.mcu.externaltools.gnu-tools-for-stm32.7-2018-q2-update.win32_1.5.0.202011040924/tools/bin/../lib/gcc/arm-none-eabi/7.3.1/../../../../arm-none-eabi/lib/thumb/v7e-m/fpv4-sp/hard\libc_nano.a(lib_a-findfp.o)
                0x00000000080184c8                __sf_fake_stderr
 .rodata.__sf_fake_stdin
                0x00000000080184e8       0x20 c:/st2/stm32cubeide_1.5.1/stm32cubeide/plugins/com.st.stm32cube.ide.mcu.externaltools.gnu-tools-for-stm32.7-2018-q2-update.win32_1.5.0.202011040924/tools/bin/../lib/gcc/arm-none-eabi/7.3.1/../../../../arm-none-eabi/lib/thumb/v7e-m/fpv4-sp/hard\libc_nano.a(lib_a-findfp.o)
                0x00000000080184e8                __sf_fake_stdin
 .rodata.__sf_fake_stdout
                0x0000000008018508       0x20 c:/st2/stm32cubeide_1.5.1/stm32cubeide/plugins/com.st.stm32cube.ide.mcu.externaltools.gnu-tools-for-stm32.7-2018-q2-update.win32_1.5.0.202011040924/tools/bin/../lib/gcc/arm-none-eabi/7.3.1/../../../../arm-none-eabi/lib/thumb/v7e-m/fpv4-sp/hard\libc_nano.a(lib_a-findfp.o)
                0x0000000008018508                __sf_fake_stdout
 .rodata.__mprec_bigtens
                0x0000000008018528       0x28 c:/st2/stm32cubeide_1.5.1/stm32cubeide/plugins/com.st.stm32cube.ide.mcu.externaltools.gnu-tools-for-stm32.7-2018-q2-update.win32_1.5.0.202011040924/tools/bin/../lib/gcc/arm-none-eabi/7.3.1/../../../../arm-none-eabi/lib/thumb/v7e-m/fpv4-sp/hard\libc_nano.a(lib_a-mprec.o)
                0x0000000008018528                __mprec_bigtens
 .rodata.__mprec_tens
                0x0000000008018550       0xc8 c:/st2/stm32cubeide_1.5.1/stm32cubeide/plugins/com.st.stm32cube.ide.mcu.externaltools.gnu-tools-for-stm32.7-2018-q2-update.win32_1.5.0.202011040924/tools/bin/../lib/gcc/arm-none-eabi/7.3.1/../../../../arm-none-eabi/lib/thumb/v7e-m/fpv4-sp/hard\libc_nano.a(lib_a-mprec.o)
                0x0000000008018550                __mprec_tens
 .rodata.p05.7359
                0x0000000008018618        0xc c:/st2/stm32cubeide_1.5.1/stm32cubeide/plugins/com.st.stm32cube.ide.mcu.externaltools.gnu-tools-for-stm32.7-2018-q2-update.win32_1.5.0.202011040924/tools/bin/../lib/gcc/arm-none-eabi/7.3.1/../../../../arm-none-eabi/lib/thumb/v7e-m/fpv4-sp/hard\libc_nano.a(lib_a-mprec.o)
 .rodata._vfprintf_r.str1.1
                0x0000000008018624       0x11 c:/st2/stm32cubeide_1.5.1/stm32cubeide/plugins/com.st.stm32cube.ide.mcu.externaltools.gnu-tools-for-stm32.7-2018-q2-update.win32_1.5.0.202011040924/tools/bin/../lib/gcc/arm-none-eabi/7.3.1/../../../../arm-none-eabi/lib/thumb/v7e-m/fpv4-sp/hard\libc_nano.a(lib_a-nano-vfprintf.o)
 .rodata._setlocale_r.str1.1
                0x0000000008018635        0x8 c:/st2/stm32cubeide_1.5.1/stm32cubeide/plugins/com.st.stm32cube.ide.mcu.externaltools.gnu-tools-for-stm32.7-2018-q2-update.win32_1.5.0.202011040924/tools/bin/../lib/gcc/arm-none-eabi/7.3.1/../../../../arm-none-eabi/lib/thumb/v7e-m/fpv4-sp/hard\libc_nano.a(lib_a-locale.o)
                                          0x9 (size before relaxing)
 .rodata.str1.1
                0x000000000801863d        0x2 c:/st2/stm32cubeide_1.5.1/stm32cubeide/plugins/com.st.stm32cube.ide.mcu.externaltools.gnu-tools-for-stm32.7-2018-q2-update.win32_1.5.0.202011040924/tools/bin/../lib/gcc/arm-none-eabi/7.3.1/../../../../arm-none-eabi/lib/thumb/v7e-m/fpv4-sp/hard\libc_nano.a(lib_a-locale.o)
 .rodata._ctype_
                0x000000000801863f      0x101 c:/st2/stm32cubeide_1.5.1/stm32cubeide/plugins/com.st.stm32cube.ide.mcu.externaltools.gnu-tools-for-stm32.7-2018-q2-update.win32_1.5.0.202011040924/tools/bin/../lib/gcc/arm-none-eabi/7.3.1/../../../../arm-none-eabi/lib/thumb/v7e-m/fpv4-sp/hard\libc_nano.a(lib_a-ctype_.o)
                0x000000000801863f                _ctype_
                0x0000000008018740                . = ALIGN (0x4)

.ARM.extab      0x0000000008018740        0x0
                0x0000000008018740                . = ALIGN (0x4)
 *(.ARM.extab* .gnu.linkonce.armextab.*)
                0x0000000008018740                . = ALIGN (0x4)

.ARM            0x0000000008018740        0x8
                0x0000000008018740                . = ALIGN (0x4)
                0x0000000008018740                __exidx_start = .
 *(.ARM.exidx*)
 .ARM.exidx     0x0000000008018740        0x8 c:/st2/stm32cubeide_1.5.1/stm32cubeide/plugins/com.st.stm32cube.ide.mcu.externaltools.gnu-tools-for-stm32.7-2018-q2-update.win32_1.5.0.202011040924/tools/bin/../lib/gcc/arm-none-eabi/7.3.1/thumb/v7e-m/fpv4-sp/hard\libgcc.a(_udivmoddi4.o)
                0x0000000008018748                __exidx_end = .
                0x0000000008018748                . = ALIGN (0x4)

.rel.dyn        0x0000000008018748        0x0
 .rel.iplt      0x0000000008018748        0x0 c:/st2/stm32cubeide_1.5.1/stm32cubeide/plugins/com.st.stm32cube.ide.mcu.externaltools.gnu-tools-for-stm32.7-2018-q2-update.win32_1.5.0.202011040924/tools/bin/../lib/gcc/arm-none-eabi/7.3.1/thumb/v7e-m/fpv4-sp/hard/crtbegin.o

.preinit_array  0x0000000008018748        0x0
                0x0000000008018748                . = ALIGN (0x4)
                0x0000000008018748                PROVIDE (__preinit_array_start = .)
 *(.preinit_array*)
                0x0000000008018748                PROVIDE (__preinit_array_end = .)
                0x0000000008018748                . = ALIGN (0x4)

.init_array     0x0000000008018748        0x4
                0x0000000008018748                . = ALIGN (0x4)
                0x0000000008018748                PROVIDE (__init_array_start = .)
 *(SORT_BY_NAME(.init_array.*))
 *(.init_array*)
 .init_array    0x0000000008018748        0x4 c:/st2/stm32cubeide_1.5.1/stm32cubeide/plugins/com.st.stm32cube.ide.mcu.externaltools.gnu-tools-for-stm32.7-2018-q2-update.win32_1.5.0.202011040924/tools/bin/../lib/gcc/arm-none-eabi/7.3.1/thumb/v7e-m/fpv4-sp/hard/crtbegin.o
                0x000000000801874c                PROVIDE (__init_array_end = .)
                0x000000000801874c                . = ALIGN (0x4)

.fini_array     0x000000000801874c        0x4
                0x000000000801874c                . = ALIGN (0x4)
                [!provide]                        PROVIDE (__fini_array_start = .)
 *(SORT_BY_NAME(.fini_array.*))
 *(.fini_array*)
 .fini_array    0x000000000801874c        0x4 c:/st2/stm32cubeide_1.5.1/stm32cubeide/plugins/com.st.stm32cube.ide.mcu.externaltools.gnu-tools-for-stm32.7-2018-q2-update.win32_1.5.0.202011040924/tools/bin/../lib/gcc/arm-none-eabi/7.3.1/thumb/v7e-m/fpv4-sp/hard/crtbegin.o
                [!provide]                        PROVIDE (__fini_array_end = .)
                0x0000000008018750                . = ALIGN (0x4)
                0x0000000008018750                _sidata = LOADADDR (.data)

.data           0x0000000020000000      0x250 load address 0x0000000008018750
                0x0000000020000000                . = ALIGN (0x4)
                0x0000000020000000                _sdata = .
 *(.data)
 *(.data*)
 .data.Target_pulse
                0x0000000020000000        0x4 Core/Src/main.o
                0x0000000020000000                Target_pulse
 .data.Target_pul_quarter
                0x0000000020000004        0x4 Core/Src/main.o
                0x0000000020000004                Target_pul_quarter
 .data.a_start  0x0000000020000008        0x4 Core/Src/main.o
                0x0000000020000008                a_start
 .data.a        0x000000002000000c        0x4 Core/Src/main.o
                0x000000002000000c                a
 .data.a_curve  0x0000000020000010        0x4 Core/Src/main.o
                0x0000000020000010                a_curve
 .data.distance_wall_right
                0x0000000020000014        0x4 Core/Src/main.o
                0x0000000020000014                distance_wall_right
 .data.distance_wall_left